Archive member included to satisfy reference by file (symbol)

/Applications/ArmGNUToolchain/15.2.rel1/arm-none-eabi/bin/../lib/gcc/arm-none-eabi/15.2.1/thumb/v6-m/nofp/libgcc.a(_dvmd_tls.o)
                              CMakeFiles/C1ZZL3_reverb15_midi_experimental.dir/Users/adrianvos/pico-sdk/src/rp2_common/pico_divider/divider_hardware.S.o (__aeabi_idiv0)
/Applications/ArmGNUToolchain/15.2.rel1/arm-none-eabi/bin/../lib/gcc/arm-none-eabi/15.2.1/../../../../arm-none-eabi/lib/thumb/v6-m/nofp/libg.a(libc_a-calloc.o)
                              CMakeFiles/C1ZZL3_reverb15_midi_experimental.dir/Users/adrianvos/pico-sdk/src/rp2_common/pico_malloc/malloc.c.o (calloc)
/Applications/ArmGNUToolchain/15.2.rel1/arm-none-eabi/bin/../lib/gcc/arm-none-eabi/15.2.1/../../../../arm-none-eabi/lib/thumb/v6-m/nofp/libg.a(libc_a-callocr.o)
                              /Applications/ArmGNUToolchain/15.2.rel1/arm-none-eabi/bin/../lib/gcc/arm-none-eabi/15.2.1/../../../../arm-none-eabi/lib/thumb/v6-m/nofp/libg.a(libc_a-calloc.o) (_calloc_r)
/Applications/ArmGNUToolchain/15.2.rel1/arm-none-eabi/bin/../lib/gcc/arm-none-eabi/15.2.1/../../../../arm-none-eabi/lib/thumb/v6-m/nofp/libg.a(libc_a-malloc.o)
                              CMakeFiles/C1ZZL3_reverb15_midi_experimental.dir/Users/adrianvos/pico-sdk/src/rp2_common/pico_malloc/malloc.c.o (malloc)
/Applications/ArmGNUToolchain/15.2.rel1/arm-none-eabi/bin/../lib/gcc/arm-none-eabi/15.2.1/../../../../arm-none-eabi/lib/thumb/v6-m/nofp/libg.a(libc_a-mallocr.o)
                              /Applications/ArmGNUToolchain/15.2.rel1/arm-none-eabi/bin/../lib/gcc/arm-none-eabi/15.2.1/../../../../arm-none-eabi/lib/thumb/v6-m/nofp/libg.a(libc_a-callocr.o) (_malloc_r)
/Applications/ArmGNUToolchain/15.2.rel1/arm-none-eabi/bin/../lib/gcc/arm-none-eabi/15.2.1/../../../../arm-none-eabi/lib/thumb/v6-m/nofp/libg.a(libc_a-mlock.o)
                              /Applications/ArmGNUToolchain/15.2.rel1/arm-none-eabi/bin/../lib/gcc/arm-none-eabi/15.2.1/../../../../arm-none-eabi/lib/thumb/v6-m/nofp/libg.a(libc_a-mallocr.o) (__malloc_lock)
/Applications/ArmGNUToolchain/15.2.rel1/arm-none-eabi/bin/../lib/gcc/arm-none-eabi/15.2.1/../../../../arm-none-eabi/lib/thumb/v6-m/nofp/libg.a(libc_a-realloc.o)
                              CMakeFiles/C1ZZL3_reverb15_midi_experimental.dir/Users/adrianvos/pico-sdk/src/rp2_common/pico_malloc/malloc.c.o (realloc)
/Applications/ArmGNUToolchain/15.2.rel1/arm-none-eabi/bin/../lib/gcc/arm-none-eabi/15.2.1/../../../../arm-none-eabi/lib/thumb/v6-m/nofp/libg.a(libc_a-reallocr.o)
                              /Applications/ArmGNUToolchain/15.2.rel1/arm-none-eabi/bin/../lib/gcc/arm-none-eabi/15.2.1/../../../../arm-none-eabi/lib/thumb/v6-m/nofp/libg.a(libc_a-realloc.o) (_realloc_r)
/Applications/ArmGNUToolchain/15.2.rel1/arm-none-eabi/bin/../lib/gcc/arm-none-eabi/15.2.1/../../../../arm-none-eabi/lib/thumb/v6-m/nofp/libg.a(libc_a-memcmp.o)
                              CMakeFiles/C1ZZL3_reverb15_midi_experimental.dir/Users/adrianvos/pico-sdk/src/rp2_common/pico_atomic/atomic.c.o (memcmp)
/Applications/ArmGNUToolchain/15.2.rel1/arm-none-eabi/bin/../lib/gcc/arm-none-eabi/15.2.1/../../../../arm-none-eabi/lib/thumb/v6-m/nofp/libg.a(libc_a-memmove.o)
                              /Applications/ArmGNUToolchain/15.2.rel1/arm-none-eabi/bin/../lib/gcc/arm-none-eabi/15.2.1/../../../../arm-none-eabi/lib/thumb/v6-m/nofp/libg.a(libc_a-reallocr.o) (memmove)
/Applications/ArmGNUToolchain/15.2.rel1/arm-none-eabi/bin/../lib/gcc/arm-none-eabi/15.2.1/../../../../arm-none-eabi/lib/thumb/v6-m/nofp/libg.a(libc_a-lcltime_r.o)
                              CMakeFiles/C1ZZL3_reverb15_midi_experimental.dir/Users/adrianvos/pico-sdk/src/common/pico_util/datetime.c.o (localtime_r)
/Applications/ArmGNUToolchain/15.2.rel1/arm-none-eabi/bin/../lib/gcc/arm-none-eabi/15.2.1/../../../../arm-none-eabi/lib/thumb/v6-m/nofp/libg.a(libc_a-mktime.o)
                              CMakeFiles/C1ZZL3_reverb15_midi_experimental.dir/Users/adrianvos/pico-sdk/src/common/pico_util/datetime.c.o (mktime)
/Applications/ArmGNUToolchain/15.2.rel1/arm-none-eabi/bin/../lib/gcc/arm-none-eabi/15.2.1/../../../../arm-none-eabi/lib/thumb/v6-m/nofp/libg.a(libc_a-month_lengths.o)
                              /Applications/ArmGNUToolchain/15.2.rel1/arm-none-eabi/bin/../lib/gcc/arm-none-eabi/15.2.1/../../../../arm-none-eabi/lib/thumb/v6-m/nofp/libg.a(libc_a-lcltime_r.o) (__month_lengths)
/Applications/ArmGNUToolchain/15.2.rel1/arm-none-eabi/bin/../lib/gcc/arm-none-eabi/15.2.1/../../../../arm-none-eabi/lib/thumb/v6-m/nofp/libg.a(libc_a-tzcalc_limits.o)
                              /Applications/ArmGNUToolchain/15.2.rel1/arm-none-eabi/bin/../lib/gcc/arm-none-eabi/15.2.1/../../../../arm-none-eabi/lib/thumb/v6-m/nofp/libg.a(libc_a-lcltime_r.o) (__tzcalc_limits)
/Applications/ArmGNUToolchain/15.2.rel1/arm-none-eabi/bin/../lib/gcc/arm-none-eabi/15.2.1/../../../../arm-none-eabi/lib/thumb/v6-m/nofp/libg.a(libc_a-tzlock.o)
[...]
Memory Configuration

Name             Origin             Length             Attributes
FLASH            0x10000000         0x00200000         xr
RAM              0x20000000         0x00040000         xrw
SCRATCH_X        0x20040000         0x00001000         xrw
SCRATCH_Y        0x20041000         0x00001000         xrw
*default*        0x00000000         0xffffffff

Linker script and memory map

LOAD /Applications/ArmGNUToolchain/15.2.rel1/arm-none-eabi/bin/../lib/gcc/arm-none-eabi/15.2.1/thumb/v6-m/nofp/crti.o
LOAD /Applications/ArmGNUToolchain/15.2.rel1/arm-none-eabi/bin/../lib/gcc/arm-none-eabi/15.2.1/thumb/v6-m/nofp/crtbegin.o
LOAD /Applications/ArmGNUToolchain/15.2.rel1/arm-none-eabi/bin/../lib/gcc/arm-none-eabi/15.2.1/../../../../arm-none-eabi/lib/thumb/v6-m/nofp/crt0.o

.flash_begin    0x10000000        0x0
                0x10000000                        __flash_binary_start = .

.boot2          0x10000000      0x100
                0x10000000                        __boot2_start__ = .
 *(.boot2)
 .boot2         0x10000000      0x100 pico-sdk/src/rp2040/boot_stage2/CMakeFiles/bs2_default_library.dir/bs2_default_padded_checksummed.S.o
                0x10000100                        __boot2_end__ = .
                0x00000001                        ASSERT (((__boot2_end__ - __boot2_start__) == 0x100), ERROR: Pico second stage bootloader must be 256 bytes in size)

.flashtext      0x10000100      0x190
                0x10000100                        __logical_binary_start = .
 *(.vectors)
 .vectors       0x10000100       0xd4 CMakeFiles/C1ZZL3_reverb15_midi_experimental.dir/Users/adrianvos/pico-sdk/src/rp2_common/pico_crt0/crt0.S.o
                0x10000100                __VECTOR_TABLE
                0x10000100                __vectors
                0x100001c0                isr_irq13
                0x100001c0                isr_irq27
                0x100001c0                isr_irq31
                0x100001c0                isr_irq5
                0x100001c0                isr_irq11
                0x100001c0                isr_irq23
                0x100001c0                isr_irq18
                0x100001c0                isr_irq9
                0x100001c0                __unhandled_user_irq
                0x100001c0                isr_irq25
                0x100001c0                isr_irq4
                0x100001c0                isr_irq16
                0x100001c0                isr_irq29
                0x100001c0                isr_irq26
                0x100001c0                isr_irq3
                0x100001c0                isr_irq12
                0x100001c0                isr_irq30
                0x100001c0                isr_irq28
                0x100001c0                isr_irq19
                0x100001c0                isr_irq0
                0x100001c0                isr_irq6
                0x100001c0                isr_irq22
                0x100001c0                isr_irq17
                0x100001c0                isr_irq14
                0x100001c0                __vectors_end
                0x100001c0                __default_isrs_start
                0x100001c0                isr_irq2
                0x100001c0                isr_irq10
                0x100001c0                isr_irq8
                0x100001c0                isr_irq24
                0x100001c0                isr_irq1
                0x100001c0                isr_irq7
                0x100001c0                isr_irq21
                0x100001c0                isr_irq20
                0x100001c0                isr_irq15
                0x100001c6                unhandled_user_irq_num_in_r0
                0x100001c8                isr_invalid
                0x100001ca                isr_nmi
                0x100001cc                isr_hardfault
                0x100001ce                isr_svcall
                0x100001d0                isr_pendsv
                0x100001d2                isr_systick
                0x100001d4                __default_isrs_end
 *(.binary_info_header)
 .binary_info_header
                0x100001d4       0x14 CMakeFiles/C1ZZL3_reverb15_midi_experimental.dir/Users/adrianvos/pico-sdk/src/rp2_common/pico_crt0/crt0.S.o
                0x100001e8                        __binary_info_header_end = .
 *(.embedded_block)
                0x100001e8                        __embedded_block_end = .
 *(.reset)
 .reset         0x100001e8       0xa8 CMakeFiles/C1ZZL3_reverb15_midi_experimental.dir/Users/adrianvos/pico-sdk/src/rp2_common/pico_crt0/crt0.S.o
                0x100001e8                _entry_point

.rodata         0x10000290        0x0
 *(SORT_BY_ALIGNMENT(SORT_BY_NAME(.flashdata*)))
                0x10000290                        . = ALIGN (0x4)

.ARM.extab
 *(.ARM.extab* .gnu.linkonce.armextab.*)
                0x10000290                        __exidx_start = .

.ARM.exidx
 *(.ARM.exidx* .gnu.linkonce.armexidx.*)
                0x10000290                        __exidx_end = .
                0x10000290                        . = ALIGN (0x4)
                0x10000290                        __binary_info_start = .

.binary_info    0x10000290       0x24
 *(.binary_info.keep.*)
 .binary_info.keep.__bi_ptr84
                0x10000290        0x4 CMakeFiles/C1ZZL3_reverb15_midi_experimental.dir/Users/adrianvos/pico-sdk/src/rp2_common/pico_standard_binary_info/standard_binary_info.c.o
 .binary_info.keep.__bi_ptr78
                0x10000294        0x4 CMakeFiles/C1ZZL3_reverb15_midi_experimental.dir/Users/adrianvos/pico-sdk/src/rp2_common/pico_standard_binary_info/standard_binary_info.c.o
 .binary_info.keep.__bi_ptr54
                0x10000298        0x4 CMakeFiles/C1ZZL3_reverb15_midi_experimental.dir/Users/adrianvos/pico-sdk/src/rp2_common/pico_standard_binary_info/standard_binary_info.c.o
 .binary_info.keep.__bi_ptr48
                0x1000029c        0x4 CMakeFiles/C1ZZL3_reverb15_midi_experimental.dir/Users/adrianvos/pico-sdk/src/rp2_common/pico_standard_binary_info/standard_binary_info.c.o
 .binary_info.keep.__bi_ptr42
                0x100002a0        0x4 CMakeFiles/C1ZZL3_reverb15_midi_experimental.dir/Users/adrianvos/pico-sdk/src/rp2_common/pico_standard_binary_info/standard_binary_info.c.o
 .binary_info.keep.__bi_ptr34
                0x100002a4        0x4 CMakeFiles/C1ZZL3_reverb15_midi_experimental.dir/Users/adrianvos/pico-sdk/src/rp2_common/pico_standard_binary_info/standard_binary_info.c.o
 .binary_info.keep.__bi_ptr26
                0x100002a8        0x4 CMakeFiles/C1ZZL3_reverb15_midi_experimental.dir/Users/adrianvos/pico-sdk/src/rp2_common/pico_standard_binary_info/standard_binary_info.c.o
 .binary_info.keep.__bi_ptr163
                0x100002ac        0x4 CMakeFiles/C1ZZL3_reverb15_midi_experimental.dir/Users/adrianvos/pico-sdk/lib/tinyusb/hw/bsp/rp2040/family.c.o
 .binary_info.keep.__bi_ptr153
                0x100002b0        0x4 CMakeFiles/C1ZZL3_reverb15_midi_experimental.dir/Users/adrianvos/pico-sdk/lib/tinyusb/hw/bsp/rp2040/family.c.o
 *(.binary_info.*)
                0x100002b4                        __binary_info_end = .
                0x100002b4                        . = ALIGN (0x4)

.ram_vector_table
                0x20000000       0xc0
 *(.ram_vector_table)
 .ram_vector_table
                0x20000000       0xc0 CMakeFiles/C1ZZL3_reverb15_midi_experimental.dir/Users/adrianvos/pico-sdk/src/rp2_common/pico_runtime_init/runtime_init.c.o
                0x20000000                ram_vector_table

.uninitialized_data
                0x200000c0        0x0
                0x200000c0                        . = ALIGN (0x4)
 *(.uninitialized_data*)

.text           0x200000c0     0xa984 load address 0x100002b4
                0x200000c0                        __ram_text_start__ = .
 *(.init)
 .init          0x200000c0        0x4 /Applications/ArmGNUToolchain/15.2.rel1/arm-none-eabi/bin/../lib/gcc/arm-none-eabi/15.2.1/thumb/v6-m/nofp/crti.o
                0x200000c0                _init
 *(.text*)
 .text.register_tm_clones
                0x200000c4       0x28 /Applications/ArmGNUToolchain/15.2.rel1/arm-none-eabi/bin/../lib/gcc/arm-none-eabi/15.2.1/thumb/v6-m/nofp/crtbegin.o
 .text.frame_dummy
                0x200000ec       0x24 /Applications/ArmGNUToolchain/15.2.rel1/arm-none-eabi/bin/../lib/gcc/arm-none-eabi/15.2.1/thumb/v6-m/nofp/crtbegin.o
 .text._ZN12ComputerCard11OnCVPWMWrapEv
                0x20000110       0x70 CMakeFiles/C1ZZL3_reverb15_midi_experimental.dir/C1ZZL3.cpp.o
                0x20000110                ComputerCard::OnCVPWMWrap()
 .text._ZN12ComputerCard18ReadByteFromEEPROMEjRb.constprop.0
                0x20000180       0x94 CMakeFiles/C1ZZL3_reverb15_midi_experimental.dir/C1ZZL3.cpp.o
 .text._Z13usbMidiWorkerv
                0x20000214      0x3c8 CMakeFiles/C1ZZL3_reverb15_midi_experimental.dir/C1ZZL3.cpp.o
                0x20000214                usbMidiWorker()
 .text._ZN12ComputerCard13AudioCallbackEv
                0x200005dc       0x10 CMakeFiles/C1ZZL3_reverb15_midi_experimental.dir/C1ZZL3.cpp.o
                0x200005dc                ComputerCard::AudioCallback()
 .text._ZN12ComputerCard20ProbeHardwareVersionEv
                0x200005ec       0xc0 CMakeFiles/C1ZZL3_reverb15_midi_experimental.dir/C1ZZL3.cpp.o
                0x200005ec                ComputerCard::ProbeHardwareVersion()
 .text._ZN12ComputerCard13CalcCalCoeffsEi
                0x200006ac      0x484 CMakeFiles/C1ZZL3_reverb15_midi_experimental.dir/C1ZZL3.cpp.o
                0x200006ac                ComputerCard::CalcCalCoeffs(int)
 .text._ZN12ComputerCard10ReadEEPROMEv
                0x20000b30      0x370 CMakeFiles/C1ZZL3_reverb15_midi_experimental.dir/C1ZZL3.cpp.o
                0x20000b30                ComputerCard::ReadEEPROM()
 .text._ZN12ComputerCardC2Ev
                0x20000ea0      0x440 CMakeFiles/C1ZZL3_reverb15_midi_experimental.dir/C1ZZL3.cpp.o
                0x20000ea0                ComputerCard::ComputerCard()
                0x20000ea0                ComputerCard::ComputerCard()
 .text._ZN6C1ZZL316outputSynthVoiceElllll
                0x200012e0      0xdd8 CMakeFiles/C1ZZL3_reverb15_midi_experimental.dir/C1ZZL3.cpp.o
                0x200012e0                C1ZZL3::outputSynthVoice(long, long, long, long, long)
 .text._ZN6C1ZZL329savePerformanceStateIfChangedEv
                0x200020b8      0x124 CMakeFiles/C1ZZL3_reverb15_midi_experimental.dir/C1ZZL3.cpp.o
                0x200020b8                C1ZZL3::savePerformanceStateIfChanged()
 .text._ZN6C1ZZL313ProcessSampleEv
                0x200021dc     0x128c CMakeFiles/C1ZZL3_reverb15_midi_experimental.dir/C1ZZL3.cpp.o
                0x200021dc                C1ZZL3::ProcessSample()
 .text.tuh_midi_mount_cb
                0x20003468       0x10 CMakeFiles/C1ZZL3_reverb15_midi_experimental.dir/C1ZZL3.cpp.o
                0x20003468                tuh_midi_mount_cb
 .text.tuh_midi_umount_cb
                0x20003478       0x14 CMakeFiles/C1ZZL3_reverb15_midi_experimental.dir/C1ZZL3.cpp.o
                0x20003478                tuh_midi_umount_cb
 .text.tuh_midi_rx_cb
                0x2000348c      0x384 CMakeFiles/C1ZZL3_reverb15_midi_experimental.dir/C1ZZL3.cpp.o
                0x2000348c                tuh_midi_rx_cb
 .text.tuh_midi_tx_cb
                0x20003810        0x4 CMakeFiles/C1ZZL3_reverb15_midi_experimental.dir/C1ZZL3.cpp.o
                0x20003810                tuh_midi_tx_cb
 .text.startup.main
                0x20003814       0x24 CMakeFiles/C1ZZL3_reverb15_midi_experimental.dir/C1ZZL3.cpp.o
                0x20003814                main
 .text.startup._GLOBAL__sub_I__ZN12ComputerCard7cvValueE
                0x20003838      0x26c CMakeFiles/C1ZZL3_reverb15_midi_experimental.dir/C1ZZL3.cpp.o
 .text.tud_descriptor_device_cb
                0x20003aa4        0x8 CMakeFiles/C1ZZL3_reverb15_midi_experimental.dir/usb_descriptors.c.o
                0x20003aa4                tud_descriptor_device_cb
 .text.tud_descriptor_configuration_cb
                0x20003aac        0x8 CMakeFiles/C1ZZL3_reverb15_midi_experimental.dir/usb_descriptors.c.o
                0x20003aac                tud_descriptor_configuration_cb
 .text.tud_descriptor_string_cb
                0x20003ab4       0x84 CMakeFiles/C1ZZL3_reverb15_midi_experimental.dir/usb_descriptors.c.o
                0x20003ab4                tud_descriptor_string_cb
 .text.write_flush.constprop.0
                0x20003b38       0x64 CMakeFiles/C1ZZL3_reverb15_midi_experimental.dir/usb_midi_host.c.o
 .text.midih_init
                0x20003b9c       0x9c CMakeFiles/C1ZZL3_reverb15_midi_experimental.dir/usb_midi_host.c.o
                0x20003b9c                midih_init
 .text.midih_deinit
                0x20003c38       0x40 CMakeFiles/C1ZZL3_reverb15_midi_experimental.dir/usb_midi_host.c.o
                0x20003c38                midih_deinit
 .text.midih_xfer_cb
                0x20003c78       0xec CMakeFiles/C1ZZL3_reverb15_midi_experimental.dir/usb_midi_host.c.o
                0x20003c78                midih_xfer_cb
 .text.midih_close
                0x20003d64       0x60 CMakeFiles/C1ZZL3_reverb15_midi_experimental.dir/usb_midi_host.c.o
                0x20003d64                midih_close
 .text.midih_open
                0x20003dc4      0x1c8 CMakeFiles/C1ZZL3_reverb15_midi_experimental.dir/usb_midi_host.c.o
                0x20003dc4                midih_open
 .text.midih_set_config
                0x20003f8c       0x58 CMakeFiles/C1ZZL3_reverb15_midi_experimental.dir/usb_midi_host.c.o
                0x20003f8c                midih_set_config
 .text.tuh_midi_stream_read
                0x20003fe4      0x1b0 CMakeFiles/C1ZZL3_reverb15_midi_experimental.dir/usb_midi_host.c.o
                0x20003fe4                tuh_midi_stream_read
 .text.usbh_app_driver_get_cb
                0x20004194        0xc CMakeFiles/C1ZZL3_reverb15_midi_experimental.dir/usb_midi_host_app_driver.c.o
                0x20004194                usbh_app_driver_get_cb
 .text.gpio_set_function
                0x200041a0       0x30 CMakeFiles/C1ZZL3_reverb15_midi_experimental.dir/Users/adrianvos/pico-sdk/src/rp2_common/hardware_gpio/gpio.c.o
                0x200041a0                gpio_set_function
 .text.gpio_set_pulls
                0x200041d0       0x24 CMakeFiles/C1ZZL3_reverb15_midi_experimental.dir/Users/adrianvos/pico-sdk/src/rp2_common/hardware_gpio/gpio.c.o
                0x200041d0                gpio_set_pulls
 .text.gpio_set_input_enabled
                0x200041f4       0x24 CMakeFiles/C1ZZL3_reverb15_midi_experimental.dir/Users/adrianvos/pico-sdk/src/rp2_common/hardware_gpio/gpio.c.o
                0x200041f4                gpio_set_input_enabled
 .text.gpio_init
                0x20004218       0x3c CMakeFiles/C1ZZL3_reverb15_midi_experimental.dir/Users/adrianvos/pico-sdk/src/rp2_common/hardware_gpio/gpio.c.o
                0x20004218                gpio_init
 .text.rp2040_chip_version
                0x20004254        0xc CMakeFiles/C1ZZL3_reverb15_midi_experimental.dir/Users/adrianvos/pico-sdk/src/rp2040/pico_platform/platform.c.o
                0x20004254                rp2040_chip_version
 .text.panic    0x20004260       0x30 CMakeFiles/C1ZZL3_reverb15_midi_experimental.dir/Users/adrianvos/pico-sdk/src/rp2_common/pico_platform_panic/panic.c.o
                0x20004260                panic
 .text.hw_claim_or_assert
                0x20004290       0x50 CMakeFiles/C1ZZL3_reverb15_midi_experimental.dir/Users/adrianvos/pico-sdk/src/common/hardware_claim/claim.c.o
                0x20004290                hw_claim_or_assert
 .text.hw_claim_unused_from_range
                0x200042e0       0x88 CMakeFiles/C1ZZL3_reverb15_midi_experimental.dir/Users/adrianvos/pico-sdk/src/common/hardware_claim/claim.c.o
                0x200042e0                hw_claim_unused_from_range
 .text.next_striped_spin_lock_num
                0x20004368       0x18 CMakeFiles/C1ZZL3_reverb15_midi_experimental.dir/Users/adrianvos/pico-sdk/src/rp2_common/hardware_sync/sync.c.o
                0x20004368                next_striped_spin_lock_num
 .text.spin_lock_claim_unused
                0x20004380       0x20 CMakeFiles/C1ZZL3_reverb15_midi_experimental.dir/Users/adrianvos/pico-sdk/src/rp2_common/hardware_sync/sync.c.o
                0x20004380                spin_lock_claim_unused
 .text.spin_locks_reset
                0x200043a0       0x1c CMakeFiles/C1ZZL3_reverb15_midi_experimental.dir/Users/adrianvos/pico-sdk/src/rp2_common/hardware_sync_spin_lock/sync_spin_lock.c.o
                0x200043a0                spin_locks_reset
 .text.runtime_init_per_core_irq_priorities
                0x200043bc       0x48 CMakeFiles/C1ZZL3_reverb15_midi_experimental.dir/Users/adrianvos/pico-sdk/src/rp2_common/hardware_irq/irq.c.o
                0x200043bc                runtime_init_per_core_irq_priorities
 .text.irq_set_enabled
                0x20004404       0x24 CMakeFiles/C1ZZL3_reverb15_midi_experimental.dir/Users/adrianvos/pico-sdk/src/rp2_common/hardware_irq/irq.c.o
                0x20004404                irq_set_enabled
 .text.irq_is_enabled
                0x20004428       0x18 CMakeFiles/C1ZZL3_reverb15_midi_experimental.dir/Users/adrianvos/pico-sdk/src/rp2_common/hardware_irq/irq.c.o
                0x20004428                irq_is_enabled
 .text.irq_set_exclusive_handler
                0x20004440       0x54 CMakeFiles/C1ZZL3_reverb15_midi_experimental.dir/Users/adrianvos/pico-sdk/src/rp2_common/hardware_irq/irq.c.o
                0x20004440                irq_set_exclusive_handler
 .text.irq_add_shared_handler
                0x20004494      0x1cc CMakeFiles/C1ZZL3_reverb15_midi_experimental.dir/Users/adrianvos/pico-sdk/src/rp2_common/hardware_irq/irq.c.o
                0x20004494                irq_add_shared_handler
 .text.irq_remove_handler
                0x20004660      0x1c8 CMakeFiles/C1ZZL3_reverb15_midi_experimental.dir/Users/adrianvos/pico-sdk/src/rp2_common/hardware_irq/irq.c.o
                0x20004660                irq_remove_handler
 .text.irq_set_priority
                0x20004828       0x28 CMakeFiles/C1ZZL3_reverb15_midi_experimental.dir/Users/adrianvos/pico-sdk/src/rp2_common/hardware_irq/irq.c.o
                0x20004828                irq_set_priority
 .text.irq_add_tail_to_free_list
                0x20004850       0xb4 CMakeFiles/C1ZZL3_reverb15_midi_experimental.dir/Users/adrianvos/pico-sdk/src/rp2_common/hardware_irq/irq.c.o
                0x20004850                irq_add_tail_to_free_list
 .text.lock_init
                0x20004904       0x10 CMakeFiles/C1ZZL3_reverb15_midi_experimental.dir/Users/adrianvos/pico-sdk/src/common/pico_sync/lock_core.c.o
                0x20004904                lock_init
 .text.runtime_init_mutex
                0x20004914       0x50 CMakeFiles/C1ZZL3_reverb15_midi_experimental.dir/Users/adrianvos/pico-sdk/src/common/pico_sync/mutex.c.o
                0x20004914                runtime_init_mutex
 .text.mutex_init
                0x20004964       0x1c CMakeFiles/C1ZZL3_reverb15_midi_experimental.dir/Users/adrianvos/pico-sdk/src/common/pico_sync/mutex.c.o
                0x20004964                mutex_init
 .text.critical_section_init
                0x20004980       0x1c CMakeFiles/C1ZZL3_reverb15_midi_experimental.dir/Users/adrianvos/pico-sdk/src/common/pico_sync/critical_section.c.o
                0x20004980                critical_section_init
 .text.sleep_until_callback
                0x2000499c       0x30 CMakeFiles/C1ZZL3_reverb15_midi_experimental.dir/Users/adrianvos/pico-sdk/src/common/pico_time/time.c.o
 .text.alarm_pool_irq_handler
                0x200049cc      0x2f4 CMakeFiles/C1ZZL3_reverb15_midi_experimental.dir/Users/adrianvos/pico-sdk/src/common/pico_time/time.c.o
 .text.runtime_init_default_alarm_pool
                0x20004cc0       0xd8 CMakeFiles/C1ZZL3_reverb15_midi_experimental.dir/Users/adrianvos/pico-sdk/src/common/pico_time/time.c.o
                0x20004cc0                runtime_init_default_alarm_pool
 .text.alarm_pool_add_alarm_at_force_in_context
                0x20004d98       0xbc CMakeFiles/C1ZZL3_reverb15_midi_experimental.dir/Users/adrianvos/pico-sdk/src/common/pico_time/time.c.o
                0x20004d98                alarm_pool_add_alarm_at_force_in_context
 .text.alarm_pool_cancel_alarm
                0x20004e54       0x74 CMakeFiles/C1ZZL3_reverb15_midi_experimental.dir/Users/adrianvos/pico-sdk/src/common/pico_time/time.c.o
                0x20004e54                alarm_pool_cancel_alarm
 .text.sleep_us
                0x20004ec8       0xec CMakeFiles/C1ZZL3_reverb15_midi_experimental.dir/Users/adrianvos/pico-sdk/src/common/pico_time/time.c.o
                0x20004ec8                sleep_us
 .text.sleep_ms
                0x20004fb4       0xfc CMakeFiles/C1ZZL3_reverb15_midi_experimental.dir/Users/adrianvos/pico-sdk/src/common/pico_time/time.c.o
                0x20004fb4                sleep_ms
 .text.best_effort_wfe_or_timeout
                0x200050b0      0x100 CMakeFiles/C1ZZL3_reverb15_midi_experimental.dir/Users/adrianvos/pico-sdk/src/common/pico_time/time.c.o
                0x200050b0                best_effort_wfe_or_timeout
 .text.check_single_timeout_us
                0x200051b0       0x28 CMakeFiles/C1ZZL3_reverb15_midi_experimental.dir/Users/adrianvos/pico-sdk/src/common/pico_time/timeout_helper.c.o
 .text.init_single_timeout_until
                0x200051d8        0xc CMakeFiles/C1ZZL3_reverb15_midi_experimental.dir/Users/adrianvos/pico-sdk/src/common/pico_time/timeout_helper.c.o
                0x200051d8                init_single_timeout_until
 .text.timer_hardware_alarm_claim
                0x200051e4       0x14 CMakeFiles/C1ZZL3_reverb15_midi_experimental.dir/Users/adrianvos/pico-sdk/src/rp2_common/hardware_timer/timer.c.o
                0x200051e4                timer_hardware_alarm_claim
 .text.timer_time_us_64
                0x200051f8       0x10 CMakeFiles/C1ZZL3_reverb15_midi_experimental.dir/Users/adrianvos/pico-sdk/src/rp2_common/hardware_timer/timer.c.o
                0x200051f8                timer_time_us_64
 .text.time_us_64
                0x20005208       0x14 CMakeFiles/C1ZZL3_reverb15_midi_experimental.dir/Users/adrianvos/pico-sdk/src/rp2_common/hardware_timer/timer.c.o
                0x20005208                time_us_64
 .text.busy_wait_until
                0x2000521c       0x20 CMakeFiles/C1ZZL3_reverb15_midi_experimental.dir/Users/adrianvos/pico-sdk/src/rp2_common/hardware_timer/timer.c.o
                0x2000521c                busy_wait_until
 .text.clock_configure_int_divider
                0x2000523c       0xec CMakeFiles/C1ZZL3_reverb15_midi_experimental.dir/Users/adrianvos/pico-sdk/src/rp2_common/hardware_clocks/clocks.c.o
                0x2000523c                clock_configure_int_divider
 .text.clock_configure_undivided
                0x20005328       0xe0 CMakeFiles/C1ZZL3_reverb15_midi_experimental.dir/Users/adrianvos/pico-sdk/src/rp2_common/hardware_clocks/clocks.c.o
                0x20005328                clock_configure_undivided
 .text.clock_get_hz
                0x20005408        0xc CMakeFiles/C1ZZL3_reverb15_midi_experimental.dir/Users/adrianvos/pico-sdk/src/rp2_common/hardware_clocks/clocks.c.o
                0x20005408                clock_get_hz
 .text.pll_init
                0x20005414       0xb0 CMakeFiles/C1ZZL3_reverb15_midi_experimental.dir/Users/adrianvos/pico-sdk/src/rp2_common/hardware_pll/pll.c.o
                0x20005414                pll_init
 .text.tick_start
                0x200054c4       0x10 CMakeFiles/C1ZZL3_reverb15_midi_experimental.dir/Users/adrianvos/pico-sdk/src/rp2_common/hardware_ticks/ticks.c.o
                0x200054c4                tick_start
 .text.rom_func_lookup
                0x200054d4       0x10 CMakeFiles/C1ZZL3_reverb15_midi_experimental.dir/Users/adrianvos/pico-sdk/src/rp2_common/pico_bootrom/bootrom.c.o
                0x200054d4                rom_func_lookup
 .text.rom_data_lookup
                0x200054e4       0x10 CMakeFiles/C1ZZL3_reverb15_midi_experimental.dir/Users/adrianvos/pico-sdk/src/rp2_common/pico_bootrom/bootrom.c.o
                0x200054e4                rom_data_lookup
 .text.rom_funcs_lookup
                0x200054f4       0x44 CMakeFiles/C1ZZL3_reverb15_midi_experimental.dir/Users/adrianvos/pico-sdk/src/rp2_common/pico_bootrom/bootrom.c.o
                0x200054f4                rom_funcs_lookup
 .text.xosc_init
                0x20005538       0x28 CMakeFiles/C1ZZL3_reverb15_midi_experimental.dir/Users/adrianvos/pico-sdk/src/rp2_common/hardware_xosc/xosc.c.o
                0x20005538                xosc_init
 .text.first_per_core_initializer
                0x20005560        0x4 CMakeFiles/C1ZZL3_reverb15_midi_experimental.dir/Users/adrianvos/pico-sdk/src/rp2_common/pico_runtime/runtime.c.o
 .text.hard_assertion_failure
                0x20005564        0xc CMakeFiles/C1ZZL3_reverb15_midi_experimental.dir/Users/adrianvos/pico-sdk/src/rp2_common/pico_runtime/runtime.c.o
                0x20005564                hard_assertion_failure
 .text.runtime_run_initializers
                0x20005570       0x28 CMakeFiles/C1ZZL3_reverb15_midi_experimental.dir/Users/adrianvos/pico-sdk/src/rp2_common/pico_runtime/runtime.c.o
                0x20005570                runtime_run_initializers
 .text.runtime_run_per_core_initializers
                0x20005598       0x28 CMakeFiles/C1ZZL3_reverb15_midi_experimental.dir/Users/adrianvos/pico-sdk/src/rp2_common/pico_runtime/runtime.c.o
                0x20005598                runtime_run_per_core_initializers
 .text.runtime_init_early_resets
                0x200055c0       0x2c CMakeFiles/C1ZZL3_reverb15_midi_experimental.dir/Users/adrianvos/pico-sdk/src/rp2_common/pico_runtime_init/runtime_init.c.o
                0x200055c0                runtime_init_early_resets
 .text.runtime_init_usb_power_down
                0x200055ec       0x1c CMakeFiles/C1ZZL3_reverb15_midi_experimental.dir/Users/adrianvos/pico-sdk/src/rp2_common/pico_runtime_init/runtime_init.c.o
                0x200055ec                runtime_init_usb_power_down
 .text.runtime_init_post_clock_resets
                0x20005608       0x20 CMakeFiles/C1ZZL3_reverb15_midi_experimental.dir/Users/adrianvos/pico-sdk/src/rp2_common/pico_runtime_init/runtime_init.c.o
                0x20005608                runtime_init_post_clock_resets
 .text.runtime_init_rp2040_gpio_ie_disable
                0x20005628       0x14 CMakeFiles/C1ZZL3_reverb15_midi_experimental.dir/Users/adrianvos/pico-sdk/src/rp2_common/pico_runtime_init/runtime_init.c.o
                0x20005628                runtime_init_rp2040_gpio_ie_disable
 .text.runtime_init_spin_locks_reset
                0x2000563c        0x8 CMakeFiles/C1ZZL3_reverb15_midi_experimental.dir/Users/adrianvos/pico-sdk/src/rp2_common/pico_runtime_init/runtime_init.c.o
                0x2000563c                runtime_init_spin_locks_reset
 .text.runtime_init_install_ram_vector_table
                0x20005644       0xb8 CMakeFiles/C1ZZL3_reverb15_midi_experimental.dir/Users/adrianvos/pico-sdk/src/rp2_common/pico_runtime_init/runtime_init.c.o
                0x20005644                runtime_init_install_ram_vector_table
 .text.runtime_init_clocks
                0x200056fc       0xd8 CMakeFiles/C1ZZL3_reverb15_midi_experimental.dir/Users/adrianvos/pico-sdk/src/rp2_common/pico_runtime_init/runtime_init_clocks.c.o
                0x200056fc                runtime_init_clocks
 .text          0x200057d4       0x10 CMakeFiles/C1ZZL3_reverb15_midi_experimental.dir/Users/adrianvos/pico-sdk/src/rp2_common/pico_bit_ops/bit_ops_aeabi.S.o
 .text.__wrap___aeabi_idiv
                0x200057e4       0x50 CMakeFiles/C1ZZL3_reverb15_midi_experimental.dir/Users/adrianvos/pico-sdk/src/rp2_common/pico_divider/divider_hardware.S.o
                0x200057e4                __wrap___aeabi_idivmod
                0x200057e4                divmod_s32s32
                0x200057e4                div_s32s32
                0x200057e4                __wrap___aeabi_idiv
                0x200057ec                divmod_s32s32_unsafe
                0x20005818                divmod_s32s32_savestate
 .text.__wrap___aeabi_uidiv
                0x20005834       0x4c CMakeFiles/C1ZZL3_reverb15_midi_experimental.dir/Users/adrianvos/pico-sdk/src/rp2_common/pico_divider/divider_hardware.S.o
                0x20005834                __wrap___aeabi_uidiv
                0x20005834                __wrap___aeabi_uidivmod
                0x20005834                div_u32u32
                0x20005834                divmod_u32u32
                0x2000583c                divmod_u32u32_unsafe
                0x20005864                divmod_u32u32_savestate
 .text.__aeabi_double_init
                0x20005880       0xa4 CMakeFiles/C1ZZL3_reverb15_midi_experimental.dir/Users/adrianvos/pico-sdk/src/rp2_common/pico_double/double_init_rom_rp2040.c.o
                0x20005880                __aeabi_double_init
 .text.double_table_shim_on_use_helper
                0x20005924       0x2c CMakeFiles/C1ZZL3_reverb15_midi_experimental.dir/Users/adrianvos/pico-sdk/src/rp2_common/pico_double/double_v1_rom_shim_rp2040.S.o
                0x20005924                double_table_shim_on_use_helper
 .text.__aeabi_lmul
                0x20005950       0x32 CMakeFiles/C1ZZL3_reverb15_midi_experimental.dir/Users/adrianvos/pico-sdk/src/rp2_common/pico_int64_ops/pico_int64_ops_aeabi.S.o
                0x20005950                __wrap___aeabi_lmul
 *fill*         0x20005982        0x2 
 .text.__wrap___aeabi_farithmetic
                0x20005984       0x48 CMakeFiles/C1ZZL3_reverb15_midi_experimental.dir/Users/adrianvos/pico-sdk/src/rp2_common/pico_float/float_aeabi_rp2040.S.o
                0x20005984                __wrap___aeabi_frsub
                0x2000598a                __wrap___aeabi_fsub
                0x20005990                __wrap___aeabi_fadd
                0x20005996                __wrap___aeabi_fdiv
                0x200059be                __wrap___aeabi_fmul
 .text.__wrap___aeabi_cfcmple
                0x200059cc       0x50 CMakeFiles/C1ZZL3_reverb15_midi_experimental.dir/Users/adrianvos/pico-sdk/src/rp2_common/pico_float/float_aeabi_rp2040.S.o
                0x200059cc                __wrap___aeabi_cfrcmple
                0x200059d8                __wrap___aeabi_cfcmpeq
                0x200059d8                __wrap___aeabi_cfcmple
 .text.__wrap___aeabi_fcmpeq
                0x20005a1c       0x10 CMakeFiles/C1ZZL3_reverb15_midi_experimental.dir/Users/adrianvos/pico-sdk/src/rp2_common/pico_float/float_aeabi_rp2040.S.o
                0x20005a1c                __wrap___aeabi_fcmpeq
 .text.__wrap___aeabi_i2f
                0x20005a2c       0x44 CMakeFiles/C1ZZL3_reverb15_midi_experimental.dir/Users/adrianvos/pico-sdk/src/rp2_common/pico_float/float_aeabi_rp2040.S.o
                0x20005a2c                int2float
                0x20005a2c                __wrap___aeabi_i2f
 .text.__wrap___aeabi_f2iz
                0x20005a70       0x4e CMakeFiles/C1ZZL3_reverb15_midi_experimental.dir/Users/adrianvos/pico-sdk/src/rp2_common/pico_float/float_aeabi_rp2040.S.o
                0x20005a70                __wrap___aeabi_f2iz
                0x20005a70                float2int_z
 *fill*         0x20005abe        0x2 
 .text.float2int
                0x20005ac0       0x14 CMakeFiles/C1ZZL3_reverb15_midi_experimental.dir/Users/adrianvos/pico-sdk/src/rp2_common/pico_float/float_aeabi_rp2040.S.o
                0x20005ac0                float2int
 .text.__wrap___aeabi_f2uiz
                0x20005ad4        0xc CMakeFiles/C1ZZL3_reverb15_midi_experimental.dir/Users/adrianvos/pico-sdk/src/rp2_common/pico_float/float_aeabi_rp2040.S.o
                0x20005ad4                float2uint
                0x20005ad4                float2uint_z
                0x20005ad4                __wrap___aeabi_f2uiz
 .text.__aeabi_float_init
                0x20005ae0       0x68 CMakeFiles/C1ZZL3_reverb15_midi_experimental.dir/Users/adrianvos/pico-sdk/src/rp2_common/pico_float/float_init_rom_rp2040.c.o
                0x20005ae0                __aeabi_float_init
 .text.float_table_shim_on_use_helper
                0x20005b48       0x2c CMakeFiles/C1ZZL3_reverb15_midi_experimental.dir/Users/adrianvos/pico-sdk/src/rp2_common/pico_float/float_v1_rom_shim_rp2040.S.o
                0x20005b48                float_table_shim_on_use_helper
 .text.float232_shims
                0x20005b74       0x18 CMakeFiles/C1ZZL3_reverb15_midi_experimental.dir/Users/adrianvos/pico-sdk/src/rp2_common/pico_float/float_v1_rom_shim_rp2040.S.o
                0x20005b74                float2int_shim
                0x20005b76                float2fix_shim
 .text.__wrap_malloc
                0x20005b8c       0x3c CMakeFiles/C1ZZL3_reverb15_midi_experimental.dir/Users/adrianvos/pico-sdk/src/rp2_common/pico_malloc/malloc.c.o
                0x20005b8c                __wrap_malloc
 .text.__wrap_calloc
                0x20005bc8       0x44 CMakeFiles/C1ZZL3_reverb15_midi_experimental.dir/Users/adrianvos/pico-sdk/src/rp2_common/pico_malloc/malloc.c.o
                0x20005bc8                __wrap_calloc
 .text.__wrap_free
                0x20005c0c       0x20 CMakeFiles/C1ZZL3_reverb15_midi_experimental.dir/Users/adrianvos/pico-sdk/src/rp2_common/pico_malloc/malloc.c.o
                0x20005c0c                __wrap_free
 .text          0x20005c2c       0x10 CMakeFiles/C1ZZL3_reverb15_midi_experimental.dir/Users/adrianvos/pico-sdk/src/rp2_common/pico_mem_ops/mem_ops_aeabi.S.o
                0x20005c2c                __aeabi_mem_init
 .text.memset   0x20005c3c        0xc CMakeFiles/C1ZZL3_reverb15_midi_experimental.dir/Users/adrianvos/pico-sdk/src/rp2_common/pico_mem_ops/mem_ops_aeabi.S.o
                0x20005c3c                __wrap_memset
 .text.memcpy   0x20005c48        0xc CMakeFiles/C1ZZL3_reverb15_midi_experimental.dir/Users/adrianvos/pico-sdk/src/rp2_common/pico_mem_ops/mem_ops_aeabi.S.o
                0x20005c48                __wrap___aeabi_memcpy
                0x20005c48                __wrap_memcpy
 .text._out_char
                0x20005c54       0x10 CMakeFiles/C1ZZL3_reverb15_midi_experimental.dir/Users/adrianvos/pico-sdk/src/rp2_common/pico_printf/printf.c.o
 .text.weak_raw_vprintf
                0x20005c64       0x30 CMakeFiles/C1ZZL3_reverb15_midi_experimental.dir/Users/adrianvos/pico-sdk/src/rp2_common/pico_printf/printf.c.o
                0x20005c64                weak_raw_vprintf
 .text._exit    0x20005c94        0x4 CMakeFiles/C1ZZL3_reverb15_midi_experimental.dir/Users/adrianvos/pico-sdk/src/rp2_common/pico_clib_interface/newlib_interface.c.o
                0x20005c94                _exit
 .text._sbrk    0x20005c98       0x34 CMakeFiles/C1ZZL3_reverb15_midi_experimental.dir/Users/adrianvos/pico-sdk/src/rp2_common/pico_clib_interface/newlib_interface.c.o
                0x20005c98                _sbrk
 .text.exit     0x20005ccc        0x8 CMakeFiles/C1ZZL3_reverb15_midi_experimental.dir/Users/adrianvos/pico-sdk/src/rp2_common/pico_clib_interface/newlib_interface.c.o
                0x20005ccc                exit
 .text.runtime_init
                0x20005cd4       0x2c CMakeFiles/C1ZZL3_reverb15_midi_experimental.dir/Users/adrianvos/pico-sdk/src/rp2_common/pico_clib_interface/newlib_interface.c.o
                0x20005cd4                runtime_init
 .text.stdio_out_chars_no_crlf
                0x20005d00       0x10 CMakeFiles/C1ZZL3_reverb15_midi_experimental.dir/Users/adrianvos/pico-sdk/src/rp2_common/pico_stdio/stdio.c.o
 .text.stdio_out_chars_crlf
                0x20005d10       0x90 CMakeFiles/C1ZZL3_reverb15_midi_experimental.dir/Users/adrianvos/pico-sdk/src/rp2_common/pico_stdio/stdio.c.o
 .text.stdio_put_string
                0x20005da0       0xf4 CMakeFiles/C1ZZL3_reverb15_midi_experimental.dir/Users/adrianvos/pico-sdk/src/rp2_common/pico_stdio/stdio.c.o
                0x20005da0                stdio_put_string
 .text.__wrap_putchar
                0x20005e94       0x94 CMakeFiles/C1ZZL3_reverb15_midi_experimental.dir/Users/adrianvos/pico-sdk/src/rp2_common/pico_stdio/stdio.c.o
                0x20005e94                stdio_putchar
                0x20005e94                __wrap_putchar
 .text.__wrap_puts
                0x20005f28       0x3c CMakeFiles/C1ZZL3_reverb15_midi_experimental.dir/Users/adrianvos/pico-sdk/src/rp2_common/pico_stdio/stdio.c.o
                0x20005f28                __wrap_puts
                0x20005f28                stdio_puts
 .text.startup._retrieve_unique_id_on_boot
                0x20005f64       0x10 CMakeFiles/C1ZZL3_reverb15_midi_experimental.dir/Users/adrianvos/pico-sdk/src/rp2_common/pico_unique_id/unique_id.c.o
 .text.flash_get_unique_id
                0x20005f74       0x3c CMakeFiles/C1ZZL3_reverb15_midi_experimental.dir/Users/adrianvos/pico-sdk/src/rp2_common/hardware_flash/flash.c.o
                0x20005f74                flash_get_unique_id
 .text.core1_trampoline
                0x20005fb0        0x4 CMakeFiles/C1ZZL3_reverb15_midi_experimental.dir/Users/adrianvos/pico-sdk/src/rp2_common/pico_multicore/multicore.c.o
 .text.core1_wrapper
                0x20005fb4        0xc CMakeFiles/C1ZZL3_reverb15_midi_experimental.dir/Users/adrianvos/pico-sdk/src/rp2_common/pico_multicore/multicore.c.o
                0x20005fb4                core1_wrapper
 .text.multicore_launch_core1_raw
                0x20005fc0       0x88 CMakeFiles/C1ZZL3_reverb15_midi_experimental.dir/Users/adrianvos/pico-sdk/src/rp2_common/pico_multicore/multicore.c.o
                0x20005fc0                multicore_launch_core1_raw
 .text.multicore_launch_core1
                0x20006048       0x5c CMakeFiles/C1ZZL3_reverb15_midi_experimental.dir/Users/adrianvos/pico-sdk/src/rp2_common/pico_multicore/multicore.c.o
                0x20006048                multicore_launch_core1
 .text.adc_init
                0x200060a4       0x38 CMakeFiles/C1ZZL3_reverb15_midi_experimental.dir/Users/adrianvos/pico-sdk/src/rp2_common/hardware_adc/adc.c.o
                0x200060a4                adc_init
 .text.dma_claim_unused_channel
                0x200060dc       0x20 CMakeFiles/C1ZZL3_reverb15_midi_experimental.dir/Users/adrianvos/pico-sdk/src/rp2_common/hardware_dma/dma.c.o
                0x200060dc                dma_claim_unused_channel
 .text.dma_channel_cleanup
                0x200060fc       0x60 CMakeFiles/C1ZZL3_reverb15_midi_experimental.dir/Users/adrianvos/pico-sdk/src/rp2_common/hardware_dma/dma.c.o
                0x200060fc                dma_channel_cleanup
 .text.spi_init
                0x2000615c      0x110 CMakeFiles/C1ZZL3_reverb15_midi_experimental.dir/Users/adrianvos/pico-sdk/src/rp2_common/hardware_spi/spi.c.o
                0x2000615c                spi_init
 .text.i2c_write_blocking_internal
                0x2000626c      0x160 CMakeFiles/C1ZZL3_reverb15_midi_experimental.dir/Users/adrianvos/pico-sdk/src/rp2_common/hardware_i2c/i2c.c.o
 .text.i2c_read_blocking_internal
                0x200063cc      0x100 CMakeFiles/C1ZZL3_reverb15_midi_experimental.dir/Users/adrianvos/pico-sdk/src/rp2_common/hardware_i2c/i2c.c.o
 .text.i2c_set_baudrate
                0x200064cc       0xb4 CMakeFiles/C1ZZL3_reverb15_midi_experimental.dir/Users/adrianvos/pico-sdk/src/rp2_common/hardware_i2c/i2c.c.o
                0x200064cc                i2c_set_baudrate
 .text.i2c_init
                0x20006580       0x50 CMakeFiles/C1ZZL3_reverb15_midi_experimental.dir/Users/adrianvos/pico-sdk/src/rp2_common/hardware_i2c/i2c.c.o
                0x20006580                i2c_init
 .text.i2c_write_blocking_until
                0x200065d0       0x40 CMakeFiles/C1ZZL3_reverb15_midi_experimental.dir/Users/adrianvos/pico-sdk/src/rp2_common/hardware_i2c/i2c.c.o
                0x200065d0                i2c_write_blocking_until
 .text.i2c_read_blocking_until
                0x20006610       0x40 CMakeFiles/C1ZZL3_reverb15_midi_experimental.dir/Users/adrianvos/pico-sdk/src/rp2_common/hardware_i2c/i2c.c.o
                0x20006610                i2c_read_blocking_until
 .text.dcd_init
                0x20006650       0x90 CMakeFiles/C1ZZL3_reverb15_midi_experimental.dir/Users/adrianvos/pico-sdk/lib/tinyusb/src/portable/raspberrypi/rp2040/dcd_rp2040.c.o
                0x20006650                dcd_init
 .text.dcd_int_enable
                0x200066e0        0xc CMakeFiles/C1ZZL3_reverb15_midi_experimental.dir/Users/adrianvos/pico-sdk/lib/tinyusb/src/portable/raspberrypi/rp2040/dcd_rp2040.c.o
                0x200066e0                dcd_int_enable
 .text.dcd_set_address
                0x200066ec       0x14 CMakeFiles/C1ZZL3_reverb15_midi_experimental.dir/Users/adrianvos/pico-sdk/lib/tinyusb/src/portable/raspberrypi/rp2040/dcd_rp2040.c.o
                0x200066ec                dcd_set_address
 .text.dcd_sof_enable
                0x20006700       0x1c CMakeFiles/C1ZZL3_reverb15_midi_experimental.dir/Users/adrianvos/pico-sdk/lib/tinyusb/src/portable/raspberrypi/rp2040/dcd_rp2040.c.o
                0x20006700                dcd_sof_enable
 .text.dcd_edpt0_status_complete
                0x2000671c       0x1c CMakeFiles/C1ZZL3_reverb15_midi_experimental.dir/Users/adrianvos/pico-sdk/lib/tinyusb/src/portable/raspberrypi/rp2040/dcd_rp2040.c.o
                0x2000671c                dcd_edpt0_status_complete
 .text.dcd_edpt_open
                0x20006738      0x114 CMakeFiles/C1ZZL3_reverb15_midi_experimental.dir/Users/adrianvos/pico-sdk/lib/tinyusb/src/portable/raspberrypi/rp2040/dcd_rp2040.c.o
                0x20006738                dcd_edpt_open
 .text.dcd_edpt_close_all
                0x2000684c        0x8 CMakeFiles/C1ZZL3_reverb15_midi_experimental.dir/Users/adrianvos/pico-sdk/lib/tinyusb/src/portable/raspberrypi/rp2040/dcd_rp2040.c.o
                0x2000684c                dcd_edpt_close_all
 .text.dcd_edpt_xfer
                0x20006854       0x24 CMakeFiles/C1ZZL3_reverb15_midi_experimental.dir/Users/adrianvos/pico-sdk/lib/tinyusb/src/portable/raspberrypi/rp2040/dcd_rp2040.c.o
                0x20006854                dcd_edpt_xfer
 .text.dcd_edpt_stall
                0x20006878       0x3c CMakeFiles/C1ZZL3_reverb15_midi_experimental.dir/Users/adrianvos/pico-sdk/lib/tinyusb/src/portable/raspberrypi/rp2040/dcd_rp2040.c.o
                0x20006878                dcd_edpt_stall
 .text.dcd_edpt_clear_stall
                0x200068b4       0x30 CMakeFiles/C1ZZL3_reverb15_midi_experimental.dir/Users/adrianvos/pico-sdk/lib/tinyusb/src/portable/raspberrypi/rp2040/dcd_rp2040.c.o
                0x200068b4                dcd_edpt_clear_stall
 .text.rp2040_usb_init
                0x200068e4       0x40 CMakeFiles/C1ZZL3_reverb15_midi_experimental.dir/Users/adrianvos/pico-sdk/lib/tinyusb/src/portable/raspberrypi/rp2040/rp2040_usb.c.o
                0x200068e4                rp2040_usb_init
 .text.hw_endpoint_xfer_start
                0x20006924       0x40 CMakeFiles/C1ZZL3_reverb15_midi_experimental.dir/Users/adrianvos/pico-sdk/lib/tinyusb/src/portable/raspberrypi/rp2040/rp2040_usb.c.o
                0x20006924                hw_endpoint_xfer_start
 .text.tud_vendor_control_xfer_cb
                0x20006964        0x4 CMakeFiles/C1ZZL3_reverb15_midi_experimental.dir/Users/adrianvos/pico-sdk/lib/tinyusb/src/device/usbd.c.o
                0x20006964                tud_vendor_control_xfer_cb
 .text.tud_event_hook_cb
                0x20006968        0x4 CMakeFiles/C1ZZL3_reverb15_midi_experimental.dir/Users/adrianvos/pico-sdk/lib/tinyusb/src/device/usbd.c.o
                0x20006968                tud_event_hook_cb
 .text.tud_sof_cb
                0x2000696c        0x4 CMakeFiles/C1ZZL3_reverb15_midi_experimental.dir/Users/adrianvos/pico-sdk/lib/tinyusb/src/device/usbd.c.o
                0x2000696c                tud_sof_cb
 .text.tud_descriptor_bos_cb
                0x20006970        0x4 CMakeFiles/C1ZZL3_reverb15_midi_experimental.dir/Users/adrianvos/pico-sdk/lib/tinyusb/src/device/usbd.c.o
                0x20006970                tud_descriptor_bos_cb
 .text.tud_descriptor_device_qualifier_cb
                0x20006974        0x4 CMakeFiles/C1ZZL3_reverb15_midi_experimental.dir/Users/adrianvos/pico-sdk/lib/tinyusb/src/device/usbd.c.o
                0x20006974                tud_descriptor_device_qualifier_cb
 .text.tud_descriptor_other_speed_configuration_cb
                0x20006978        0x4 CMakeFiles/C1ZZL3_reverb15_midi_experimental.dir/Users/adrianvos/pico-sdk/lib/tinyusb/src/device/usbd.c.o
                0x20006978                tud_descriptor_other_speed_configuration_cb
 .text.tud_mount_cb
                0x2000697c        0x4 CMakeFiles/C1ZZL3_reverb15_midi_experimental.dir/Users/adrianvos/pico-sdk/lib/tinyusb/src/device/usbd.c.o
                0x2000697c                tud_mount_cb
 .text.tud_umount_cb
                0x20006980        0x4 CMakeFiles/C1ZZL3_reverb15_midi_experimental.dir/Users/adrianvos/pico-sdk/lib/tinyusb/src/device/usbd.c.o
                0x20006980                tud_umount_cb
 .text.tud_suspend_cb
                0x20006984        0x4 CMakeFiles/C1ZZL3_reverb15_midi_experimental.dir/Users/adrianvos/pico-sdk/lib/tinyusb/src/device/usbd.c.o
                0x20006984                tud_suspend_cb
 .text.tud_resume_cb
                0x20006988        0x4 CMakeFiles/C1ZZL3_reverb15_midi_experimental.dir/Users/adrianvos/pico-sdk/lib/tinyusb/src/device/usbd.c.o
                0x20006988                tud_resume_cb
 .text.tud_rhport_init
                0x2000698c       0xe8 CMakeFiles/C1ZZL3_reverb15_midi_experimental.dir/Users/adrianvos/pico-sdk/lib/tinyusb/src/device/usbd.c.o
                0x2000698c                tud_rhport_init
 .text.tud_task_ext
                0x20006a74      0x7d8 CMakeFiles/C1ZZL3_reverb15_midi_experimental.dir/Users/adrianvos/pico-sdk/lib/tinyusb/src/device/usbd.c.o
                0x20006a74                tud_task_ext
 .text.usbd_edpt_open
                0x2000724c       0x34 CMakeFiles/C1ZZL3_reverb15_midi_experimental.dir/Users/adrianvos/pico-sdk/lib/tinyusb/src/device/usbd.c.o
                0x2000724c                usbd_edpt_open
 .text.usbd_edpt_claim
                0x20007280       0x28 CMakeFiles/C1ZZL3_reverb15_midi_experimental.dir/Users/adrianvos/pico-sdk/lib/tinyusb/src/device/usbd.c.o
                0x20007280                usbd_edpt_claim
 .text.usbd_edpt_release
                0x200072a8       0x28 CMakeFiles/C1ZZL3_reverb15_midi_experimental.dir/Users/adrianvos/pico-sdk/lib/tinyusb/src/device/usbd.c.o
                0x200072a8                usbd_edpt_release
 .text.usbd_edpt_xfer
                0x200072d0       0x50 CMakeFiles/C1ZZL3_reverb15_midi_experimental.dir/Users/adrianvos/pico-sdk/lib/tinyusb/src/device/usbd.c.o
                0x200072d0                usbd_edpt_xfer
 .text.tud_control_status
                0x20007320       0x2c CMakeFiles/C1ZZL3_reverb15_midi_experimental.dir/Users/adrianvos/pico-sdk/lib/tinyusb/src/device/usbd_control.c.o
                0x20007320                tud_control_status
 .text.tud_control_xfer
                0x2000734c       0xa0 CMakeFiles/C1ZZL3_reverb15_midi_experimental.dir/Users/adrianvos/pico-sdk/lib/tinyusb/src/device/usbd_control.c.o
                0x2000734c                tud_control_xfer
 .text.usbd_control_reset
                0x200073ec       0x14 CMakeFiles/C1ZZL3_reverb15_midi_experimental.dir/Users/adrianvos/pico-sdk/lib/tinyusb/src/device/usbd_control.c.o
                0x200073ec                usbd_control_reset
 .text.usbd_control_set_complete_callback
                0x20007400        0xc CMakeFiles/C1ZZL3_reverb15_midi_experimental.dir/Users/adrianvos/pico-sdk/lib/tinyusb/src/device/usbd_control.c.o
                0x20007400                usbd_control_set_complete_callback
 .text.usbd_control_set_request
                0x2000740c       0x1c CMakeFiles/C1ZZL3_reverb15_midi_experimental.dir/Users/adrianvos/pico-sdk/lib/tinyusb/src/device/usbd_control.c.o
                0x2000740c                usbd_control_set_request
 .text.usbd_control_xfer_cb
                0x20007428       0xe8 CMakeFiles/C1ZZL3_reverb15_midi_experimental.dir/Users/adrianvos/pico-sdk/lib/tinyusb/src/device/usbd_control.c.o
                0x20007428                usbd_control_xfer_cb
 .text.tud_midi_n_stream_read
                0x20007510      0x150 CMakeFiles/C1ZZL3_reverb15_midi_experimental.dir/Users/adrianvos/pico-sdk/lib/tinyusb/src/class/midi/midi_device.c.o
                0x20007510                tud_midi_n_stream_read
 .text.midid_init
                0x20007660       0x60 CMakeFiles/C1ZZL3_reverb15_midi_experimental.dir/Users/adrianvos/pico-sdk/lib/tinyusb/src/class/midi/midi_device.c.o
                0x20007660                midid_init
 .text.midid_deinit
                0x200076c0       0x30 CMakeFiles/C1ZZL3_reverb15_midi_experimental.dir/Users/adrianvos/pico-sdk/lib/tinyusb/src/class/midi/midi_device.c.o
                0x200076c0                midid_deinit
 .text.midid_reset
                0x200076f0       0x24 CMakeFiles/C1ZZL3_reverb15_midi_experimental.dir/Users/adrianvos/pico-sdk/lib/tinyusb/src/class/midi/midi_device.c.o
                0x200076f0                midid_reset
 .text.midid_open
                0x20007714      0x124 CMakeFiles/C1ZZL3_reverb15_midi_experimental.dir/Users/adrianvos/pico-sdk/lib/tinyusb/src/class/midi/midi_device.c.o
                0x20007714                midid_open
 .text.midid_control_xfer_cb
                0x20007838        0x4 CMakeFiles/C1ZZL3_reverb15_midi_experimental.dir/Users/adrianvos/pico-sdk/lib/tinyusb/src/class/midi/midi_device.c.o
                0x20007838                midid_control_xfer_cb
 .text.midid_xfer_cb
                0x2000783c       0xfc CMakeFiles/C1ZZL3_reverb15_midi_experimental.dir/Users/adrianvos/pico-sdk/lib/tinyusb/src/class/midi/midi_device.c.o
                0x2000783c                midid_xfer_cb
 .text.tusb_time_delay_ms_api
                0x20007938        0x8 CMakeFiles/C1ZZL3_reverb15_midi_experimental.dir/Users/adrianvos/pico-sdk/lib/tinyusb/src/tusb.c.o
                0x20007938                tusb_time_delay_ms_api
 .text.tu_edpt_claim
                0x20007940       0x50 CMakeFiles/C1ZZL3_reverb15_midi_experimental.dir/Users/adrianvos/pico-sdk/lib/tinyusb/src/tusb.c.o
                0x20007940                tu_edpt_claim
 .text.tu_edpt_release
                0x20007990       0x38 CMakeFiles/C1ZZL3_reverb15_midi_experimental.dir/Users/adrianvos/pico-sdk/lib/tinyusb/src/tusb.c.o
                0x20007990                tu_edpt_release
 .text.tu_edpt_validate
                0x200079c8       0x74 CMakeFiles/C1ZZL3_reverb15_midi_experimental.dir/Users/adrianvos/pico-sdk/lib/tinyusb/src/tusb.c.o
                0x200079c8                tu_edpt_validate
 .text.tu_edpt_bind_driver
                0x20007a3c       0x34 CMakeFiles/C1ZZL3_reverb15_midi_experimental.dir/Users/adrianvos/pico-sdk/lib/tinyusb/src/tusb.c.o
                0x20007a3c                tu_edpt_bind_driver
 .text.tu_desc_get_interface_total_len
                0x20007a70       0x50 CMakeFiles/C1ZZL3_reverb15_midi_experimental.dir/Users/adrianvos/pico-sdk/lib/tinyusb/src/tusb.c.o
                0x20007a70                tu_desc_get_interface_total_len
 .text.tu_fifo_config
                0x20007ac0       0x6c CMakeFiles/C1ZZL3_reverb15_midi_experimental.dir/Users/adrianvos/pico-sdk/lib/tinyusb/src/common/tusb_fifo.c.o
                0x20007ac0                tu_fifo_config
 .text.tu_fifo_count
                0x20007b2c       0x2c CMakeFiles/C1ZZL3_reverb15_midi_experimental.dir/Users/adrianvos/pico-sdk/lib/tinyusb/src/common/tusb_fifo.c.o
                0x20007b2c                tu_fifo_count
 .text.tu_fifo_empty
                0x20007b58       0x10 CMakeFiles/C1ZZL3_reverb15_midi_experimental.dir/Users/adrianvos/pico-sdk/lib/tinyusb/src/common/tusb_fifo.c.o
                0x20007b58                tu_fifo_empty
 .text.tu_fifo_remaining
                0x20007b68       0x2c CMakeFiles/C1ZZL3_reverb15_midi_experimental.dir/Users/adrianvos/pico-sdk/lib/tinyusb/src/common/tusb_fifo.c.o
                0x20007b68                tu_fifo_remaining
 .text.tu_fifo_read
                0x20007b94       0x9c CMakeFiles/C1ZZL3_reverb15_midi_experimental.dir/Users/adrianvos/pico-sdk/lib/tinyusb/src/common/tusb_fifo.c.o
                0x20007b94                tu_fifo_read
 .text.tu_fifo_read_n
                0x20007c30       0xec CMakeFiles/C1ZZL3_reverb15_midi_experimental.dir/Users/adrianvos/pico-sdk/lib/tinyusb/src/common/tusb_fifo.c.o
                0x20007c30                tu_fifo_read_n
 .text.tu_fifo_peek
                0x20007d1c       0x80 CMakeFiles/C1ZZL3_reverb15_midi_experimental.dir/Users/adrianvos/pico-sdk/lib/tinyusb/src/common/tusb_fifo.c.o
                0x20007d1c                tu_fifo_peek
 .text.tu_fifo_write
                0x20007d9c       0xa4 CMakeFiles/C1ZZL3_reverb15_midi_experimental.dir/Users/adrianvos/pico-sdk/lib/tinyusb/src/common/tusb_fifo.c.o
                0x20007d9c                tu_fifo_write
 .text.tu_fifo_write_n
                0x20007e40      0x168 CMakeFiles/C1ZZL3_reverb15_midi_experimental.dir/Users/adrianvos/pico-sdk/lib/tinyusb/src/common/tusb_fifo.c.o
                0x20007e40                tu_fifo_write_n
 .text.tu_fifo_clear
                0x20007fa8       0x40 CMakeFiles/C1ZZL3_reverb15_midi_experimental.dir/Users/adrianvos/pico-sdk/lib/tinyusb/src/common/tusb_fifo.c.o
                0x20007fa8                tu_fifo_clear
 .text.hcd_init
                0x20007fe8       0x54 CMakeFiles/C1ZZL3_reverb15_midi_experimental.dir/Users/adrianvos/pico-sdk/lib/tinyusb/src/portable/raspberrypi/rp2040/hcd_rp2040.c.o
                0x20007fe8                hcd_init
 .text.hcd_port_reset
                0x2000803c        0x4 CMakeFiles/C1ZZL3_reverb15_midi_experimental.dir/Users/adrianvos/pico-sdk/lib/tinyusb/src/portable/raspberrypi/rp2040/hcd_rp2040.c.o
                0x2000803c                hcd_port_reset
 .text.hcd_port_reset_end
                0x20008040        0x4 CMakeFiles/C1ZZL3_reverb15_midi_experimental.dir/Users/adrianvos/pico-sdk/lib/tinyusb/src/portable/raspberrypi/rp2040/hcd_rp2040.c.o
                0x20008040                hcd_port_reset_end
 .text.hcd_port_connect_status
                0x20008044       0x18 CMakeFiles/C1ZZL3_reverb15_midi_experimental.dir/Users/adrianvos/pico-sdk/lib/tinyusb/src/portable/raspberrypi/rp2040/hcd_rp2040.c.o
                0x20008044                hcd_port_connect_status
 .text.hcd_port_speed_get
                0x2000805c       0x24 CMakeFiles/C1ZZL3_reverb15_midi_experimental.dir/Users/adrianvos/pico-sdk/lib/tinyusb/src/portable/raspberrypi/rp2040/hcd_rp2040.c.o
                0x2000805c                hcd_port_speed_get
 .text.hcd_device_close
                0x20008080       0x64 CMakeFiles/C1ZZL3_reverb15_midi_experimental.dir/Users/adrianvos/pico-sdk/lib/tinyusb/src/portable/raspberrypi/rp2040/hcd_rp2040.c.o
                0x20008080                hcd_device_close
 .text.hcd_int_enable
                0x200080e4        0xc CMakeFiles/C1ZZL3_reverb15_midi_experimental.dir/Users/adrianvos/pico-sdk/lib/tinyusb/src/portable/raspberrypi/rp2040/hcd_rp2040.c.o
                0x200080e4                hcd_int_enable
 .text.hcd_edpt_open
                0x200080f0      0x224 CMakeFiles/C1ZZL3_reverb15_midi_experimental.dir/Users/adrianvos/pico-sdk/lib/tinyusb/src/portable/raspberrypi/rp2040/hcd_rp2040.c.o
                0x200080f0                hcd_edpt_open
 .text.hcd_edpt_xfer
                0x20008314      0x364 CMakeFiles/C1ZZL3_reverb15_midi_experimental.dir/Users/adrianvos/pico-sdk/lib/tinyusb/src/portable/raspberrypi/rp2040/hcd_rp2040.c.o
                0x20008314                hcd_edpt_xfer
 .text.hcd_edpt_abort_xfer
                0x20008678        0x4 CMakeFiles/C1ZZL3_reverb15_midi_experimental.dir/Users/adrianvos/pico-sdk/lib/tinyusb/src/portable/raspberrypi/rp2040/hcd_rp2040.c.o
                0x20008678                hcd_edpt_abort_xfer
 .text.hcd_setup_send
                0x2000867c       0xbc CMakeFiles/C1ZZL3_reverb15_midi_experimental.dir/Users/adrianvos/pico-sdk/lib/tinyusb/src/portable/raspberrypi/rp2040/hcd_rp2040.c.o
                0x2000867c                hcd_setup_send
 .text._control_blocking_complete_cb
                0x20008738        0x8 CMakeFiles/C1ZZL3_reverb15_midi_experimental.dir/Users/adrianvos/pico-sdk/lib/tinyusb/src/host/usbh.c.o
 .text.process_removing_device
                0x20008740      0x144 CMakeFiles/C1ZZL3_reverb15_midi_experimental.dir/Users/adrianvos/pico-sdk/lib/tinyusb/src/host/usbh.c.o
 .text.usbh_control_xfer_cb.isra.0
                0x20008884      0x2ec CMakeFiles/C1ZZL3_reverb15_midi_experimental.dir/Users/adrianvos/pico-sdk/lib/tinyusb/src/host/usbh.c.o
 .text.tuh_event_hook_cb
                0x20008b70        0x4 CMakeFiles/C1ZZL3_reverb15_midi_experimental.dir/Users/adrianvos/pico-sdk/lib/tinyusb/src/host/usbh.c.o
                0x20008b70                tuh_event_hook_cb
 .text.tuh_speed_get
                0x20008b74       0x28 CMakeFiles/C1ZZL3_reverb15_midi_experimental.dir/Users/adrianvos/pico-sdk/lib/tinyusb/src/host/usbh.c.o
                0x20008b74                tuh_speed_get
 .text.tuh_rhport_init
                0x20008b9c      0x130 CMakeFiles/C1ZZL3_reverb15_midi_experimental.dir/Users/adrianvos/pico-sdk/lib/tinyusb/src/host/usbh.c.o
                0x20008b9c                tuh_rhport_init
 .text.tuh_control_xfer
                0x20008ccc      0x14c CMakeFiles/C1ZZL3_reverb15_midi_experimental.dir/Users/adrianvos/pico-sdk/lib/tinyusb/src/host/usbh.c.o
                0x20008ccc                tuh_control_xfer
 .text.enum_new_device.isra.0
                0x20008e18       0xe4 CMakeFiles/C1ZZL3_reverb15_midi_experimental.dir/Users/adrianvos/pico-sdk/lib/tinyusb/src/host/usbh.c.o
 .text.tuh_task_ext.part.0
                0x20008efc      0x210 CMakeFiles/C1ZZL3_reverb15_midi_experimental.dir/Users/adrianvos/pico-sdk/lib/tinyusb/src/host/usbh.c.o
 .text.tuh_task_ext
                0x2000910c       0x18 CMakeFiles/C1ZZL3_reverb15_midi_experimental.dir/Users/adrianvos/pico-sdk/lib/tinyusb/src/host/usbh.c.o
                0x2000910c                tuh_task_ext
 .text.process_enumeration
                0x20009124      0x5dc CMakeFiles/C1ZZL3_reverb15_midi_experimental.dir/Users/adrianvos/pico-sdk/lib/tinyusb/src/host/usbh.c.o
 .text.usbh_get_rhport
                0x20009700       0x20 CMakeFiles/C1ZZL3_reverb15_midi_experimental.dir/Users/adrianvos/pico-sdk/lib/tinyusb/src/host/usbh.c.o
                0x20009700                usbh_get_rhport
 .text.usbh_edpt_claim
                0x20009720       0x50 CMakeFiles/C1ZZL3_reverb15_midi_experimental.dir/Users/adrianvos/pico-sdk/lib/tinyusb/src/host/usbh.c.o
                0x20009720                usbh_edpt_claim
 .text.usbh_edpt_release
                0x20009770       0x50 CMakeFiles/C1ZZL3_reverb15_midi_experimental.dir/Users/adrianvos/pico-sdk/lib/tinyusb/src/host/usbh.c.o
                0x20009770                usbh_edpt_release
 .text.usbh_edpt_xfer_with_callback
                0x200097c0       0x74 CMakeFiles/C1ZZL3_reverb15_midi_experimental.dir/Users/adrianvos/pico-sdk/lib/tinyusb/src/host/usbh.c.o
                0x200097c0                usbh_edpt_xfer_with_callback
 .text.tuh_edpt_open
                0x20009834       0x50 CMakeFiles/C1ZZL3_reverb15_midi_experimental.dir/Users/adrianvos/pico-sdk/lib/tinyusb/src/host/usbh.c.o
                0x20009834                tuh_edpt_open
 .text.usbh_driver_set_config_complete
                0x20009884      0x18c CMakeFiles/C1ZZL3_reverb15_midi_experimental.dir/Users/adrianvos/pico-sdk/lib/tinyusb/src/host/usbh.c.o
                0x20009884                usbh_driver_set_config_complete
 .text.connection_port_reset_complete
                0x20009a10       0x3c CMakeFiles/C1ZZL3_reverb15_midi_experimental.dir/Users/adrianvos/pico-sdk/lib/tinyusb/src/host/hub.c.o
 .text.hub_clear_feature_complete_stub
                0x20009a4c       0x30 CMakeFiles/C1ZZL3_reverb15_midi_experimental.dir/Users/adrianvos/pico-sdk/lib/tinyusb/src/host/hub.c.o
 .text.config_set_port_power
                0x20009a7c       0x54 CMakeFiles/C1ZZL3_reverb15_midi_experimental.dir/Users/adrianvos/pico-sdk/lib/tinyusb/src/host/hub.c.o
 .text.config_port_power_complete
                0x20009ad0       0x94 CMakeFiles/C1ZZL3_reverb15_midi_experimental.dir/Users/adrianvos/pico-sdk/lib/tinyusb/src/host/hub.c.o
 .text.connection_clear_conn_change_complete
                0x20009b64       0x94 CMakeFiles/C1ZZL3_reverb15_midi_experimental.dir/Users/adrianvos/pico-sdk/lib/tinyusb/src/host/hub.c.o
 .text.hub_get_status_complete
                0x20009bf8       0x70 CMakeFiles/C1ZZL3_reverb15_midi_experimental.dir/Users/adrianvos/pico-sdk/lib/tinyusb/src/host/hub.c.o
 .text.hub_port_get_status_complete
                0x20009c68      0x168 CMakeFiles/C1ZZL3_reverb15_midi_experimental.dir/Users/adrianvos/pico-sdk/lib/tinyusb/src/host/hub.c.o
 .text.hub_port_clear_feature
                0x20009dd0       0x48 CMakeFiles/C1ZZL3_reverb15_midi_experimental.dir/Users/adrianvos/pico-sdk/lib/tinyusb/src/host/hub.c.o
                0x20009dd0                hub_port_clear_feature
 .text.hub_port_get_status
                0x20009e18       0x50 CMakeFiles/C1ZZL3_reverb15_midi_experimental.dir/Users/adrianvos/pico-sdk/lib/tinyusb/src/host/hub.c.o
                0x20009e18                hub_port_get_status
 .text.hub_init
                0x20009e68       0x14 CMakeFiles/C1ZZL3_reverb15_midi_experimental.dir/Users/adrianvos/pico-sdk/lib/tinyusb/src/host/hub.c.o
                0x20009e68                hub_init
 .text.hub_deinit
                0x20009e7c        0x4 CMakeFiles/C1ZZL3_reverb15_midi_experimental.dir/Users/adrianvos/pico-sdk/lib/tinyusb/src/host/hub.c.o
                0x20009e7c                hub_deinit
 .text.hub_open
                0x20009e80       0x58 CMakeFiles/C1ZZL3_reverb15_midi_experimental.dir/Users/adrianvos/pico-sdk/lib/tinyusb/src/host/hub.c.o
                0x20009e80                hub_open
 .text.hub_close
                0x20009ed8       0x24 CMakeFiles/C1ZZL3_reverb15_midi_experimental.dir/Users/adrianvos/pico-sdk/lib/tinyusb/src/host/hub.c.o
                0x20009ed8                hub_close
 .text.hub_edpt_status_xfer
                0x20009efc       0x28 CMakeFiles/C1ZZL3_reverb15_midi_experimental.dir/Users/adrianvos/pico-sdk/lib/tinyusb/src/host/hub.c.o
                0x20009efc                hub_edpt_status_xfer
 .text.hub_set_config
                0x20009f24       0x54 CMakeFiles/C1ZZL3_reverb15_midi_experimental.dir/Users/adrianvos/pico-sdk/lib/tinyusb/src/host/hub.c.o
                0x20009f24                hub_set_config
 .text.hub_xfer_cb
                0x20009f78      0x114 CMakeFiles/C1ZZL3_reverb15_midi_experimental.dir/Users/adrianvos/pico-sdk/lib/tinyusb/src/host/hub.c.o
                0x20009f78                hub_xfer_cb
 .text          0x2000a08c        0x4 /Applications/ArmGNUToolchain/15.2.rel1/arm-none-eabi/bin/../lib/gcc/arm-none-eabi/15.2.1/thumb/v6-m/nofp/libgcc.a(_dvmd_tls.o)
                0x2000a08c                __aeabi_ldiv0
                0x2000a08c                __aeabi_idiv0
 .text.calloc   0x2000a090       0x14 /Applications/ArmGNUToolchain/15.2.rel1/arm-none-eabi/bin/../lib/gcc/arm-none-eabi/15.2.1/../../../../arm-none-eabi/lib/thumb/v6-m/nofp/libg.a(libc_a-calloc.o)
                0x2000a090                calloc
 .text._calloc_r
                0x2000a0a4       0xb8 /Applications/ArmGNUToolchain/15.2.rel1/arm-none-eabi/bin/../lib/gcc/arm-none-eabi/15.2.1/../../../../arm-none-eabi/lib/thumb/v6-m/nofp/libg.a(libc_a-callocr.o)
                0x2000a0a4                _calloc_r
 .text.malloc   0x2000a15c       0x14 /Applications/ArmGNUToolchain/15.2.rel1/arm-none-eabi/bin/../lib/gcc/arm-none-eabi/15.2.1/../../../../arm-none-eabi/lib/thumb/v6-m/nofp/libg.a(libc_a-malloc.o)
                0x2000a15c                malloc
 .text.free     0x2000a170       0x14 /Applications/ArmGNUToolchain/15.2.rel1/arm-none-eabi/bin/../lib/gcc/arm-none-eabi/15.2.1/../../../../arm-none-eabi/lib/thumb/v6-m/nofp/libg.a(libc_a-malloc.o)
                0x2000a170                free
 .text._malloc_r
                0x2000a184      0x564 /Applications/ArmGNUToolchain/15.2.rel1/arm-none-eabi/bin/../lib/gcc/arm-none-eabi/15.2.1/../../../../arm-none-eabi/lib/thumb/v6-m/nofp/libg.a(libc_a-mallocr.o)
                0x2000a184                _malloc_r
 .text.__malloc_lock
                0x2000a6e8       0x10 /Applications/ArmGNUToolchain/15.2.rel1/arm-none-eabi/bin/../lib/gcc/arm-none-eabi/15.2.1/../../../../arm-none-eabi/lib/thumb/v6-m/nofp/libg.a(libc_a-mlock.o)
                0x2000a6e8                __malloc_lock
 .text.__malloc_unlock
                0x2000a6f8       0x10 /Applications/ArmGNUToolchain/15.2.rel1/arm-none-eabi/bin/../lib/gcc/arm-none-eabi/15.2.1/../../../../arm-none-eabi/lib/thumb/v6-m/nofp/libg.a(libc_a-mlock.o)
                0x2000a6f8                __malloc_unlock
 .text._sbrk_r  0x2000a708       0x24 /Applications/ArmGNUToolchain/15.2.rel1/arm-none-eabi/bin/../lib/gcc/arm-none-eabi/15.2.1/../../../../arm-none-eabi/lib/thumb/v6-m/nofp/libg.a(libc_a-sbrkr.o)
                0x2000a708                _sbrk_r
 .text.__errno  0x2000a72c        0xc /Applications/ArmGNUToolchain/15.2.rel1/arm-none-eabi/bin/../lib/gcc/arm-none-eabi/15.2.1/../../../../arm-none-eabi/lib/thumb/v6-m/nofp/libg.a(libc_a-errno.o)
                0x2000a72c                __errno
 .text.sysconf  0x2000a738       0x1c /Applications/ArmGNUToolchain/15.2.rel1/arm-none-eabi/bin/../lib/gcc/arm-none-eabi/15.2.1/../../../../arm-none-eabi/lib/thumb/v6-m/nofp/libg.a(libc_a-sysconf.o)
                0x2000a738                sysconf
 .text.__retarget_lock_acquire_recursive
                0x2000a754        0x4 /Applications/ArmGNUToolchain/15.2.rel1/arm-none-eabi/bin/../lib/gcc/arm-none-eabi/15.2.1/../../../../arm-none-eabi/lib/thumb/v6-m/nofp/libg.a(libc_a-lock.o)
                0x2000a754                __retarget_lock_acquire_recursive
 .text.__retarget_lock_release_recursive
                0x2000a758        0x4 /Applications/ArmGNUToolchain/15.2.rel1/arm-none-eabi/bin/../lib/gcc/arm-none-eabi/15.2.1/../../../../arm-none-eabi/lib/thumb/v6-m/nofp/libg.a(libc_a-lock.o)
                0x2000a758                __retarget_lock_release_recursive
 .text.strlen   0x2000a75c       0x60 /Applications/ArmGNUToolchain/15.2.rel1/arm-none-eabi/bin/../lib/gcc/arm-none-eabi/15.2.1/../../../../arm-none-eabi/lib/thumb/v6-m/nofp/libg.a(libc_a-strlen-stub.o)
                0x2000a75c                strlen
 .text._malloc_trim_r
                0x2000a7bc       0xb0 /Applications/ArmGNUToolchain/15.2.rel1/arm-none-eabi/bin/../lib/gcc/arm-none-eabi/15.2.1/../../../../arm-none-eabi/lib/thumb/v6-m/nofp/libg.a(libc_a-freer.o)
                0x2000a7bc                _malloc_trim_r
 .text._free_r  0x2000a86c      0x1d4 /Applications/ArmGNUToolchain/15.2.rel1/arm-none-eabi/bin/../lib/gcc/arm-none-eabi/15.2.1/../../../../arm-none-eabi/lib/thumb/v6-m/nofp/libg.a(libc_a-freer.o)
                0x2000a86c                _free_r
 *(.fini)
 .fini          0x2000aa40        0x4 /Applications/ArmGNUToolchain/15.2.rel1/arm-none-eabi/bin/../lib/gcc/arm-none-eabi/15.2.1/thumb/v6-m/nofp/crti.o
                0x2000aa40                _fini
 *crtbegin.o(.ctors)
 *crtbegin?.o(.ctors)
 *(EXCLUDE_FILE(*crtend.o *crtend?.o) .ctors)
 *(SORT_BY_NAME(.ctors.*))
 *(.ctors)
 *crtbegin.o(.dtors)
 *crtbegin?.o(.dtors)
 *(EXCLUDE_FILE(*crtend.o *crtend?.o) .dtors)
 *(SORT_BY_NAME(.dtors.*))
 *(.dtors)
 *(.eh_frame*)
 .eh_frame      0x2000aa44        0x0 /Applications/ArmGNUToolchain/15.2.rel1/arm-none-eabi/bin/../lib/gcc/arm-none-eabi/15.2.1/thumb/v6-m/nofp/crtbegin.o
                0x2000aa44                        . = ALIGN (0x4)
                0x2000aa44                        __ram_text_end__ = .
                0x100002b4                        __ram_text_source__ = LOADADDR (.text)

.glue_7         0x2000aa44        0x0 load address 0x1000ac38
 .glue_7        0x2000aa44        0x0 linker stubs

.glue_7t        0x2000aa44        0x0 load address 0x1000ac38
 .glue_7t       0x2000aa44        0x0 linker stubs

.vfp11_veneer   0x2000aa44        0x0 load address 0x1000ac38
 .vfp11_veneer  0x2000aa44        0x0 linker stubs

.v4_bx          0x2000aa44        0x0 load address 0x1000ac38
 .v4_bx         0x2000aa44        0x0 linker stubs

.iplt           0x2000aa44        0x0 load address 0x1000ac38
 .iplt          0x2000aa44        0x0 /Applications/ArmGNUToolchain/15.2.rel1/arm-none-eabi/bin/../lib/gcc/arm-none-eabi/15.2.1/thumb/v6-m/nofp/crtbegin.o
                0x2000aa44                        . = ALIGN (0x4)

.data           0x2000aa50     0x3348 load address 0x1000ac38
                0x2000aa50                        __data_start__ = .
 *(vtable)
 *(.time_critical*)
 .time_critical.ComputerCard::AudioWorker
                0x2000aa50      0x1d8 CMakeFiles/C1ZZL3_reverb15_midi_experimental.dir/C1ZZL3.cpp.o
                0x2000aa50                ComputerCard::AudioWorker()
 .time_critical.ComputerCard::BufferFull
                0x2000ac28      0x60c CMakeFiles/C1ZZL3_reverb15_midi_experimental.dir/C1ZZL3.cpp.o
                0x2000ac28                ComputerCard::BufferFull()
 .time_critical.mutex_enter_blocking
                0x2000b234       0x48 CMakeFiles/C1ZZL3_reverb15_midi_experimental.dir/Users/adrianvos/pico-sdk/src/common/pico_sync/mutex.c.o
                0x2000b234                mutex_enter_blocking
 .time_critical.mutex_try_enter_block_until
                0x2000b27c       0x98 CMakeFiles/C1ZZL3_reverb15_midi_experimental.dir/Users/adrianvos/pico-sdk/src/common/pico_sync/mutex.c.o
                0x2000b27c                mutex_try_enter_block_until
 .time_critical.mutex_enter_timeout_ms
                0x2000b314       0x8c CMakeFiles/C1ZZL3_reverb15_midi_experimental.dir/Users/adrianvos/pico-sdk/src/common/pico_sync/mutex.c.o
                0x2000b314                mutex_enter_timeout_ms
 .time_critical.mutex_exit
                0x2000b3a0       0x28 CMakeFiles/C1ZZL3_reverb15_midi_experimental.dir/Users/adrianvos/pico-sdk/src/common/pico_sync/mutex.c.o
                0x2000b3a0                mutex_exit
 .time_critical.flash_init_boot2_copyout
                0x2000b3c8       0x30 CMakeFiles/C1ZZL3_reverb15_midi_experimental.dir/Users/adrianvos/pico-sdk/src/rp2_common/hardware_flash/flash.c.o
 .time_critical.flash_enable_xip_via_boot2
                0x2000b3f8        0xc CMakeFiles/C1ZZL3_reverb15_midi_experimental.dir/Users/adrianvos/pico-sdk/src/rp2_common/hardware_flash/flash.c.o
 .time_critical.flash_save_hardware_state
                0x2000b404       0x20 CMakeFiles/C1ZZL3_reverb15_midi_experimental.dir/Users/adrianvos/pico-sdk/src/rp2_common/hardware_flash/flash.c.o
 .time_critical.flash_restore_hardware_state
                0x2000b424       0x20 CMakeFiles/C1ZZL3_reverb15_midi_experimental.dir/Users/adrianvos/pico-sdk/src/rp2_common/hardware_flash/flash.c.o
 .time_critical.flash_cs_force
                0x2000b444       0x38 CMakeFiles/C1ZZL3_reverb15_midi_experimental.dir/Users/adrianvos/pico-sdk/src/rp2_common/hardware_flash/flash.c.o
 .time_critical.flash_range_erase
                0x2000b47c       0x90 CMakeFiles/C1ZZL3_reverb15_midi_experimental.dir/Users/adrianvos/pico-sdk/src/rp2_common/hardware_flash/flash.c.o
                0x2000b47c                flash_range_erase
 .time_critical.flash_range_program
                0x2000b50c       0x90 CMakeFiles/C1ZZL3_reverb15_midi_experimental.dir/Users/adrianvos/pico-sdk/src/rp2_common/hardware_flash/flash.c.o
                0x2000b50c                flash_range_program
 .time_critical.flash_do_cmd
                0x2000b59c      0x124 CMakeFiles/C1ZZL3_reverb15_midi_experimental.dir/Users/adrianvos/pico-sdk/src/rp2_common/hardware_flash/flash.c.o
                0x2000b59c                flash_do_cmd
 .time_critical.reset_non_control_endpoints
                0x2000b6c0       0x68 CMakeFiles/C1ZZL3_reverb15_midi_experimental.dir/Users/adrianvos/pico-sdk/lib/tinyusb/src/portable/raspberrypi/rp2040/dcd_rp2040.c.o
 .time_critical.hw_handle_buff_status
                0x2000b728       0x88 CMakeFiles/C1ZZL3_reverb15_midi_experimental.dir/Users/adrianvos/pico-sdk/lib/tinyusb/src/portable/raspberrypi/rp2040/dcd_rp2040.c.o
 .time_critical.dcd_rp2040_irq
                0x2000b7b0      0x53c CMakeFiles/C1ZZL3_reverb15_midi_experimental.dir/Users/adrianvos/pico-sdk/lib/tinyusb/src/portable/raspberrypi/rp2040/dcd_rp2040.c.o
 .time_critical.prepare_ep_buffer
                0x2000bcec       0xc4 CMakeFiles/C1ZZL3_reverb15_midi_experimental.dir/Users/adrianvos/pico-sdk/lib/tinyusb/src/portable/raspberrypi/rp2040/rp2040_usb.c.o
 .time_critical.sync_ep_buffer
                0x2000bdb0       0xa0 CMakeFiles/C1ZZL3_reverb15_midi_experimental.dir/Users/adrianvos/pico-sdk/lib/tinyusb/src/portable/raspberrypi/rp2040/rp2040_usb.c.o
 .time_critical._hw_endpoint_xfer_sync
                0x2000be50       0x28 CMakeFiles/C1ZZL3_reverb15_midi_experimental.dir/Users/adrianvos/pico-sdk/lib/tinyusb/src/portable/raspberrypi/rp2040/rp2040_usb.c.o
 .time_critical.e15_is_bulkin_ep
                0x2000be78       0x28 CMakeFiles/C1ZZL3_reverb15_midi_experimental.dir/Users/adrianvos/pico-sdk/lib/tinyusb/src/portable/raspberrypi/rp2040/rp2040_usb.c.o
 .time_critical.e15_is_critical_frame_period
                0x2000bea0       0x30 CMakeFiles/C1ZZL3_reverb15_midi_experimental.dir/Users/adrianvos/pico-sdk/lib/tinyusb/src/portable/raspberrypi/rp2040/rp2040_usb.c.o
 .time_critical.hw_endpoint_reset_transfer
                0x2000bed0        0xc CMakeFiles/C1ZZL3_reverb15_midi_experimental.dir/Users/adrianvos/pico-sdk/lib/tinyusb/src/portable/raspberrypi/rp2040/rp2040_usb.c.o
                0x2000bed0                hw_endpoint_reset_transfer
 .time_critical._hw_endpoint_buffer_control_update32
                0x2000bedc       0x50 CMakeFiles/C1ZZL3_reverb15_midi_experimental.dir/Users/adrianvos/pico-sdk/lib/tinyusb/src/portable/raspberrypi/rp2040/rp2040_usb.c.o
                0x2000bedc                _hw_endpoint_buffer_control_update32
 .time_critical.hw_endpoint_start_next_buffer
                0x2000bf2c       0x68 CMakeFiles/C1ZZL3_reverb15_midi_experimental.dir/Users/adrianvos/pico-sdk/lib/tinyusb/src/portable/raspberrypi/rp2040/rp2040_usb.c.o
                0x2000bf2c                hw_endpoint_start_next_buffer
 .time_critical.hw_endpoint_xfer_continue
                0x2000bf94       0x40 CMakeFiles/C1ZZL3_reverb15_midi_experimental.dir/Users/adrianvos/pico-sdk/lib/tinyusb/src/portable/raspberrypi/rp2040/rp2040_usb.c.o
                0x2000bf94                hw_endpoint_xfer_continue
 .time_critical.tinyusb
                0x2000bfd4      0x1d4 CMakeFiles/C1ZZL3_reverb15_midi_experimental.dir/Users/adrianvos/pico-sdk/lib/tinyusb/src/device/usbd.c.o
                0x2000bfd4                dcd_event_handler
 .time_critical.hw_xfer_complete
                0x2000c1a8       0x40 CMakeFiles/C1ZZL3_reverb15_midi_experimental.dir/Users/adrianvos/pico-sdk/lib/tinyusb/src/portable/raspberrypi/rp2040/hcd_rp2040.c.o
 .time_critical.hw_trans_complete
                0x2000c1e8       0x20 CMakeFiles/C1ZZL3_reverb15_midi_experimental.dir/Users/adrianvos/pico-sdk/lib/tinyusb/src/portable/raspberrypi/rp2040/hcd_rp2040.c.o
 .time_critical._handle_buff_status_bit
                0x2000c208       0x24 CMakeFiles/C1ZZL3_reverb15_midi_experimental.dir/Users/adrianvos/pico-sdk/lib/tinyusb/src/portable/raspberrypi/rp2040/hcd_rp2040.c.o
 .time_critical.hw_handle_buff_status
                0x2000c22c       0x84 CMakeFiles/C1ZZL3_reverb15_midi_experimental.dir/Users/adrianvos/pico-sdk/lib/tinyusb/src/portable/raspberrypi/rp2040/hcd_rp2040.c.o
 .time_critical.hcd_rp2040_irq
                0x2000c2b0      0x190 CMakeFiles/C1ZZL3_reverb15_midi_experimental.dir/Users/adrianvos/pico-sdk/lib/tinyusb/src/portable/raspberrypi/rp2040/hcd_rp2040.c.o
 .time_critical.tinyusb
                0x2000c440       0x78 CMakeFiles/C1ZZL3_reverb15_midi_experimental.dir/Users/adrianvos/pico-sdk/lib/tinyusb/src/host/usbh.c.o
                0x2000c440                hcd_event_handler
                0x2000c4b8                        . = ALIGN (0x4)
 *(.rodata*)
 .rodata._ZN6C1ZZL316outputSynthVoiceElllll
                0x2000c4b8       0x8c CMakeFiles/C1ZZL3_reverb15_midi_experimental.dir/C1ZZL3.cpp.o
 .rodata.CSWTCH.278
                0x2000c544       0x20 CMakeFiles/C1ZZL3_reverb15_midi_experimental.dir/C1ZZL3.cpp.o
 .rodata._ZTV12ComputerCard
                0x2000c564        0xc CMakeFiles/C1ZZL3_reverb15_midi_experimental.dir/C1ZZL3.cpp.o
                0x2000c564                vtable for ComputerCard
 .rodata._ZTV6C1ZZL3
                0x2000c570        0xc CMakeFiles/C1ZZL3_reverb15_midi_experimental.dir/C1ZZL3.cpp.o
                0x2000c570                vtable for C1ZZL3
 .rodata._ZZN6C1ZZL314pitchFrequencyElE16SemitoneRatioQ15
                0x2000c57c       0x34 CMakeFiles/C1ZZL3_reverb15_midi_experimental.dir/C1ZZL3.cpp.o
                0x2000c57c                C1ZZL3::pitchFrequency(long)::SemitoneRatioQ15
 .rodata._ZZN6C1ZZL315envelopeProgramEvE3off
                0x2000c5b0       0x80 CMakeFiles/C1ZZL3_reverb15_midi_experimental.dir/C1ZZL3.cpp.o
                0x2000c5b0                C1ZZL3::envelopeProgram()::off
 .rodata._ZZN6C1ZZL315envelopeProgramEvE15evolvingDigital
                0x2000c630       0x80 CMakeFiles/C1ZZL3_reverb15_midi_experimental.dir/C1ZZL3.cpp.o
                0x2000c630                C1ZZL3::envelopeProgram()::evolvingDigital
 .rodata._ZZN6C1ZZL315envelopeProgramEvE12reverseSwell
                0x2000c6b0       0x80 CMakeFiles/C1ZZL3_reverb15_midi_experimental.dir/C1ZZL3.cpp.o
                0x2000c6b0                C1ZZL3::envelopeProgram()::reverseSwell
 .rodata._ZZN6C1ZZL315envelopeProgramEvE7strings
                0x2000c730       0x80 CMakeFiles/C1ZZL3_reverb15_midi_experimental.dir/C1ZZL3.cpp.o
                0x2000c730                C1ZZL3::envelopeProgram()::strings
 .rodata._ZZN6C1ZZL315envelopeProgramEvE5brass
                0x2000c7b0       0x80 CMakeFiles/C1ZZL3_reverb15_midi_experimental.dir/C1ZZL3.cpp.o
                0x2000c7b0                C1ZZL3::envelopeProgram()::brass
 .rodata._ZZN6C1ZZL315envelopeProgramEvE4bell
                0x2000c830       0x80 CMakeFiles/C1ZZL3_reverb15_midi_experimental.dir/C1ZZL3.cpp.o
                0x2000c830                C1ZZL3::envelopeProgram()::bell
 .rodata._ZZN6C1ZZL315envelopeProgramEvE6bounce
                0x2000c8b0       0x80 CMakeFiles/C1ZZL3_reverb15_midi_experimental.dir/C1ZZL3.cpp.o
                0x2000c8b0                C1ZZL3::envelopeProgram()::bounce
 .rodata._ZZN6C1ZZL315envelopeProgramEvE11doublePluck
                0x2000c930       0x80 CMakeFiles/C1ZZL3_reverb15_midi_experimental.dir/C1ZZL3.cpp.o
                0x2000c930                C1ZZL3::envelopeProgram()::doublePluck
 .rodata._ZZN6C1ZZL315envelopeProgramEvE5pluck
                0x2000c9b0       0x80 CMakeFiles/C1ZZL3_reverb15_midi_experimental.dir/C1ZZL3.cpp.o
                0x2000c9b0                C1ZZL3::envelopeProgram()::pluck
 .rodata._ZN12ComputerCard4ledsE
                0x2000ca30        0x6 CMakeFiles/C1ZZL3_reverb15_midi_experimental.dir/C1ZZL3.cpp.o
                0x2000ca30                ComputerCard::leds
 *fill*         0x2000ca36        0x2 
 .rodata.sineLUT
                0x2000ca38      0x800 CMakeFiles/C1ZZL3_reverb15_midi_experimental.dir/C1ZZL3_LUT.cpp.o
                0x2000ca38                sineLUT
 .rodata.str1.4
                0x2000d238      0x1c8 CMakeFiles/C1ZZL3_reverb15_midi_experimental.dir/usb_descriptors.c.o
                                 0x40 (size before relaxing)
 .rodata.__compound_literal.0
                0x2000d400        0x2 CMakeFiles/C1ZZL3_reverb15_midi_experimental.dir/usb_descriptors.c.o
 *fill*         0x2000d402        0x2 
 .rodata.desc_configuration
                0x2000d404       0x65 CMakeFiles/C1ZZL3_reverb15_midi_experimental.dir/usb_descriptors.c.o
                0x2000d404                desc_configuration
 *fill*         0x2000d469        0x3 
 .rodata.desc_device
                0x2000d46c       0x12 CMakeFiles/C1ZZL3_reverb15_midi_experimental.dir/usb_descriptors.c.o
                0x2000d46c                desc_device
 .rodata.panic.str1.4
                0x2000d47e        0x0 CMakeFiles/C1ZZL3_reverb15_midi_experimental.dir/Users/adrianvos/pico-sdk/src/rp2_common/pico_platform_panic/panic.c.o
                                 0x12 (size before relaxing)
 .rodata.spin_lock_claim_unused.str1.4
                0x2000d47e        0x0 CMakeFiles/C1ZZL3_reverb15_midi_experimental.dir/Users/adrianvos/pico-sdk/src/rp2_common/hardware_sync/sync.c.o
                                 0x1b (size before relaxing)
 .rodata.timer_hardware_alarm_claim.str1.4
                0x2000d47e        0x0 CMakeFiles/C1ZZL3_reverb15_midi_experimental.dir/Users/adrianvos/pico-sdk/src/rp2_common/hardware_timer/timer.c.o
                                 0x22 (size before relaxing)
 .rodata.hard_assertion_failure.str1.4
                0x2000d47e        0x0 CMakeFiles/C1ZZL3_reverb15_midi_experimental.dir/Users/adrianvos/pico-sdk/src/rp2_common/pico_runtime/runtime.c.o
                                  0xc (size before relaxing)
 .rodata.__wrap_malloc.str1.4
                0x2000d47e        0x0 CMakeFiles/C1ZZL3_reverb15_midi_experimental.dir/Users/adrianvos/pico-sdk/src/rp2_common/pico_malloc/malloc.c.o
                                  0xe (size before relaxing)
 .rodata.str1.4
                0x2000d47e        0x0 CMakeFiles/C1ZZL3_reverb15_midi_experimental.dir/Users/adrianvos/pico-sdk/src/rp2_common/pico_standard_binary_info/standard_binary_info.c.o
                                 0x58 (size before relaxing)
 *fill*         0x2000d47e        0x2 
 .rodata.__bi_84
                0x2000d480        0xc CMakeFiles/C1ZZL3_reverb15_midi_experimental.dir/Users/adrianvos/pico-sdk/src/rp2_common/pico_standard_binary_info/standard_binary_info.c.o
 .rodata.__bi_78
                0x2000d48c        0xc CMakeFiles/C1ZZL3_reverb15_midi_experimental.dir/Users/adrianvos/pico-sdk/src/rp2_common/pico_standard_binary_info/standard_binary_info.c.o
 .rodata.__bi_54
                0x2000d498        0xc CMakeFiles/C1ZZL3_reverb15_midi_experimental.dir/Users/adrianvos/pico-sdk/src/rp2_common/pico_standard_binary_info/standard_binary_info.c.o
 .rodata.__bi_48
                0x2000d4a4        0xc CMakeFiles/C1ZZL3_reverb15_midi_experimental.dir/Users/adrianvos/pico-sdk/src/rp2_common/pico_standard_binary_info/standard_binary_info.c.o
 .rodata.__bi_42
                0x2000d4b0        0xc CMakeFiles/C1ZZL3_reverb15_midi_experimental.dir/Users/adrianvos/pico-sdk/src/rp2_common/pico_standard_binary_info/standard_binary_info.c.o
 .rodata.__bi_34
                0x2000d4bc        0xc CMakeFiles/C1ZZL3_reverb15_midi_experimental.dir/Users/adrianvos/pico-sdk/src/rp2_common/pico_standard_binary_info/standard_binary_info.c.o
 .rodata.__bi_26
                0x2000d4c8        0xc CMakeFiles/C1ZZL3_reverb15_midi_experimental.dir/Users/adrianvos/pico-sdk/src/rp2_common/pico_standard_binary_info/standard_binary_info.c.o
 .rodata.crlf_str.0
                0x2000d4d4        0x2 CMakeFiles/C1ZZL3_reverb15_midi_experimental.dir/Users/adrianvos/pico-sdk/src/rp2_common/pico_stdio/stdio.c.o
 .rodata.dma_claim_unused_channel.str1.4
                0x2000d4d6        0x0 CMakeFiles/C1ZZL3_reverb15_midi_experimental.dir/Users/adrianvos/pico-sdk/src/rp2_common/hardware_dma/dma.c.o
                                 0x1e (size before relaxing)
 .rodata.str1.4
                0x2000d4d6        0x0 CMakeFiles/C1ZZL3_reverb15_midi_experimental.dir/Users/adrianvos/pico-sdk/lib/tinyusb/src/portable/raspberrypi/rp2040/dcd_rp2040.c.o
                                 0x14 (size before relaxing)
 .rodata.str1.4
                0x2000d4d6        0x0 CMakeFiles/C1ZZL3_reverb15_midi_experimental.dir/Users/adrianvos/pico-sdk/lib/tinyusb/src/portable/raspberrypi/rp2040/rp2040_usb.c.o
                                 0x48 (size before relaxing)
 *fill*         0x2000d4d6        0x2 
 .rodata.tud_task_ext
                0x2000d4d8       0x8c CMakeFiles/C1ZZL3_reverb15_midi_experimental.dir/Users/adrianvos/pico-sdk/lib/tinyusb/src/device/usbd.c.o
 .rodata        0x2000d564       0x1c CMakeFiles/C1ZZL3_reverb15_midi_experimental.dir/Users/adrianvos/pico-sdk/lib/tinyusb/src/device/usbd.c.o
 .rodata._usbd_driver
                0x2000d580       0x20 CMakeFiles/C1ZZL3_reverb15_midi_experimental.dir/Users/adrianvos/pico-sdk/lib/tinyusb/src/device/usbd.c.o
 .rodata.str1.4
                0x2000d5a0        0x0 CMakeFiles/C1ZZL3_reverb15_midi_experimental.dir/Users/adrianvos/pico-sdk/lib/tinyusb/src/portable/raspberrypi/rp2040/hcd_rp2040.c.o
                                 0x40 (size before relaxing)
 .rodata.hcd_port_speed_get.str1.4
                0x2000d5a0        0x0 CMakeFiles/C1ZZL3_reverb15_midi_experimental.dir/Users/adrianvos/pico-sdk/lib/tinyusb/src/portable/raspberrypi/rp2040/hcd_rp2040.c.o
                                  0xf (size before relaxing)
 .rodata.process_enumeration
                0x2000d5a0       0x34 CMakeFiles/C1ZZL3_reverb15_midi_experimental.dir/Users/adrianvos/pico-sdk/lib/tinyusb/src/host/usbh.c.o
 .rodata.usbh_class_drivers
                0x2000d5d4       0x1c CMakeFiles/C1ZZL3_reverb15_midi_experimental.dir/Users/adrianvos/pico-sdk/lib/tinyusb/src/host/usbh.c.o
 .rodata        0x2000d5f0        0x8 CMakeFiles/C1ZZL3_reverb15_midi_experimental.dir/Users/adrianvos/pico-sdk/lib/tinyusb/src/host/hub.c.o
 .rodata.str1.4
                0x2000d5f8        0x0 CMakeFiles/C1ZZL3_reverb15_midi_experimental.dir/Users/adrianvos/pico-sdk/lib/tinyusb/hw/bsp/rp2040/family.c.o
                                  0x4 (size before relaxing)
 .rodata.__bi_153.0
                0x2000d5f8        0xc CMakeFiles/C1ZZL3_reverb15_midi_experimental.dir/Users/adrianvos/pico-sdk/lib/tinyusb/hw/bsp/rp2040/family.c.o
 .rodata.__bi_163.1
                0x2000d604        0x8 CMakeFiles/C1ZZL3_reverb15_midi_experimental.dir/Users/adrianvos/pico-sdk/lib/tinyusb/hw/bsp/rp2040/family.c.o
                0x2000d60c                        . = ALIGN (0x4)
 *(.data*)
 .data._ZZN12ComputerCard10BufferFullEvE14startupCounter
                0x2000d60c        0x4 CMakeFiles/C1ZZL3_reverb15_midi_experimental.dir/C1ZZL3.cpp.o
 .data._ZZN12ComputerCard15next_norm_probeEvE8lcg_seed
                0x2000d610        0x4 CMakeFiles/C1ZZL3_reverb15_midi_experimental.dir/C1ZZL3.cpp.o
 .data._ZN12ComputerCard7cvValueE
                0x2000d614        0x8 CMakeFiles/C1ZZL3_reverb15_midi_experimental.dir/C1ZZL3.cpp.o
                0x2000d614                ComputerCard::cvValue
 .data.string_desc_arr
                0x2000d61c       0x10 CMakeFiles/C1ZZL3_reverb15_midi_experimental.dir/usb_descriptors.c.o
                0x2000d61c                string_desc_arr
 *fill*         0x2000d62c        0x4 
 .data.midih_limits
                0x2000d630        0xc CMakeFiles/C1ZZL3_reverb15_midi_experimental.dir/usb_midi_host.c.o
 .data.host_driver.0
                0x2000d63c       0x1c CMakeFiles/C1ZZL3_reverb15_midi_experimental.dir/usb_midi_host_app_driver.c.o
 .data.striped_spin_lock_num
                0x2000d658        0x1 CMakeFiles/C1ZZL3_reverb15_midi_experimental.dir/Users/adrianvos/pico-sdk/src/rp2_common/hardware_sync/sync.c.o
 *fill*         0x2000d659        0x3 
 .data          0x2000d65c       0x48 CMakeFiles/C1ZZL3_reverb15_midi_experimental.dir/Users/adrianvos/pico-sdk/src/rp2_common/hardware_irq/irq_handler_chain.S.o
                0x2000d65c                irq_handler_chain_slots
                0x2000d68c                irq_handler_chain_first_slot
                0x2000d696                irq_handler_chain_remove_tail
 .data.default_alarm_pool
                0x2000d6a4       0x18 CMakeFiles/C1ZZL3_reverb15_midi_experimental.dir/Users/adrianvos/pico-sdk/src/common/pico_time/time.c.o
 *fill*         0x2000d6bc        0x4 
 .data.aeabi_bits_funcs
                0x2000d6c0       0x10 CMakeFiles/C1ZZL3_reverb15_midi_experimental.dir/Users/adrianvos/pico-sdk/src/rp2_common/pico_bit_ops/bit_ops_aeabi.S.o
                0x2000d6c0                aeabi_bits_funcs
                0x2000d6d0                aeabi_bits_funcs_end
 .data.aeabi_mem_funcs
                0x2000d6d0       0x10 CMakeFiles/C1ZZL3_reverb15_midi_experimental.dir/Users/adrianvos/pico-sdk/src/rp2_common/pico_mem_ops/mem_ops_aeabi.S.o
                0x2000d6d0                aeabi_mem_funcs
                0x2000d6e0                aeabi_mem_funcs_end
 .data.i2c0_inst
                0x2000d6e0        0x8 CMakeFiles/C1ZZL3_reverb15_midi_experimental.dir/Users/adrianvos/pico-sdk/src/rp2_common/hardware_i2c/i2c.c.o
                0x2000d6e0                i2c0_inst
 .data._usbd_qdef
                0x2000d6e8       0x1c CMakeFiles/C1ZZL3_reverb15_midi_experimental.dir/Users/adrianvos/pico-sdk/lib/tinyusb/src/device/usbd.c.o
                0x2000d6e8                _usbd_qdef
 .data._usbd_rhport
                0x2000d704        0x1 CMakeFiles/C1ZZL3_reverb15_midi_experimental.dir/Users/adrianvos/pico-sdk/lib/tinyusb/src/device/usbd.c.o
 *fill*         0x2000d705        0x3 
 .data._usbh_qdef
                0x2000d708       0x1c CMakeFiles/C1ZZL3_reverb15_midi_experimental.dir/Users/adrianvos/pico-sdk/lib/tinyusb/src/host/usbh.c.o
                0x2000d708                _usbh_qdef
 .data._usbh_controller
                0x2000d724        0x1 CMakeFiles/C1ZZL3_reverb15_midi_experimental.dir/Users/adrianvos/pico-sdk/lib/tinyusb/src/host/usbh.c.o
 *fill*         0x2000d725        0x3 
 .data.__malloc_sbrk_base
                0x2000d728        0x4 /Applications/ArmGNUToolchain/15.2.rel1/arm-none-eabi/bin/../lib/gcc/arm-none-eabi/15.2.1/../../../../arm-none-eabi/lib/thumb/v6-m/nofp/libg.a(libc_a-mallocr.o)
                0x2000d728                __malloc_sbrk_base
 .data.__malloc_trim_threshold
                0x2000d72c        0x4 /Applications/ArmGNUToolchain/15.2.rel1/arm-none-eabi/bin/../lib/gcc/arm-none-eabi/15.2.1/../../../../arm-none-eabi/lib/thumb/v6-m/nofp/libg.a(libc_a-mallocr.o)
                0x2000d72c                __malloc_trim_threshold
 .data.__malloc_av_
                0x2000d730      0x408 /Applications/ArmGNUToolchain/15.2.rel1/arm-none-eabi/bin/../lib/gcc/arm-none-eabi/15.2.1/../../../../arm-none-eabi/lib/thumb/v6-m/nofp/libg.a(libc_a-mallocr.o)
                0x2000d730                __malloc_av_
 .data._impure_ptr
                0x2000db38        0x4 /Applications/ArmGNUToolchain/15.2.rel1/arm-none-eabi/bin/../lib/gcc/arm-none-eabi/15.2.1/../../../../arm-none-eabi/lib/thumb/v6-m/nofp/libg.a(libc_a-impure.o)
                0x2000db38                _impure_ptr
 *fill*         0x2000db3c        0x4 
 .data._impure_data
                0x2000db40      0x200 /Applications/ArmGNUToolchain/15.2.rel1/arm-none-eabi/bin/../lib/gcc/arm-none-eabi/15.2.1/../../../../arm-none-eabi/lib/thumb/v6-m/nofp/libg.a(libc_a-impure.o)
                0x2000db40                _impure_data
                0x2000dd40                        . = ALIGN (0x4)
 *(.after_data.*)
                0x2000dd40                        . = ALIGN (0x4)
                0x2000dd40                        PROVIDE (__mutex_array_start = .)
 *(SORT_BY_NAME(.mutex_array.*))
 *(.mutex_array)
 .mutex_array   0x2000dd40        0x8 CMakeFiles/C1ZZL3_reverb15_midi_experimental.dir/Users/adrianvos/pico-sdk/src/rp2_common/pico_malloc/malloc.c.o
 .mutex_array   0x2000dd48        0x8 CMakeFiles/C1ZZL3_reverb15_midi_experimental.dir/Users/adrianvos/pico-sdk/src/rp2_common/pico_stdio/stdio.c.o
                0x2000dd50                        PROVIDE (__mutex_array_end = .)
                0x2000dd50                        . = ALIGN (0x4)
                0x2000dd50                        PROVIDE (__preinit_array_start = .)
 *(SORT_BY_NAME(.preinit_array.*))
 .preinit_array.00100
                0x2000dd50        0x4 CMakeFiles/C1ZZL3_reverb15_midi_experimental.dir/Users/adrianvos/pico-sdk/src/rp2_common/pico_runtime_init/runtime_init.c.o
                0x2000dd50                __pre_init_runtime_init_early_resets
 .preinit_array.00101
                0x2000dd54        0x4 CMakeFiles/C1ZZL3_reverb15_midi_experimental.dir/Users/adrianvos/pico-sdk/src/rp2_common/pico_runtime_init/runtime_init.c.o
                0x2000dd54                __pre_init_runtime_init_usb_power_down
 .preinit_array.00275
                0x2000dd58        0x4 CMakeFiles/C1ZZL3_reverb15_midi_experimental.dir/Users/adrianvos/pico-sdk/src/rp2_common/pico_bit_ops/bit_ops_aeabi.S.o
 .preinit_array.00300
                0x2000dd5c        0x4 CMakeFiles/C1ZZL3_reverb15_midi_experimental.dir/Users/adrianvos/pico-sdk/src/rp2_common/pico_mem_ops/mem_ops_aeabi.S.o
 .preinit_array.00350
                0x2000dd60        0x4 CMakeFiles/C1ZZL3_reverb15_midi_experimental.dir/Users/adrianvos/pico-sdk/src/rp2_common/pico_double/double_aeabi_rp2040.S.o
 .preinit_array.00350
                0x2000dd64        0x4 CMakeFiles/C1ZZL3_reverb15_midi_experimental.dir/Users/adrianvos/pico-sdk/src/rp2_common/pico_float/float_aeabi_rp2040.S.o
 .preinit_array.00500
                0x2000dd68        0x4 CMakeFiles/C1ZZL3_reverb15_midi_experimental.dir/Users/adrianvos/pico-sdk/src/rp2_common/pico_runtime_init/runtime_init.c.o
                0x2000dd68                __pre_init_runtime_init_clocks
 .preinit_array.00600
                0x2000dd6c        0x4 CMakeFiles/C1ZZL3_reverb15_midi_experimental.dir/Users/adrianvos/pico-sdk/src/rp2_common/pico_runtime_init/runtime_init.c.o
                0x2000dd6c                __pre_init_runtime_init_post_clock_resets
 .preinit_array.00700
                0x2000dd70        0x4 CMakeFiles/C1ZZL3_reverb15_midi_experimental.dir/Users/adrianvos/pico-sdk/src/rp2_common/pico_runtime_init/runtime_init.c.o
                0x2000dd70                __pre_init_runtime_init_rp2040_gpio_ie_disable
 .preinit_array.01000
                0x2000dd74        0x4 CMakeFiles/C1ZZL3_reverb15_midi_experimental.dir/Users/adrianvos/pico-sdk/src/rp2_common/pico_runtime_init/runtime_init.c.o
                0x2000dd74                __pre_init_runtime_init_spin_locks_reset