Archive member included to satisfy reference by file (symbol)

/Applications/ArmGNUToolchain/15.2.rel1/arm-none-eabi/bin/../lib/gcc/arm-none-eabi/15.2.1/thumb/v6-m/nofp/libgcc.a(_dvmd_tls.o)
                              CMakeFiles/C1ZZL3_reverb15_midi_experimental.dir/Users/adrianvos/pico-sdk/src/rp2_common/pico_divider/divider_hardware.S.o (__aeabi_idiv0)
/Applications/ArmGNUToolchain/15.2.rel1/arm-none-eabi/bin/../lib/gcc/arm-none-eabi/15.2.1/../../../../arm-none-eabi/lib/thumb/v6-m/nofp/libg.a(libc_a-calloc.o)
                              CMakeFiles/C1ZZL3_reverb15_midi_experimental.dir/Users/adrianvos/pico-sdk/src/rp2_common/pico_malloc/malloc.c.o (calloc)
/Applications/ArmGNUToolchain/15.2.rel1/arm-none-eabi/bin/../lib/gcc/arm-none-eabi/15.2.1/../../../../arm-none-eabi/lib/thumb/v6-m/nofp/libg.a(libc_a-callocr.o)
                              /Applications/ArmGNUToolchain/15.2.rel1/arm-none-eabi/bin/../lib/gcc/arm-none-eabi/15.2.1/../../../../arm-none-eabi/lib/thumb/v6-m/nofp/libg.a(libc_a-calloc.o) (_calloc_r)
/Applications/ArmGNUToolchain/15.2.rel1/arm-none-eabi/bin/../lib/gcc/arm-none-eabi/15.2.1/../../../../arm-none-eabi/lib/thumb/v6-m/nofp/libg.a(libc_a-malloc.o)
                              CMakeFiles/C1ZZL3_reverb15_midi_experimental.dir/Users/adrianvos/pico-sdk/src/rp2_common/pico_malloc/malloc.c.o (malloc)
/Applications/ArmGNUToolchain/15.2.rel1/arm-none-eabi/bin/../lib/gcc/arm-none-eabi/15.2.1/../../../../arm-none-eabi/lib/thumb/v6-m/nofp/libg.a(libc_a-mallocr.o)
                              /Applications/ArmGNUToolchain/15.2.rel1/arm-none-eabi/bin/../lib/gcc/arm-none-eabi/15.2.1/../../../../arm-none-eabi/lib/thumb/v6-m/nofp/libg.a(libc_a-callocr.o) (_malloc_r)
/Applications/ArmGNUToolchain/15.2.rel1/arm-none-eabi/bin/../lib/gcc/arm-none-eabi/15.2.1/../../../../arm-none-eabi/lib/thumb/v6-m/nofp/libg.a(libc_a-mlock.o)
                              /Applications/ArmGNUToolchain/15.2.rel1/arm-none-eabi/bin/../lib/gcc/arm-none-eabi/15.2.1/../../../../arm-none-eabi/lib/thumb/v6-m/nofp/libg.a(libc_a-mallocr.o) (__malloc_lock)
/Applications/ArmGNUToolchain/15.2.rel1/arm-none-eabi/bin/../lib/gcc/arm-none-eabi/15.2.1/../../../../arm-none-eabi/lib/thumb/v6-m/nofp/libg.a(libc_a-realloc.o)
                              CMakeFiles/C1ZZL3_reverb15_midi_experimental.dir/Users/adrianvos/pico-sdk/src/rp2_common/pico_malloc/malloc.c.o (realloc)
/Applications/ArmGNUToolchain/15.2.rel1/arm-none-eabi/bin/../lib/gcc/arm-none-eabi/15.2.1/../../../../arm-none-eabi/lib/thumb/v6-m/nofp/libg.a(libc_a-reallocr.o)
                              /Applications/ArmGNUToolchain/15.2.rel1/arm-none-eabi/bin/../lib/gcc/arm-none-eabi/15.2.1/../../../../arm-none-eabi/lib/thumb/v6-m/nofp/libg.a(libc_a-realloc.o) (_realloc_r)
/Applications/ArmGNUToolchain/15.2.rel1/arm-none-eabi/bin/../lib/gcc/arm-none-eabi/15.2.1/../../../../arm-none-eabi/lib/thumb/v6-m/nofp/libg.a(libc_a-memcmp.o)
                              CMakeFiles/C1ZZL3_reverb15_midi_experimental.dir/Users/adrianvos/pico-sdk/src/rp2_common/pico_atomic/atomic.c.o (memcmp)
/Applications/ArmGNUToolchain/15.2.rel1/arm-none-eabi/bin/../lib/gcc/arm-none-eabi/15.2.1/../../../../arm-none-eabi/lib/thumb/v6-m/nofp/libg.a(libc_a-memmove.o)
                              /Applications/ArmGNUToolchain/15.2.rel1/arm-none-eabi/bin/../lib/gcc/arm-none-eabi/15.2.1/../../../../arm-none-eabi/lib/thumb/v6-m/nofp/libg.a(libc_a-reallocr.o) (memmove)
/Applications/ArmGNUToolchain/15.2.rel1/arm-none-eabi/bin/../lib/gcc/arm-none-eabi/15.2.1/../../../../arm-none-eabi/lib/thumb/v6-m/nofp/libg.a(libc_a-lcltime_r.o)
                              CMakeFiles/C1ZZL3_reverb15_midi_experimental.dir/Users/adrianvos/pico-sdk/src/common/pico_util/datetime.c.o (localtime_r)
/Applications/ArmGNUToolchain/15.2.rel1/arm-none-eabi/bin/../lib/gcc/arm-none-eabi/15.2.1/../../../../arm-none-eabi/lib/thumb/v6-m/nofp/libg.a(libc_a-mktime.o)
                              CMakeFiles/C1ZZL3_reverb15_midi_experimental.dir/Users/adrianvos/pico-sdk/src/common/pico_util/datetime.c.o (mktime)
/Applications/ArmGNUToolchain/15.2.rel1/arm-none-eabi/bin/../lib/gcc/arm-none-eabi/15.2.1/../../../../arm-none-eabi/lib/thumb/v6-m/nofp/libg.a(libc_a-month_lengths.o)
                              /Applications/ArmGNUToolchain/15.2.rel1/arm-none-eabi/bin/../lib/gcc/arm-none-eabi/15.2.1/../../../../arm-none-eabi/lib/thumb/v6-m/nofp/libg.a(libc_a-lcltime_r.o) (__month_lengths)
/Applications/ArmGNUToolchain/15.2.rel1/arm-none-eabi/bin/../lib/gcc/arm-none-eabi/15.2.1/../../../../arm-none-eabi/lib/thumb/v6-m/nofp/libg.a(libc_a-tzcalc_limits.o)
                              /Applications/ArmGNUToolchain/15.2.rel1/arm-none-eabi/bin/../lib/gcc/arm-none-eabi/15.2.1/../../../../arm-none-eabi/lib/thumb/v6-m/nofp/libg.a(libc_a-lcltime_r.o) (__tzcalc_limits)
/Applications/ArmGNUToolchain/15.2.rel1/arm-none-eabi/bin/../lib/gcc/arm-none-eabi/15.2.1/../../../../arm-none-eabi/lib/thumb/v6-m/nofp/libg.a(libc_a-tzlock.o)
[...]
Memory Configuration

Name             Origin             Length             Attributes
FLASH            0x10000000         0x00200000         xr
RAM              0x20000000         0x00040000         xrw
SCRATCH_X        0x20040000         0x00001000         xrw
SCRATCH_Y        0x20041000         0x00001000         xrw
*default*        0x00000000         0xffffffff

Linker script and memory map

LOAD /Applications/ArmGNUToolchain/15.2.rel1/arm-none-eabi/bin/../lib/gcc/arm-none-eabi/15.2.1/thumb/v6-m/nofp/crti.o
LOAD /Applications/ArmGNUToolchain/15.2.rel1/arm-none-eabi/bin/../lib/gcc/arm-none-eabi/15.2.1/thumb/v6-m/nofp/crtbegin.o
LOAD /Applications/ArmGNUToolchain/15.2.rel1/arm-none-eabi/bin/../lib/gcc/arm-none-eabi/15.2.1/../../../../arm-none-eabi/lib/thumb/v6-m/nofp/crt0.o

.flash_begin    0x10000000        0x0
                0x10000000                        __flash_binary_start = .

.boot2          0x10000000      0x100
                0x10000000                        __boot2_start__ = .
 *(.boot2)
 .boot2         0x10000000      0x100 pico-sdk/src/rp2040/boot_stage2/CMakeFiles/bs2_default_library.dir/bs2_default_padded_checksummed.S.o
                0x10000100                        __boot2_end__ = .
                0x00000001                        ASSERT (((__boot2_end__ - __boot2_start__) == 0x100), ERROR: Pico second stage bootloader must be 256 bytes in size)

.flashtext      0x10000100      0x190
                0x10000100                        __logical_binary_start = .
 *(.vectors)
 .vectors       0x10000100       0xd4 CMakeFiles/C1ZZL3_reverb15_midi_experimental.dir/Users/adrianvos/pico-sdk/src/rp2_common/pico_crt0/crt0.S.o
                0x10000100                __VECTOR_TABLE
                0x10000100                __vectors
                0x100001c0                isr_irq13
                0x100001c0                isr_irq27
                0x100001c0                isr_irq31
                0x100001c0                isr_irq5
                0x100001c0                isr_irq11
                0x100001c0                isr_irq23
                0x100001c0                isr_irq18
                0x100001c0                isr_irq9
                0x100001c0                __unhandled_user_irq
                0x100001c0                isr_irq25
                0x100001c0                isr_irq4
                0x100001c0                isr_irq16
                0x100001c0                isr_irq29
                0x100001c0                isr_irq26
                0x100001c0                isr_irq3
                0x100001c0                isr_irq12
                0x100001c0                isr_irq30
                0x100001c0                isr_irq28
                0x100001c0                isr_irq19
                0x100001c0                isr_irq0
                0x100001c0                isr_irq6
                0x100001c0                isr_irq22
                0x100001c0                isr_irq17
                0x100001c0                isr_irq14
                0x100001c0                __vectors_end
                0x100001c0                __default_isrs_start
                0x100001c0                isr_irq2
                0x100001c0                isr_irq10
                0x100001c0                isr_irq8
                0x100001c0                isr_irq24
                0x100001c0                isr_irq1
                0x100001c0                isr_irq7
                0x100001c0                isr_irq21
                0x100001c0                isr_irq20
                0x100001c0                isr_irq15
                0x100001c6                unhandled_user_irq_num_in_r0
                0x100001c8                isr_invalid
                0x100001ca                isr_nmi
                0x100001cc                isr_hardfault
                0x100001ce                isr_svcall
                0x100001d0                isr_pendsv
                0x100001d2                isr_systick
                0x100001d4                __default_isrs_end
 *(.binary_info_header)
 .binary_info_header
                0x100001d4       0x14 CMakeFiles/C1ZZL3_reverb15_midi_experimental.dir/Users/adrianvos/pico-sdk/src/rp2_common/pico_crt0/crt0.S.o
                0x100001e8                        __binary_info_header_end = .
 *(.embedded_block)
                0x100001e8                        __embedded_block_end = .
 *(.reset)
 .reset         0x100001e8       0xa8 CMakeFiles/C1ZZL3_reverb15_midi_experimental.dir/Users/adrianvos/pico-sdk/src/rp2_common/pico_crt0/crt0.S.o
                0x100001e8                _entry_point

.rodata         0x10000290        0x0
 *(SORT_BY_ALIGNMENT(SORT_BY_NAME(.flashdata*)))
                0x10000290                        . = ALIGN (0x4)

.ARM.extab
 *(.ARM.extab* .gnu.linkonce.armextab.*)
                0x10000290                        __exidx_start = .

.ARM.exidx
 *(.ARM.exidx* .gnu.linkonce.armexidx.*)
                0x10000290                        __exidx_end = .
                0x10000290                        . = ALIGN (0x4)
                0x10000290                        __binary_info_start = .

.binary_info    0x10000290       0x24
 *(.binary_info.keep.*)
 .binary_info.keep.__bi_ptr84
                0x10000290        0x4 CMakeFiles/C1ZZL3_reverb15_midi_experimental.dir/Users/adrianvos/pico-sdk/src/rp2_common/pico_standard_binary_info/standard_binary_info.c.o
 .binary_info.keep.__bi_ptr78
                0x10000294        0x4 CMakeFiles/C1ZZL3_reverb15_midi_experimental.dir/Users/adrianvos/pico-sdk/src/rp2_common/pico_standard_binary_info/standard_binary_info.c.o
 .binary_info.keep.__bi_ptr54
                0x10000298        0x4 CMakeFiles/C1ZZL3_reverb15_midi_experimental.dir/Users/adrianvos/pico-sdk/src/rp2_common/pico_standard_binary_info/standard_binary_info.c.o
 .binary_info.keep.__bi_ptr48
                0x1000029c        0x4 CMakeFiles/C1ZZL3_reverb15_midi_experimental.dir/Users/adrianvos/pico-sdk/src/rp2_common/pico_standard_binary_info/standard_binary_info.c.o
 .binary_info.keep.__bi_ptr42
                0x100002a0        0x4 CMakeFiles/C1ZZL3_reverb15_midi_experimental.dir/Users/adrianvos/pico-sdk/src/rp2_common/pico_standard_binary_info/standard_binary_info.c.o
 .binary_info.keep.__bi_ptr34
                0x100002a4        0x4 CMakeFiles/C1ZZL3_reverb15_midi_experimental.dir/Users/adrianvos/pico-sdk/src/rp2_common/pico_standard_binary_info/standard_binary_info.c.o
 .binary_info.keep.__bi_ptr26
                0x100002a8        0x4 CMakeFiles/C1ZZL3_reverb15_midi_experimental.dir/Users/adrianvos/pico-sdk/src/rp2_common/pico_standard_binary_info/standard_binary_info.c.o
 .binary_info.keep.__bi_ptr163
                0x100002ac        0x4 CMakeFiles/C1ZZL3_reverb15_midi_experimental.dir/Users/adrianvos/pico-sdk/lib/tinyusb/hw/bsp/rp2040/family.c.o
 .binary_info.keep.__bi_ptr153
                0x100002b0        0x4 CMakeFiles/C1ZZL3_reverb15_midi_experimental.dir/Users/adrianvos/pico-sdk/lib/tinyusb/hw/bsp/rp2040/family.c.o
 *(.binary_info.*)
                0x100002b4                        __binary_info_end = .
                0x100002b4                        . = ALIGN (0x4)

.ram_vector_table
                0x20000000       0xc0
 *(.ram_vector_table)
 .ram_vector_table
                0x20000000       0xc0 CMakeFiles/C1ZZL3_reverb15_midi_experimental.dir/Users/adrianvos/pico-sdk/src/rp2_common/pico_runtime_init/runtime_init.c.o
                0x20000000                ram_vector_table

.uninitialized_data
                0x200000c0        0x0
                0x200000c0                        . = ALIGN (0x4)
 *(.uninitialized_data*)

.text           0x200000c0     0xc42c load address 0x100002b4
                0x200000c0                        __ram_text_start__ = .
 *(.init)
 .init          0x200000c0        0x4 /Applications/ArmGNUToolchain/15.2.rel1/arm-none-eabi/bin/../lib/gcc/arm-none-eabi/15.2.1/thumb/v6-m/nofp/crti.o
                0x200000c0                _init
 *(.text*)
 .text.register_tm_clones
                0x200000c4       0x28 /Applications/ArmGNUToolchain/15.2.rel1/arm-none-eabi/bin/../lib/gcc/arm-none-eabi/15.2.1/thumb/v6-m/nofp/crtbegin.o
 .text.frame_dummy
                0x200000ec       0x24 /Applications/ArmGNUToolchain/15.2.rel1/arm-none-eabi/bin/../lib/gcc/arm-none-eabi/15.2.1/thumb/v6-m/nofp/crtbegin.o
 .text._ZN12ComputerCard11OnCVPWMWrapEv
                0x20000110       0x70 CMakeFiles/C1ZZL3_reverb15_midi_experimental.dir/C1ZZL3.cpp.o
                0x20000110                ComputerCard::OnCVPWMWrap()
 .text._ZN12ComputerCard18ReadByteFromEEPROMEjRb.constprop.0
                0x20000180       0x94 CMakeFiles/C1ZZL3_reverb15_midi_experimental.dir/C1ZZL3.cpp.o
 .text._Z13usbMidiWorkerv
                0x20000214      0xf7c CMakeFiles/C1ZZL3_reverb15_midi_experimental.dir/C1ZZL3.cpp.o
                0x20000214                usbMidiWorker()
 .text._ZN12ComputerCard13AudioCallbackEv
                0x20001190       0x10 CMakeFiles/C1ZZL3_reverb15_midi_experimental.dir/C1ZZL3.cpp.o
                0x20001190                ComputerCard::AudioCallback()
 .text._ZN12ComputerCard20ProbeHardwareVersionEv
                0x200011a0       0xc0 CMakeFiles/C1ZZL3_reverb15_midi_experimental.dir/C1ZZL3.cpp.o
                0x200011a0                ComputerCard::ProbeHardwareVersion()
 .text._ZN12ComputerCard13CalcCalCoeffsEi
                0x20001260      0x484 CMakeFiles/C1ZZL3_reverb15_midi_experimental.dir/C1ZZL3.cpp.o
                0x20001260                ComputerCard::CalcCalCoeffs(int)
 .text._ZN12ComputerCard10ReadEEPROMEv
                0x200016e4      0x370 CMakeFiles/C1ZZL3_reverb15_midi_experimental.dir/C1ZZL3.cpp.o
                0x200016e4                ComputerCard::ReadEEPROM()
 .text._ZN12ComputerCardC2Ev
                0x20001a54      0x440 CMakeFiles/C1ZZL3_reverb15_midi_experimental.dir/C1ZZL3.cpp.o
                0x20001a54                ComputerCard::ComputerCard()
                0x20001a54                ComputerCard::ComputerCard()
 .text._ZN6C1ZZL316outputSynthVoiceElllll
                0x20001e94      0xe00 CMakeFiles/C1ZZL3_reverb15_midi_experimental.dir/C1ZZL3.cpp.o
                0x20001e94                C1ZZL3::outputSynthVoice(long, long, long, long, long)
 .text._ZN6C1ZZL329savePerformanceStateIfChangedEv
                0x20002c94      0x118 CMakeFiles/C1ZZL3_reverb15_midi_experimental.dir/C1ZZL3.cpp.o
                0x20002c94                C1ZZL3::savePerformanceStateIfChanged()
 .text._ZN6C1ZZL313ProcessSampleEv
                0x20002dac     0x165c CMakeFiles/C1ZZL3_reverb15_midi_experimental.dir/C1ZZL3.cpp.o
                0x20002dac                C1ZZL3::ProcessSample()
 .text.tuh_midi_mount_cb
                0x20004408       0x10 CMakeFiles/C1ZZL3_reverb15_midi_experimental.dir/C1ZZL3.cpp.o
                0x20004408                tuh_midi_mount_cb
 .text.tuh_midi_umount_cb
                0x20004418       0x14 CMakeFiles/C1ZZL3_reverb15_midi_experimental.dir/C1ZZL3.cpp.o
                0x20004418                tuh_midi_umount_cb
 .text.tuh_midi_rx_cb
                0x2000442c      0xe20 CMakeFiles/C1ZZL3_reverb15_midi_experimental.dir/C1ZZL3.cpp.o
                0x2000442c                tuh_midi_rx_cb
 .text.tuh_midi_tx_cb
                0x2000524c        0x4 CMakeFiles/C1ZZL3_reverb15_midi_experimental.dir/C1ZZL3.cpp.o
                0x2000524c                tuh_midi_tx_cb
 .text.startup.main
                0x20005250       0x24 CMakeFiles/C1ZZL3_reverb15_midi_experimental.dir/C1ZZL3.cpp.o
                0x20005250                main
 .text.startup._GLOBAL__sub_I__ZN12ComputerCard7cvValueE
                0x20005274      0x2d8 CMakeFiles/C1ZZL3_reverb15_midi_experimental.dir/C1ZZL3.cpp.o
 .text.tud_descriptor_device_cb
                0x2000554c        0x8 CMakeFiles/C1ZZL3_reverb15_midi_experimental.dir/usb_descriptors.c.o
                0x2000554c                tud_descriptor_device_cb
 .text.tud_descriptor_configuration_cb
                0x20005554        0x8 CMakeFiles/C1ZZL3_reverb15_midi_experimental.dir/usb_descriptors.c.o
                0x20005554                tud_descriptor_configuration_cb
 .text.tud_descriptor_string_cb
                0x2000555c       0x84 CMakeFiles/C1ZZL3_reverb15_midi_experimental.dir/usb_descriptors.c.o
                0x2000555c                tud_descriptor_string_cb
 .text.write_flush.constprop.0
                0x200055e0       0x64 CMakeFiles/C1ZZL3_reverb15_midi_experimental.dir/usb_midi_host.c.o
 .text.midih_init
                0x20005644       0x9c CMakeFiles/C1ZZL3_reverb15_midi_experimental.dir/usb_midi_host.c.o
                0x20005644                midih_init
 .text.midih_deinit
                0x200056e0       0x40 CMakeFiles/C1ZZL3_reverb15_midi_experimental.dir/usb_midi_host.c.o
                0x200056e0                midih_deinit
 .text.midih_xfer_cb
                0x20005720       0xec CMakeFiles/C1ZZL3_reverb15_midi_experimental.dir/usb_midi_host.c.o
                0x20005720                midih_xfer_cb
 .text.midih_close
                0x2000580c       0x60 CMakeFiles/C1ZZL3_reverb15_midi_experimental.dir/usb_midi_host.c.o
                0x2000580c                midih_close
 .text.midih_open
                0x2000586c      0x1c8 CMakeFiles/C1ZZL3_reverb15_midi_experimental.dir/usb_midi_host.c.o
                0x2000586c                midih_open
 .text.midih_set_config
                0x20005a34       0x58 CMakeFiles/C1ZZL3_reverb15_midi_experimental.dir/usb_midi_host.c.o
                0x20005a34                midih_set_config
 .text.tuh_midi_stream_read
                0x20005a8c      0x1b0 CMakeFiles/C1ZZL3_reverb15_midi_experimental.dir/usb_midi_host.c.o
                0x20005a8c                tuh_midi_stream_read
 .text.usbh_app_driver_get_cb
                0x20005c3c        0xc CMakeFiles/C1ZZL3_reverb15_midi_experimental.dir/usb_midi_host_app_driver.c.o
                0x20005c3c                usbh_app_driver_get_cb
 .text.gpio_set_function
                0x20005c48       0x30 CMakeFiles/C1ZZL3_reverb15_midi_experimental.dir/Users/adrianvos/pico-sdk/src/rp2_common/hardware_gpio/gpio.c.o
                0x20005c48                gpio_set_function
 .text.gpio_set_pulls
                0x20005c78       0x24 CMakeFiles/C1ZZL3_reverb15_midi_experimental.dir/Users/adrianvos/pico-sdk/src/rp2_common/hardware_gpio/gpio.c.o
                0x20005c78                gpio_set_pulls
 .text.gpio_set_input_enabled
                0x20005c9c       0x24 CMakeFiles/C1ZZL3_reverb15_midi_experimental.dir/Users/adrianvos/pico-sdk/src/rp2_common/hardware_gpio/gpio.c.o
                0x20005c9c                gpio_set_input_enabled
 .text.gpio_init
                0x20005cc0       0x3c CMakeFiles/C1ZZL3_reverb15_midi_experimental.dir/Users/adrianvos/pico-sdk/src/rp2_common/hardware_gpio/gpio.c.o
                0x20005cc0                gpio_init
 .text.rp2040_chip_version
                0x20005cfc        0xc CMakeFiles/C1ZZL3_reverb15_midi_experimental.dir/Users/adrianvos/pico-sdk/src/rp2040/pico_platform/platform.c.o
                0x20005cfc                rp2040_chip_version
 .text.panic    0x20005d08       0x30 CMakeFiles/C1ZZL3_reverb15_midi_experimental.dir/Users/adrianvos/pico-sdk/src/rp2_common/pico_platform_panic/panic.c.o
                0x20005d08                panic
 .text.hw_claim_or_assert
                0x20005d38       0x50 CMakeFiles/C1ZZL3_reverb15_midi_experimental.dir/Users/adrianvos/pico-sdk/src/common/hardware_claim/claim.c.o
                0x20005d38                hw_claim_or_assert
 .text.hw_claim_unused_from_range
                0x20005d88       0x88 CMakeFiles/C1ZZL3_reverb15_midi_experimental.dir/Users/adrianvos/pico-sdk/src/common/hardware_claim/claim.c.o
                0x20005d88                hw_claim_unused_from_range
 .text.next_striped_spin_lock_num
                0x20005e10       0x18 CMakeFiles/C1ZZL3_reverb15_midi_experimental.dir/Users/adrianvos/pico-sdk/src/rp2_common/hardware_sync/sync.c.o
                0x20005e10                next_striped_spin_lock_num
 .text.spin_lock_claim_unused
                0x20005e28       0x20 CMakeFiles/C1ZZL3_reverb15_midi_experimental.dir/Users/adrianvos/pico-sdk/src/rp2_common/hardware_sync/sync.c.o
                0x20005e28                spin_lock_claim_unused
 .text.spin_locks_reset
                0x20005e48       0x1c CMakeFiles/C1ZZL3_reverb15_midi_experimental.dir/Users/adrianvos/pico-sdk/src/rp2_common/hardware_sync_spin_lock/sync_spin_lock.c.o
                0x20005e48                spin_locks_reset
 .text.runtime_init_per_core_irq_priorities
                0x20005e64       0x48 CMakeFiles/C1ZZL3_reverb15_midi_experimental.dir/Users/adrianvos/pico-sdk/src/rp2_common/hardware_irq/irq.c.o
                0x20005e64                runtime_init_per_core_irq_priorities
 .text.irq_set_enabled
                0x20005eac       0x24 CMakeFiles/C1ZZL3_reverb15_midi_experimental.dir/Users/adrianvos/pico-sdk/src/rp2_common/hardware_irq/irq.c.o
                0x20005eac                irq_set_enabled
 .text.irq_is_enabled
                0x20005ed0       0x18 CMakeFiles/C1ZZL3_reverb15_midi_experimental.dir/Users/adrianvos/pico-sdk/src/rp2_common/hardware_irq/irq.c.o
                0x20005ed0                irq_is_enabled
 .text.irq_set_exclusive_handler
                0x20005ee8       0x54 CMakeFiles/C1ZZL3_reverb15_midi_experimental.dir/Users/adrianvos/pico-sdk/src/rp2_common/hardware_irq/irq.c.o
                0x20005ee8                irq_set_exclusive_handler
 .text.irq_add_shared_handler
                0x20005f3c      0x1cc CMakeFiles/C1ZZL3_reverb15_midi_experimental.dir/Users/adrianvos/pico-sdk/src/rp2_common/hardware_irq/irq.c.o
                0x20005f3c                irq_add_shared_handler
 .text.irq_remove_handler
                0x20006108      0x1c8 CMakeFiles/C1ZZL3_reverb15_midi_experimental.dir/Users/adrianvos/pico-sdk/src/rp2_common/hardware_irq/irq.c.o
                0x20006108                irq_remove_handler
 .text.irq_set_priority
                0x200062d0       0x28 CMakeFiles/C1ZZL3_reverb15_midi_experimental.dir/Users/adrianvos/pico-sdk/src/rp2_common/hardware_irq/irq.c.o
                0x200062d0                irq_set_priority
 .text.irq_add_tail_to_free_list
                0x200062f8       0xb4 CMakeFiles/C1ZZL3_reverb15_midi_experimental.dir/Users/adrianvos/pico-sdk/src/rp2_common/hardware_irq/irq.c.o
                0x200062f8                irq_add_tail_to_free_list
 .text.lock_init
                0x200063ac       0x10 CMakeFiles/C1ZZL3_reverb15_midi_experimental.dir/Users/adrianvos/pico-sdk/src/common/pico_sync/lock_core.c.o
                0x200063ac                lock_init
 .text.runtime_init_mutex
                0x200063bc       0x50 CMakeFiles/C1ZZL3_reverb15_midi_experimental.dir/Users/adrianvos/pico-sdk/src/common/pico_sync/mutex.c.o
                0x200063bc                runtime_init_mutex
 .text.mutex_init
                0x2000640c       0x1c CMakeFiles/C1ZZL3_reverb15_midi_experimental.dir/Users/adrianvos/pico-sdk/src/common/pico_sync/mutex.c.o
                0x2000640c                mutex_init
 .text.critical_section_init
                0x20006428       0x1c CMakeFiles/C1ZZL3_reverb15_midi_experimental.dir/Users/adrianvos/pico-sdk/src/common/pico_sync/critical_section.c.o
                0x20006428                critical_section_init
 .text.sleep_until_callback
                0x20006444       0x30 CMakeFiles/C1ZZL3_reverb15_midi_experimental.dir/Users/adrianvos/pico-sdk/src/common/pico_time/time.c.o
 .text.alarm_pool_irq_handler
                0x20006474      0x2f4 CMakeFiles/C1ZZL3_reverb15_midi_experimental.dir/Users/adrianvos/pico-sdk/src/common/pico_time/time.c.o
 .text.runtime_init_default_alarm_pool
                0x20006768       0xd8 CMakeFiles/C1ZZL3_reverb15_midi_experimental.dir/Users/adrianvos/pico-sdk/src/common/pico_time/time.c.o
                0x20006768                runtime_init_default_alarm_pool
 .text.alarm_pool_add_alarm_at_force_in_context
                0x20006840       0xbc CMakeFiles/C1ZZL3_reverb15_midi_experimental.dir/Users/adrianvos/pico-sdk/src/common/pico_time/time.c.o
                0x20006840                alarm_pool_add_alarm_at_force_in_context
 .text.alarm_pool_cancel_alarm
                0x200068fc       0x74 CMakeFiles/C1ZZL3_reverb15_midi_experimental.dir/Users/adrianvos/pico-sdk/src/common/pico_time/time.c.o
                0x200068fc                alarm_pool_cancel_alarm
 .text.sleep_us
                0x20006970       0xec CMakeFiles/C1ZZL3_reverb15_midi_experimental.dir/Users/adrianvos/pico-sdk/src/common/pico_time/time.c.o
                0x20006970                sleep_us
 .text.sleep_ms
                0x20006a5c       0xfc CMakeFiles/C1ZZL3_reverb15_midi_experimental.dir/Users/adrianvos/pico-sdk/src/common/pico_time/time.c.o
                0x20006a5c                sleep_ms
 .text.best_effort_wfe_or_timeout
                0x20006b58      0x100 CMakeFiles/C1ZZL3_reverb15_midi_experimental.dir/Users/adrianvos/pico-sdk/src/common/pico_time/time.c.o
                0x20006b58                best_effort_wfe_or_timeout
 .text.check_single_timeout_us
                0x20006c58       0x28 CMakeFiles/C1ZZL3_reverb15_midi_experimental.dir/Users/adrianvos/pico-sdk/src/common/pico_time/timeout_helper.c.o
 .text.init_single_timeout_until
                0x20006c80        0xc CMakeFiles/C1ZZL3_reverb15_midi_experimental.dir/Users/adrianvos/pico-sdk/src/common/pico_time/timeout_helper.c.o
                0x20006c80                init_single_timeout_until
 .text.timer_hardware_alarm_claim
                0x20006c8c       0x14 CMakeFiles/C1ZZL3_reverb15_midi_experimental.dir/Users/adrianvos/pico-sdk/src/rp2_common/hardware_timer/timer.c.o
                0x20006c8c                timer_hardware_alarm_claim
 .text.timer_time_us_64
                0x20006ca0       0x10 CMakeFiles/C1ZZL3_reverb15_midi_experimental.dir/Users/adrianvos/pico-sdk/src/rp2_common/hardware_timer/timer.c.o
                0x20006ca0                timer_time_us_64
 .text.time_us_64
                0x20006cb0       0x14 CMakeFiles/C1ZZL3_reverb15_midi_experimental.dir/Users/adrianvos/pico-sdk/src/rp2_common/hardware_timer/timer.c.o
                0x20006cb0                time_us_64
 .text.busy_wait_until
                0x20006cc4       0x20 CMakeFiles/C1ZZL3_reverb15_midi_experimental.dir/Users/adrianvos/pico-sdk/src/rp2_common/hardware_timer/timer.c.o
                0x20006cc4                busy_wait_until
 .text.clock_configure_int_divider
                0x20006ce4       0xec CMakeFiles/C1ZZL3_reverb15_midi_experimental.dir/Users/adrianvos/pico-sdk/src/rp2_common/hardware_clocks/clocks.c.o
                0x20006ce4                clock_configure_int_divider
 .text.clock_configure_undivided
                0x20006dd0       0xe0 CMakeFiles/C1ZZL3_reverb15_midi_experimental.dir/Users/adrianvos/pico-sdk/src/rp2_common/hardware_clocks/clocks.c.o
                0x20006dd0                clock_configure_undivided
 .text.clock_get_hz
                0x20006eb0        0xc CMakeFiles/C1ZZL3_reverb15_midi_experimental.dir/Users/adrianvos/pico-sdk/src/rp2_common/hardware_clocks/clocks.c.o
                0x20006eb0                clock_get_hz
 .text.pll_init
                0x20006ebc       0xb0 CMakeFiles/C1ZZL3_reverb15_midi_experimental.dir/Users/adrianvos/pico-sdk/src/rp2_common/hardware_pll/pll.c.o
                0x20006ebc                pll_init
 .text.tick_start
                0x20006f6c       0x10 CMakeFiles/C1ZZL3_reverb15_midi_experimental.dir/Users/adrianvos/pico-sdk/src/rp2_common/hardware_ticks/ticks.c.o
                0x20006f6c                tick_start
 .text.rom_func_lookup
                0x20006f7c       0x10 CMakeFiles/C1ZZL3_reverb15_midi_experimental.dir/Users/adrianvos/pico-sdk/src/rp2_common/pico_bootrom/bootrom.c.o
                0x20006f7c                rom_func_lookup
 .text.rom_data_lookup
                0x20006f8c       0x10 CMakeFiles/C1ZZL3_reverb15_midi_experimental.dir/Users/adrianvos/pico-sdk/src/rp2_common/pico_bootrom/bootrom.c.o
                0x20006f8c                rom_data_lookup
 .text.rom_funcs_lookup
                0x20006f9c       0x44 CMakeFiles/C1ZZL3_reverb15_midi_experimental.dir/Users/adrianvos/pico-sdk/src/rp2_common/pico_bootrom/bootrom.c.o
                0x20006f9c                rom_funcs_lookup
 .text.xosc_init
                0x20006fe0       0x28 CMakeFiles/C1ZZL3_reverb15_midi_experimental.dir/Users/adrianvos/pico-sdk/src/rp2_common/hardware_xosc/xosc.c.o
                0x20006fe0                xosc_init
 .text.first_per_core_initializer
                0x20007008        0x4 CMakeFiles/C1ZZL3_reverb15_midi_experimental.dir/Users/adrianvos/pico-sdk/src/rp2_common/pico_runtime/runtime.c.o
 .text.hard_assertion_failure
                0x2000700c        0xc CMakeFiles/C1ZZL3_reverb15_midi_experimental.dir/Users/adrianvos/pico-sdk/src/rp2_common/pico_runtime/runtime.c.o
                0x2000700c                hard_assertion_failure
 .text.runtime_run_initializers
                0x20007018       0x28 CMakeFiles/C1ZZL3_reverb15_midi_experimental.dir/Users/adrianvos/pico-sdk/src/rp2_common/pico_runtime/runtime.c.o
                0x20007018                runtime_run_initializers
 .text.runtime_run_per_core_initializers
                0x20007040       0x28 CMakeFiles/C1ZZL3_reverb15_midi_experimental.dir/Users/adrianvos/pico-sdk/src/rp2_common/pico_runtime/runtime.c.o
                0x20007040                runtime_run_per_core_initializers
 .text.runtime_init_early_resets
                0x20007068       0x2c CMakeFiles/C1ZZL3_reverb15_midi_experimental.dir/Users/adrianvos/pico-sdk/src/rp2_common/pico_runtime_init/runtime_init.c.o
                0x20007068                runtime_init_early_resets
 .text.runtime_init_usb_power_down
                0x20007094       0x1c CMakeFiles/C1ZZL3_reverb15_midi_experimental.dir/Users/adrianvos/pico-sdk/src/rp2_common/pico_runtime_init/runtime_init.c.o
                0x20007094                runtime_init_usb_power_down
 .text.runtime_init_post_clock_resets
                0x200070b0       0x20 CMakeFiles/C1ZZL3_reverb15_midi_experimental.dir/Users/adrianvos/pico-sdk/src/rp2_common/pico_runtime_init/runtime_init.c.o
                0x200070b0                runtime_init_post_clock_resets
 .text.runtime_init_rp2040_gpio_ie_disable
                0x200070d0       0x14 CMakeFiles/C1ZZL3_reverb15_midi_experimental.dir/Users/adrianvos/pico-sdk/src/rp2_common/pico_runtime_init/runtime_init.c.o
                0x200070d0                runtime_init_rp2040_gpio_ie_disable
 .text.runtime_init_spin_locks_reset
                0x200070e4        0x8 CMakeFiles/C1ZZL3_reverb15_midi_experimental.dir/Users/adrianvos/pico-sdk/src/rp2_common/pico_runtime_init/runtime_init.c.o
                0x200070e4                runtime_init_spin_locks_reset
 .text.runtime_init_install_ram_vector_table
                0x200070ec       0xb8 CMakeFiles/C1ZZL3_reverb15_midi_experimental.dir/Users/adrianvos/pico-sdk/src/rp2_common/pico_runtime_init/runtime_init.c.o
                0x200070ec                runtime_init_install_ram_vector_table
 .text.runtime_init_clocks
                0x200071a4       0xd8 CMakeFiles/C1ZZL3_reverb15_midi_experimental.dir/Users/adrianvos/pico-sdk/src/rp2_common/pico_runtime_init/runtime_init_clocks.c.o
                0x200071a4                runtime_init_clocks
 .text          0x2000727c       0x10 CMakeFiles/C1ZZL3_reverb15_midi_experimental.dir/Users/adrianvos/pico-sdk/src/rp2_common/pico_bit_ops/bit_ops_aeabi.S.o
 .text.__wrap___aeabi_idiv
                0x2000728c       0x50 CMakeFiles/C1ZZL3_reverb15_midi_experimental.dir/Users/adrianvos/pico-sdk/src/rp2_common/pico_divider/divider_hardware.S.o
                0x2000728c                __wrap___aeabi_idivmod
                0x2000728c                divmod_s32s32
                0x2000728c                div_s32s32
                0x2000728c                __wrap___aeabi_idiv
                0x20007294                divmod_s32s32_unsafe
                0x200072c0                divmod_s32s32_savestate
 .text.__wrap___aeabi_uidiv
                0x200072dc       0x4c CMakeFiles/C1ZZL3_reverb15_midi_experimental.dir/Users/adrianvos/pico-sdk/src/rp2_common/pico_divider/divider_hardware.S.o
                0x200072dc                __wrap___aeabi_uidiv
                0x200072dc                __wrap___aeabi_uidivmod
                0x200072dc                div_u32u32
                0x200072dc                divmod_u32u32
                0x200072e4                divmod_u32u32_unsafe
                0x2000730c                divmod_u32u32_savestate
 .text.__aeabi_double_init
                0x20007328       0xa4 CMakeFiles/C1ZZL3_reverb15_midi_experimental.dir/Users/adrianvos/pico-sdk/src/rp2_common/pico_double/double_init_rom_rp2040.c.o
                0x20007328                __aeabi_double_init
 .text.double_table_shim_on_use_helper
                0x200073cc       0x2c CMakeFiles/C1ZZL3_reverb15_midi_experimental.dir/Users/adrianvos/pico-sdk/src/rp2_common/pico_double/double_v1_rom_shim_rp2040.S.o
                0x200073cc                double_table_shim_on_use_helper
 .text.__aeabi_lmul
                0x200073f8       0x32 CMakeFiles/C1ZZL3_reverb15_midi_experimental.dir/Users/adrianvos/pico-sdk/src/rp2_common/pico_int64_ops/pico_int64_ops_aeabi.S.o
                0x200073f8                __wrap___aeabi_lmul
 *fill*         0x2000742a        0x2 
 .text.__wrap___aeabi_farithmetic
                0x2000742c       0x48 CMakeFiles/C1ZZL3_reverb15_midi_experimental.dir/Users/adrianvos/pico-sdk/src/rp2_common/pico_float/float_aeabi_rp2040.S.o
                0x2000742c                __wrap___aeabi_frsub
                0x20007432                __wrap___aeabi_fsub
                0x20007438                __wrap___aeabi_fadd
                0x2000743e                __wrap___aeabi_fdiv
                0x20007466                __wrap___aeabi_fmul
 .text.__wrap___aeabi_cfcmple
                0x20007474       0x50 CMakeFiles/C1ZZL3_reverb15_midi_experimental.dir/Users/adrianvos/pico-sdk/src/rp2_common/pico_float/float_aeabi_rp2040.S.o
                0x20007474                __wrap___aeabi_cfrcmple
                0x20007480                __wrap___aeabi_cfcmpeq
                0x20007480                __wrap___aeabi_cfcmple
 .text.__wrap___aeabi_fcmpeq
                0x200074c4       0x10 CMakeFiles/C1ZZL3_reverb15_midi_experimental.dir/Users/adrianvos/pico-sdk/src/rp2_common/pico_float/float_aeabi_rp2040.S.o
                0x200074c4                __wrap___aeabi_fcmpeq
 .text.__wrap___aeabi_i2f
                0x200074d4       0x44 CMakeFiles/C1ZZL3_reverb15_midi_experimental.dir/Users/adrianvos/pico-sdk/src/rp2_common/pico_float/float_aeabi_rp2040.S.o
                0x200074d4                int2float
                0x200074d4                __wrap___aeabi_i2f
 .text.__wrap___aeabi_f2iz
                0x20007518       0x4e CMakeFiles/C1ZZL3_reverb15_midi_experimental.dir/Users/adrianvos/pico-sdk/src/rp2_common/pico_float/float_aeabi_rp2040.S.o
                0x20007518                __wrap___aeabi_f2iz
                0x20007518                float2int_z
 *fill*         0x20007566        0x2 
 .text.float2int
                0x20007568       0x14 CMakeFiles/C1ZZL3_reverb15_midi_experimental.dir/Users/adrianvos/pico-sdk/src/rp2_common/pico_float/float_aeabi_rp2040.S.o
                0x20007568                float2int
 .text.__wrap___aeabi_f2uiz
                0x2000757c        0xc CMakeFiles/C1ZZL3_reverb15_midi_experimental.dir/Users/adrianvos/pico-sdk/src/rp2_common/pico_float/float_aeabi_rp2040.S.o
                0x2000757c                float2uint
                0x2000757c                float2uint_z
                0x2000757c                __wrap___aeabi_f2uiz
 .text.__aeabi_float_init
                0x20007588       0x68 CMakeFiles/C1ZZL3_reverb15_midi_experimental.dir/Users/adrianvos/pico-sdk/src/rp2_common/pico_float/float_init_rom_rp2040.c.o
                0x20007588                __aeabi_float_init
 .text.float_table_shim_on_use_helper
                0x200075f0       0x2c CMakeFiles/C1ZZL3_reverb15_midi_experimental.dir/Users/adrianvos/pico-sdk/src/rp2_common/pico_float/float_v1_rom_shim_rp2040.S.o
                0x200075f0                float_table_shim_on_use_helper
 .text.float232_shims
                0x2000761c       0x18 CMakeFiles/C1ZZL3_reverb15_midi_experimental.dir/Users/adrianvos/pico-sdk/src/rp2_common/pico_float/float_v1_rom_shim_rp2040.S.o
                0x2000761c                float2int_shim
                0x2000761e                float2fix_shim
 .text.__wrap_malloc
                0x20007634       0x3c CMakeFiles/C1ZZL3_reverb15_midi_experimental.dir/Users/adrianvos/pico-sdk/src/rp2_common/pico_malloc/malloc.c.o
                0x20007634                __wrap_malloc
 .text.__wrap_calloc
                0x20007670       0x44 CMakeFiles/C1ZZL3_reverb15_midi_experimental.dir/Users/adrianvos/pico-sdk/src/rp2_common/pico_malloc/malloc.c.o
                0x20007670                __wrap_calloc
 .text.__wrap_free
                0x200076b4       0x20 CMakeFiles/C1ZZL3_reverb15_midi_experimental.dir/Users/adrianvos/pico-sdk/src/rp2_common/pico_malloc/malloc.c.o
                0x200076b4                __wrap_free
 .text          0x200076d4       0x10 CMakeFiles/C1ZZL3_reverb15_midi_experimental.dir/Users/adrianvos/pico-sdk/src/rp2_common/pico_mem_ops/mem_ops_aeabi.S.o
                0x200076d4                __aeabi_mem_init
 .text.memset   0x200076e4        0xc CMakeFiles/C1ZZL3_reverb15_midi_experimental.dir/Users/adrianvos/pico-sdk/src/rp2_common/pico_mem_ops/mem_ops_aeabi.S.o
                0x200076e4                __wrap_memset
 .text.memcpy   0x200076f0        0xc CMakeFiles/C1ZZL3_reverb15_midi_experimental.dir/Users/adrianvos/pico-sdk/src/rp2_common/pico_mem_ops/mem_ops_aeabi.S.o
                0x200076f0                __wrap___aeabi_memcpy
                0x200076f0                __wrap_memcpy
 .text._out_char
                0x200076fc       0x10 CMakeFiles/C1ZZL3_reverb15_midi_experimental.dir/Users/adrianvos/pico-sdk/src/rp2_common/pico_printf/printf.c.o
 .text.weak_raw_vprintf
                0x2000770c       0x30 CMakeFiles/C1ZZL3_reverb15_midi_experimental.dir/Users/adrianvos/pico-sdk/src/rp2_common/pico_printf/printf.c.o
                0x2000770c                weak_raw_vprintf
 .text._exit    0x2000773c        0x4 CMakeFiles/C1ZZL3_reverb15_midi_experimental.dir/Users/adrianvos/pico-sdk/src/rp2_common/pico_clib_interface/newlib_interface.c.o
                0x2000773c                _exit
 .text._sbrk    0x20007740       0x34 CMakeFiles/C1ZZL3_reverb15_midi_experimental.dir/Users/adrianvos/pico-sdk/src/rp2_common/pico_clib_interface/newlib_interface.c.o
                0x20007740                _sbrk
 .text.exit     0x20007774        0x8 CMakeFiles/C1ZZL3_reverb15_midi_experimental.dir/Users/adrianvos/pico-sdk/src/rp2_common/pico_clib_interface/newlib_interface.c.o
                0x20007774                exit
 .text.runtime_init
                0x2000777c       0x2c CMakeFiles/C1ZZL3_reverb15_midi_experimental.dir/Users/adrianvos/pico-sdk/src/rp2_common/pico_clib_interface/newlib_interface.c.o
                0x2000777c                runtime_init
 .text.stdio_out_chars_no_crlf
                0x200077a8       0x10 CMakeFiles/C1ZZL3_reverb15_midi_experimental.dir/Users/adrianvos/pico-sdk/src/rp2_common/pico_stdio/stdio.c.o
 .text.stdio_out_chars_crlf
                0x200077b8       0x90 CMakeFiles/C1ZZL3_reverb15_midi_experimental.dir/Users/adrianvos/pico-sdk/src/rp2_common/pico_stdio/stdio.c.o
 .text.stdio_put_string
                0x20007848       0xf4 CMakeFiles/C1ZZL3_reverb15_midi_experimental.dir/Users/adrianvos/pico-sdk/src/rp2_common/pico_stdio/stdio.c.o
                0x20007848                stdio_put_string
 .text.__wrap_putchar
                0x2000793c       0x94 CMakeFiles/C1ZZL3_reverb15_midi_experimental.dir/Users/adrianvos/pico-sdk/src/rp2_common/pico_stdio/stdio.c.o
                0x2000793c                stdio_putchar
                0x2000793c                __wrap_putchar
 .text.__wrap_puts
                0x200079d0       0x3c CMakeFiles/C1ZZL3_reverb15_midi_experimental.dir/Users/adrianvos/pico-sdk/src/rp2_common/pico_stdio/stdio.c.o
                0x200079d0                __wrap_puts
                0x200079d0                stdio_puts
 .text.startup._retrieve_unique_id_on_boot
                0x20007a0c       0x10 CMakeFiles/C1ZZL3_reverb15_midi_experimental.dir/Users/adrianvos/pico-sdk/src/rp2_common/pico_unique_id/unique_id.c.o
 .text.flash_get_unique_id
                0x20007a1c       0x3c CMakeFiles/C1ZZL3_reverb15_midi_experimental.dir/Users/adrianvos/pico-sdk/src/rp2_common/hardware_flash/flash.c.o
                0x20007a1c                flash_get_unique_id
 .text.core1_trampoline
                0x20007a58        0x4 CMakeFiles/C1ZZL3_reverb15_midi_experimental.dir/Users/adrianvos/pico-sdk/src/rp2_common/pico_multicore/multicore.c.o
 .text.core1_wrapper
                0x20007a5c        0xc CMakeFiles/C1ZZL3_reverb15_midi_experimental.dir/Users/adrianvos/pico-sdk/src/rp2_common/pico_multicore/multicore.c.o
                0x20007a5c                core1_wrapper
 .text.multicore_launch_core1_raw
                0x20007a68       0x88 CMakeFiles/C1ZZL3_reverb15_midi_experimental.dir/Users/adrianvos/pico-sdk/src/rp2_common/pico_multicore/multicore.c.o
                0x20007a68                multicore_launch_core1_raw
 .text.multicore_launch_core1
                0x20007af0       0x5c CMakeFiles/C1ZZL3_reverb15_midi_experimental.dir/Users/adrianvos/pico-sdk/src/rp2_common/pico_multicore/multicore.c.o
                0x20007af0                multicore_launch_core1
 .text.adc_init
                0x20007b4c       0x38 CMakeFiles/C1ZZL3_reverb15_midi_experimental.dir/Users/adrianvos/pico-sdk/src/rp2_common/hardware_adc/adc.c.o
                0x20007b4c                adc_init
 .text.dma_claim_unused_channel
                0x20007b84       0x20 CMakeFiles/C1ZZL3_reverb15_midi_experimental.dir/Users/adrianvos/pico-sdk/src/rp2_common/hardware_dma/dma.c.o
                0x20007b84                dma_claim_unused_channel
 .text.dma_channel_cleanup
                0x20007ba4       0x60 CMakeFiles/C1ZZL3_reverb15_midi_experimental.dir/Users/adrianvos/pico-sdk/src/rp2_common/hardware_dma/dma.c.o
                0x20007ba4                dma_channel_cleanup
 .text.spi_init
                0x20007c04      0x110 CMakeFiles/C1ZZL3_reverb15_midi_experimental.dir/Users/adrianvos/pico-sdk/src/rp2_common/hardware_spi/spi.c.o
                0x20007c04                spi_init
 .text.i2c_write_blocking_internal
                0x20007d14      0x160 CMakeFiles/C1ZZL3_reverb15_midi_experimental.dir/Users/adrianvos/pico-sdk/src/rp2_common/hardware_i2c/i2c.c.o
 .text.i2c_read_blocking_internal
                0x20007e74      0x100 CMakeFiles/C1ZZL3_reverb15_midi_experimental.dir/Users/adrianvos/pico-sdk/src/rp2_common/hardware_i2c/i2c.c.o
 .text.i2c_set_baudrate
                0x20007f74       0xb4 CMakeFiles/C1ZZL3_reverb15_midi_experimental.dir/Users/adrianvos/pico-sdk/src/rp2_common/hardware_i2c/i2c.c.o
                0x20007f74                i2c_set_baudrate
 .text.i2c_init
                0x20008028       0x50 CMakeFiles/C1ZZL3_reverb15_midi_experimental.dir/Users/adrianvos/pico-sdk/src/rp2_common/hardware_i2c/i2c.c.o
                0x20008028                i2c_init
 .text.i2c_write_blocking_until
                0x20008078       0x40 CMakeFiles/C1ZZL3_reverb15_midi_experimental.dir/Users/adrianvos/pico-sdk/src/rp2_common/hardware_i2c/i2c.c.o
                0x20008078                i2c_write_blocking_until
 .text.i2c_read_blocking_until
                0x200080b8       0x40 CMakeFiles/C1ZZL3_reverb15_midi_experimental.dir/Users/adrianvos/pico-sdk/src/rp2_common/hardware_i2c/i2c.c.o
                0x200080b8                i2c_read_blocking_until
 .text.dcd_init
                0x200080f8       0x90 CMakeFiles/C1ZZL3_reverb15_midi_experimental.dir/Users/adrianvos/pico-sdk/lib/tinyusb/src/portable/raspberrypi/rp2040/dcd_rp2040.c.o
                0x200080f8                dcd_init
 .text.dcd_int_enable
                0x20008188        0xc CMakeFiles/C1ZZL3_reverb15_midi_experimental.dir/Users/adrianvos/pico-sdk/lib/tinyusb/src/portable/raspberrypi/rp2040/dcd_rp2040.c.o
                0x20008188                dcd_int_enable
 .text.dcd_set_address
                0x20008194       0x14 CMakeFiles/C1ZZL3_reverb15_midi_experimental.dir/Users/adrianvos/pico-sdk/lib/tinyusb/src/portable/raspberrypi/rp2040/dcd_rp2040.c.o
                0x20008194                dcd_set_address
 .text.dcd_sof_enable
                0x200081a8       0x1c CMakeFiles/C1ZZL3_reverb15_midi_experimental.dir/Users/adrianvos/pico-sdk/lib/tinyusb/src/portable/raspberrypi/rp2040/dcd_rp2040.c.o
                0x200081a8                dcd_sof_enable
 .text.dcd_edpt0_status_complete
                0x200081c4       0x1c CMakeFiles/C1ZZL3_reverb15_midi_experimental.dir/Users/adrianvos/pico-sdk/lib/tinyusb/src/portable/raspberrypi/rp2040/dcd_rp2040.c.o
                0x200081c4                dcd_edpt0_status_complete
 .text.dcd_edpt_open
                0x200081e0      0x114 CMakeFiles/C1ZZL3_reverb15_midi_experimental.dir/Users/adrianvos/pico-sdk/lib/tinyusb/src/portable/raspberrypi/rp2040/dcd_rp2040.c.o
                0x200081e0                dcd_edpt_open
 .text.dcd_edpt_close_all
                0x200082f4        0x8 CMakeFiles/C1ZZL3_reverb15_midi_experimental.dir/Users/adrianvos/pico-sdk/lib/tinyusb/src/portable/raspberrypi/rp2040/dcd_rp2040.c.o
                0x200082f4                dcd_edpt_close_all
 .text.dcd_edpt_xfer
                0x200082fc       0x24 CMakeFiles/C1ZZL3_reverb15_midi_experimental.dir/Users/adrianvos/pico-sdk/lib/tinyusb/src/portable/raspberrypi/rp2040/dcd_rp2040.c.o
                0x200082fc                dcd_edpt_xfer
 .text.dcd_edpt_stall
                0x20008320       0x3c CMakeFiles/C1ZZL3_reverb15_midi_experimental.dir/Users/adrianvos/pico-sdk/lib/tinyusb/src/portable/raspberrypi/rp2040/dcd_rp2040.c.o
                0x20008320                dcd_edpt_stall
 .text.dcd_edpt_clear_stall
                0x2000835c       0x30 CMakeFiles/C1ZZL3_reverb15_midi_experimental.dir/Users/adrianvos/pico-sdk/lib/tinyusb/src/portable/raspberrypi/rp2040/dcd_rp2040.c.o
                0x2000835c                dcd_edpt_clear_stall
 .text.rp2040_usb_init
                0x2000838c       0x40 CMakeFiles/C1ZZL3_reverb15_midi_experimental.dir/Users/adrianvos/pico-sdk/lib/tinyusb/src/portable/raspberrypi/rp2040/rp2040_usb.c.o
                0x2000838c                rp2040_usb_init
 .text.hw_endpoint_xfer_start
                0x200083cc       0x40 CMakeFiles/C1ZZL3_reverb15_midi_experimental.dir/Users/adrianvos/pico-sdk/lib/tinyusb/src/portable/raspberrypi/rp2040/rp2040_usb.c.o
                0x200083cc                hw_endpoint_xfer_start
 .text.tud_vendor_control_xfer_cb
                0x2000840c        0x4 CMakeFiles/C1ZZL3_reverb15_midi_experimental.dir/Users/adrianvos/pico-sdk/lib/tinyusb/src/device/usbd.c.o
                0x2000840c                tud_vendor_control_xfer_cb
 .text.tud_event_hook_cb
                0x20008410        0x4 CMakeFiles/C1ZZL3_reverb15_midi_experimental.dir/Users/adrianvos/pico-sdk/lib/tinyusb/src/device/usbd.c.o
                0x20008410                tud_event_hook_cb
 .text.tud_sof_cb
                0x20008414        0x4 CMakeFiles/C1ZZL3_reverb15_midi_experimental.dir/Users/adrianvos/pico-sdk/lib/tinyusb/src/device/usbd.c.o
                0x20008414                tud_sof_cb
 .text.tud_descriptor_bos_cb
                0x20008418        0x4 CMakeFiles/C1ZZL3_reverb15_midi_experimental.dir/Users/adrianvos/pico-sdk/lib/tinyusb/src/device/usbd.c.o
                0x20008418                tud_descriptor_bos_cb
 .text.tud_descriptor_device_qualifier_cb
                0x2000841c        0x4 CMakeFiles/C1ZZL3_reverb15_midi_experimental.dir/Users/adrianvos/pico-sdk/lib/tinyusb/src/device/usbd.c.o
                0x2000841c                tud_descriptor_device_qualifier_cb
 .text.tud_descriptor_other_speed_configuration_cb
                0x20008420        0x4 CMakeFiles/C1ZZL3_reverb15_midi_experimental.dir/Users/adrianvos/pico-sdk/lib/tinyusb/src/device/usbd.c.o
                0x20008420                tud_descriptor_other_speed_configuration_cb
 .text.tud_mount_cb
                0x20008424        0x4 CMakeFiles/C1ZZL3_reverb15_midi_experimental.dir/Users/adrianvos/pico-sdk/lib/tinyusb/src/device/usbd.c.o
                0x20008424                tud_mount_cb
 .text.tud_umount_cb
                0x20008428        0x4 CMakeFiles/C1ZZL3_reverb15_midi_experimental.dir/Users/adrianvos/pico-sdk/lib/tinyusb/src/device/usbd.c.o
                0x20008428                tud_umount_cb
 .text.tud_suspend_cb
                0x2000842c        0x4 CMakeFiles/C1ZZL3_reverb15_midi_experimental.dir/Users/adrianvos/pico-sdk/lib/tinyusb/src/device/usbd.c.o
                0x2000842c                tud_suspend_cb
 .text.tud_resume_cb
                0x20008430        0x4 CMakeFiles/C1ZZL3_reverb15_midi_experimental.dir/Users/adrianvos/pico-sdk/lib/tinyusb/src/device/usbd.c.o
                0x20008430                tud_resume_cb
 .text.tud_rhport_init
                0x20008434       0xe8 CMakeFiles/C1ZZL3_reverb15_midi_experimental.dir/Users/adrianvos/pico-sdk/lib/tinyusb/src/device/usbd.c.o
                0x20008434                tud_rhport_init
 .text.tud_task_ext
                0x2000851c      0x7d8 CMakeFiles/C1ZZL3_reverb15_midi_experimental.dir/Users/adrianvos/pico-sdk/lib/tinyusb/src/device/usbd.c.o
                0x2000851c                tud_task_ext
 .text.usbd_edpt_open
                0x20008cf4       0x34 CMakeFiles/C1ZZL3_reverb15_midi_experimental.dir/Users/adrianvos/pico-sdk/lib/tinyusb/src/device/usbd.c.o
                0x20008cf4                usbd_edpt_open
 .text.usbd_edpt_claim
                0x20008d28       0x28 CMakeFiles/C1ZZL3_reverb15_midi_experimental.dir/Users/adrianvos/pico-sdk/lib/tinyusb/src/device/usbd.c.o
                0x20008d28                usbd_edpt_claim
 .text.usbd_edpt_release
                0x20008d50       0x28 CMakeFiles/C1ZZL3_reverb15_midi_experimental.dir/Users/adrianvos/pico-sdk/lib/tinyusb/src/device/usbd.c.o
                0x20008d50                usbd_edpt_release
 .text.usbd_edpt_xfer
                0x20008d78       0x50 CMakeFiles/C1ZZL3_reverb15_midi_experimental.dir/Users/adrianvos/pico-sdk/lib/tinyusb/src/device/usbd.c.o
                0x20008d78                usbd_edpt_xfer
 .text.tud_control_status
                0x20008dc8       0x2c CMakeFiles/C1ZZL3_reverb15_midi_experimental.dir/Users/adrianvos/pico-sdk/lib/tinyusb/src/device/usbd_control.c.o
                0x20008dc8                tud_control_status
 .text.tud_control_xfer
                0x20008df4       0xa0 CMakeFiles/C1ZZL3_reverb15_midi_experimental.dir/Users/adrianvos/pico-sdk/lib/tinyusb/src/device/usbd_control.c.o
                0x20008df4                tud_control_xfer
 .text.usbd_control_reset
                0x20008e94       0x14 CMakeFiles/C1ZZL3_reverb15_midi_experimental.dir/Users/adrianvos/pico-sdk/lib/tinyusb/src/device/usbd_control.c.o
                0x20008e94                usbd_control_reset
 .text.usbd_control_set_complete_callback
                0x20008ea8        0xc CMakeFiles/C1ZZL3_reverb15_midi_experimental.dir/Users/adrianvos/pico-sdk/lib/tinyusb/src/device/usbd_control.c.o
                0x20008ea8                usbd_control_set_complete_callback
 .text.usbd_control_set_request
                0x20008eb4       0x1c CMakeFiles/C1ZZL3_reverb15_midi_experimental.dir/Users/adrianvos/pico-sdk/lib/tinyusb/src/device/usbd_control.c.o
                0x20008eb4                usbd_control_set_request
 .text.usbd_control_xfer_cb
                0x20008ed0       0xe8 CMakeFiles/C1ZZL3_reverb15_midi_experimental.dir/Users/adrianvos/pico-sdk/lib/tinyusb/src/device/usbd_control.c.o
                0x20008ed0                usbd_control_xfer_cb
 .text.tud_midi_n_stream_read
                0x20008fb8      0x150 CMakeFiles/C1ZZL3_reverb15_midi_experimental.dir/Users/adrianvos/pico-sdk/lib/tinyusb/src/class/midi/midi_device.c.o
                0x20008fb8                tud_midi_n_stream_read
 .text.midid_init
                0x20009108       0x60 CMakeFiles/C1ZZL3_reverb15_midi_experimental.dir/Users/adrianvos/pico-sdk/lib/tinyusb/src/class/midi/midi_device.c.o
                0x20009108                midid_init
 .text.midid_deinit
                0x20009168       0x30 CMakeFiles/C1ZZL3_reverb15_midi_experimental.dir/Users/adrianvos/pico-sdk/lib/tinyusb/src/class/midi/midi_device.c.o
                0x20009168                midid_deinit
 .text.midid_reset
                0x20009198       0x24 CMakeFiles/C1ZZL3_reverb15_midi_experimental.dir/Users/adrianvos/pico-sdk/lib/tinyusb/src/class/midi/midi_device.c.o
                0x20009198                midid_reset
 .text.midid_open
                0x200091bc      0x124 CMakeFiles/C1ZZL3_reverb15_midi_experimental.dir/Users/adrianvos/pico-sdk/lib/tinyusb/src/class/midi/midi_device.c.o
                0x200091bc                midid_open
 .text.midid_control_xfer_cb
                0x200092e0        0x4 CMakeFiles/C1ZZL3_reverb15_midi_experimental.dir/Users/adrianvos/pico-sdk/lib/tinyusb/src/class/midi/midi_device.c.o
                0x200092e0                midid_control_xfer_cb
 .text.midid_xfer_cb
                0x200092e4       0xfc CMakeFiles/C1ZZL3_reverb15_midi_experimental.dir/Users/adrianvos/pico-sdk/lib/tinyusb/src/class/midi/midi_device.c.o
                0x200092e4                midid_xfer_cb
 .text.tusb_time_delay_ms_api
                0x200093e0        0x8 CMakeFiles/C1ZZL3_reverb15_midi_experimental.dir/Users/adrianvos/pico-sdk/lib/tinyusb/src/tusb.c.o
                0x200093e0                tusb_time_delay_ms_api
 .text.tu_edpt_claim
                0x200093e8       0x50 CMakeFiles/C1ZZL3_reverb15_midi_experimental.dir/Users/adrianvos/pico-sdk/lib/tinyusb/src/tusb.c.o
                0x200093e8                tu_edpt_claim
 .text.tu_edpt_release
                0x20009438       0x38 CMakeFiles/C1ZZL3_reverb15_midi_experimental.dir/Users/adrianvos/pico-sdk/lib/tinyusb/src/tusb.c.o
                0x20009438                tu_edpt_release
 .text.tu_edpt_validate
                0x20009470       0x74 CMakeFiles/C1ZZL3_reverb15_midi_experimental.dir/Users/adrianvos/pico-sdk/lib/tinyusb/src/tusb.c.o
                0x20009470                tu_edpt_validate
 .text.tu_edpt_bind_driver
                0x200094e4       0x34 CMakeFiles/C1ZZL3_reverb15_midi_experimental.dir/Users/adrianvos/pico-sdk/lib/tinyusb/src/tusb.c.o
                0x200094e4                tu_edpt_bind_driver
 .text.tu_desc_get_interface_total_len
                0x20009518       0x50 CMakeFiles/C1ZZL3_reverb15_midi_experimental.dir/Users/adrianvos/pico-sdk/lib/tinyusb/src/tusb.c.o
                0x20009518                tu_desc_get_interface_total_len
 .text.tu_fifo_config
                0x20009568       0x6c CMakeFiles/C1ZZL3_reverb15_midi_experimental.dir/Users/adrianvos/pico-sdk/lib/tinyusb/src/common/tusb_fifo.c.o
                0x20009568                tu_fifo_config
 .text.tu_fifo_count
                0x200095d4       0x2c CMakeFiles/C1ZZL3_reverb15_midi_experimental.dir/Users/adrianvos/pico-sdk/lib/tinyusb/src/common/tusb_fifo.c.o
                0x200095d4                tu_fifo_count
 .text.tu_fifo_empty
                0x20009600       0x10 CMakeFiles/C1ZZL3_reverb15_midi_experimental.dir/Users/adrianvos/pico-sdk/lib/tinyusb/src/common/tusb_fifo.c.o
                0x20009600                tu_fifo_empty
 .text.tu_fifo_remaining
                0x20009610       0x2c CMakeFiles/C1ZZL3_reverb15_midi_experimental.dir/Users/adrianvos/pico-sdk/lib/tinyusb/src/common/tusb_fifo.c.o
                0x20009610                tu_fifo_remaining
 .text.tu_fifo_read
                0x2000963c       0x9c CMakeFiles/C1ZZL3_reverb15_midi_experimental.dir/Users/adrianvos/pico-sdk/lib/tinyusb/src/common/tusb_fifo.c.o
                0x2000963c                tu_fifo_read
 .text.tu_fifo_read_n
                0x200096d8       0xec CMakeFiles/C1ZZL3_reverb15_midi_experimental.dir/Users/adrianvos/pico-sdk/lib/tinyusb/src/common/tusb_fifo.c.o
                0x200096d8                tu_fifo_read_n
 .text.tu_fifo_peek
                0x200097c4       0x80 CMakeFiles/C1ZZL3_reverb15_midi_experimental.dir/Users/adrianvos/pico-sdk/lib/tinyusb/src/common/tusb_fifo.c.o
                0x200097c4                tu_fifo_peek
 .text.tu_fifo_write
                0x20009844       0xa4 CMakeFiles/C1ZZL3_reverb15_midi_experimental.dir/Users/adrianvos/pico-sdk/lib/tinyusb/src/common/tusb_fifo.c.o
                0x20009844                tu_fifo_write
 .text.tu_fifo_write_n
                0x200098e8      0x168 CMakeFiles/C1ZZL3_reverb15_midi_experimental.dir/Users/adrianvos/pico-sdk/lib/tinyusb/src/common/tusb_fifo.c.o
                0x200098e8                tu_fifo_write_n
 .text.tu_fifo_clear
                0x20009a50       0x40 CMakeFiles/C1ZZL3_reverb15_midi_experimental.dir/Users/adrianvos/pico-sdk/lib/tinyusb/src/common/tusb_fifo.c.o
                0x20009a50                tu_fifo_clear
 .text.hcd_init
                0x20009a90       0x54 CMakeFiles/C1ZZL3_reverb15_midi_experimental.dir/Users/adrianvos/pico-sdk/lib/tinyusb/src/portable/raspberrypi/rp2040/hcd_rp2040.c.o
                0x20009a90                hcd_init
 .text.hcd_port_reset
                0x20009ae4        0x4 CMakeFiles/C1ZZL3_reverb15_midi_experimental.dir/Users/adrianvos/pico-sdk/lib/tinyusb/src/portable/raspberrypi/rp2040/hcd_rp2040.c.o
                0x20009ae4                hcd_port_reset
 .text.hcd_port_reset_end
                0x20009ae8        0x4 CMakeFiles/C1ZZL3_reverb15_midi_experimental.dir/Users/adrianvos/pico-sdk/lib/tinyusb/src/portable/raspberrypi/rp2040/hcd_rp2040.c.o
                0x20009ae8                hcd_port_reset_end
 .text.hcd_port_connect_status
                0x20009aec       0x18 CMakeFiles/C1ZZL3_reverb15_midi_experimental.dir/Users/adrianvos/pico-sdk/lib/tinyusb/src/portable/raspberrypi/rp2040/hcd_rp2040.c.o
                0x20009aec                hcd_port_connect_status
 .text.hcd_port_speed_get
                0x20009b04       0x24 CMakeFiles/C1ZZL3_reverb15_midi_experimental.dir/Users/adrianvos/pico-sdk/lib/tinyusb/src/portable/raspberrypi/rp2040/hcd_rp2040.c.o
                0x20009b04                hcd_port_speed_get
 .text.hcd_device_close
                0x20009b28       0x64 CMakeFiles/C1ZZL3_reverb15_midi_experimental.dir/Users/adrianvos/pico-sdk/lib/tinyusb/src/portable/raspberrypi/rp2040/hcd_rp2040.c.o
                0x20009b28                hcd_device_close
 .text.hcd_int_enable
                0x20009b8c        0xc CMakeFiles/C1ZZL3_reverb15_midi_experimental.dir/Users/adrianvos/pico-sdk/lib/tinyusb/src/portable/raspberrypi/rp2040/hcd_rp2040.c.o
                0x20009b8c                hcd_int_enable
 .text.hcd_edpt_open
                0x20009b98      0x224 CMakeFiles/C1ZZL3_reverb15_midi_experimental.dir/Users/adrianvos/pico-sdk/lib/tinyusb/src/portable/raspberrypi/rp2040/hcd_rp2040.c.o
                0x20009b98                hcd_edpt_open
 .text.hcd_edpt_xfer
                0x20009dbc      0x364 CMakeFiles/C1ZZL3_reverb15_midi_experimental.dir/Users/adrianvos/pico-sdk/lib/tinyusb/src/portable/raspberrypi/rp2040/hcd_rp2040.c.o
                0x20009dbc                hcd_edpt_xfer
 .text.hcd_edpt_abort_xfer
                0x2000a120        0x4 CMakeFiles/C1ZZL3_reverb15_midi_experimental.dir/Users/adrianvos/pico-sdk/lib/tinyusb/src/portable/raspberrypi/rp2040/hcd_rp2040.c.o
                0x2000a120                hcd_edpt_abort_xfer
 .text.hcd_setup_send
                0x2000a124       0xbc CMakeFiles/C1ZZL3_reverb15_midi_experimental.dir/Users/adrianvos/pico-sdk/lib/tinyusb/src/portable/raspberrypi/rp2040/hcd_rp2040.c.o
                0x2000a124                hcd_setup_send
 .text._control_blocking_complete_cb
                0x2000a1e0        0x8 CMakeFiles/C1ZZL3_reverb15_midi_experimental.dir/Users/adrianvos/pico-sdk/lib/tinyusb/src/host/usbh.c.o
 .text.process_removing_device
                0x2000a1e8      0x144 CMakeFiles/C1ZZL3_reverb15_midi_experimental.dir/Users/adrianvos/pico-sdk/lib/tinyusb/src/host/usbh.c.o
 .text.usbh_control_xfer_cb.isra.0
                0x2000a32c      0x2ec CMakeFiles/C1ZZL3_reverb15_midi_experimental.dir/Users/adrianvos/pico-sdk/lib/tinyusb/src/host/usbh.c.o
 .text.tuh_event_hook_cb
                0x2000a618        0x4 CMakeFiles/C1ZZL3_reverb15_midi_experimental.dir/Users/adrianvos/pico-sdk/lib/tinyusb/src/host/usbh.c.o
                0x2000a618                tuh_event_hook_cb
 .text.tuh_speed_get
                0x2000a61c       0x28 CMakeFiles/C1ZZL3_reverb15_midi_experimental.dir/Users/adrianvos/pico-sdk/lib/tinyusb/src/host/usbh.c.o
                0x2000a61c                tuh_speed_get
 .text.tuh_rhport_init
                0x2000a644      0x130 CMakeFiles/C1ZZL3_reverb15_midi_experimental.dir/Users/adrianvos/pico-sdk/lib/tinyusb/src/host/usbh.c.o
                0x2000a644                tuh_rhport_init
 .text.tuh_control_xfer
                0x2000a774      0x14c CMakeFiles/C1ZZL3_reverb15_midi_experimental.dir/Users/adrianvos/pico-sdk/lib/tinyusb/src/host/usbh.c.o
                0x2000a774                tuh_control_xfer
 .text.enum_new_device.isra.0
                0x2000a8c0       0xe4 CMakeFiles/C1ZZL3_reverb15_midi_experimental.dir/Users/adrianvos/pico-sdk/lib/tinyusb/src/host/usbh.c.o
 .text.tuh_task_ext.part.0
                0x2000a9a4      0x210 CMakeFiles/C1ZZL3_reverb15_midi_experimental.dir/Users/adrianvos/pico-sdk/lib/tinyusb/src/host/usbh.c.o
 .text.tuh_task_ext
                0x2000abb4       0x18 CMakeFiles/C1ZZL3_reverb15_midi_experimental.dir/Users/adrianvos/pico-sdk/lib/tinyusb/src/host/usbh.c.o
                0x2000abb4                tuh_task_ext
 .text.process_enumeration
                0x2000abcc      0x5dc CMakeFiles/C1ZZL3_reverb15_midi_experimental.dir/Users/adrianvos/pico-sdk/lib/tinyusb/src/host/usbh.c.o
 .text.usbh_get_rhport
                0x2000b1a8       0x20 CMakeFiles/C1ZZL3_reverb15_midi_experimental.dir/Users/adrianvos/pico-sdk/lib/tinyusb/src/host/usbh.c.o
                0x2000b1a8                usbh_get_rhport
 .text.usbh_edpt_claim
                0x2000b1c8       0x50 CMakeFiles/C1ZZL3_reverb15_midi_experimental.dir/Users/adrianvos/pico-sdk/lib/tinyusb/src/host/usbh.c.o
                0x2000b1c8                usbh_edpt_claim
 .text.usbh_edpt_release
                0x2000b218       0x50 CMakeFiles/C1ZZL3_reverb15_midi_experimental.dir/Users/adrianvos/pico-sdk/lib/tinyusb/src/host/usbh.c.o
                0x2000b218                usbh_edpt_release
 .text.usbh_edpt_xfer_with_callback
                0x2000b268       0x74 CMakeFiles/C1ZZL3_reverb15_midi_experimental.dir/Users/adrianvos/pico-sdk/lib/tinyusb/src/host/usbh.c.o
                0x2000b268                usbh_edpt_xfer_with_callback
 .text.tuh_edpt_open
                0x2000b2dc       0x50 CMakeFiles/C1ZZL3_reverb15_midi_experimental.dir/Users/adrianvos/pico-sdk/lib/tinyusb/src/host/usbh.c.o
                0x2000b2dc                tuh_edpt_open
 .text.usbh_driver_set_config_complete
                0x2000b32c      0x18c CMakeFiles/C1ZZL3_reverb15_midi_experimental.dir/Users/adrianvos/pico-sdk/lib/tinyusb/src/host/usbh.c.o
                0x2000b32c                usbh_driver_set_config_complete
 .text.connection_port_reset_complete
                0x2000b4b8       0x3c CMakeFiles/C1ZZL3_reverb15_midi_experimental.dir/Users/adrianvos/pico-sdk/lib/tinyusb/src/host/hub.c.o
 .text.hub_clear_feature_complete_stub
                0x2000b4f4       0x30 CMakeFiles/C1ZZL3_reverb15_midi_experimental.dir/Users/adrianvos/pico-sdk/lib/tinyusb/src/host/hub.c.o
 .text.config_set_port_power
                0x2000b524       0x54 CMakeFiles/C1ZZL3_reverb15_midi_experimental.dir/Users/adrianvos/pico-sdk/lib/tinyusb/src/host/hub.c.o
 .text.config_port_power_complete
                0x2000b578       0x94 CMakeFiles/C1ZZL3_reverb15_midi_experimental.dir/Users/adrianvos/pico-sdk/lib/tinyusb/src/host/hub.c.o
 .text.connection_clear_conn_change_complete
                0x2000b60c       0x94 CMakeFiles/C1ZZL3_reverb15_midi_experimental.dir/Users/adrianvos/pico-sdk/lib/tinyusb/src/host/hub.c.o
 .text.hub_get_status_complete
                0x2000b6a0       0x70 CMakeFiles/C1ZZL3_reverb15_midi_experimental.dir/Users/adrianvos/pico-sdk/lib/tinyusb/src/host/hub.c.o
 .text.hub_port_get_status_complete
                0x2000b710      0x168 CMakeFiles/C1ZZL3_reverb15_midi_experimental.dir/Users/adrianvos/pico-sdk/lib/tinyusb/src/host/hub.c.o
 .text.hub_port_clear_feature
                0x2000b878       0x48 CMakeFiles/C1ZZL3_reverb15_midi_experimental.dir/Users/adrianvos/pico-sdk/lib/tinyusb/src/host/hub.c.o
                0x2000b878                hub_port_clear_feature
 .text.hub_port_get_status
                0x2000b8c0       0x50 CMakeFiles/C1ZZL3_reverb15_midi_experimental.dir/Users/adrianvos/pico-sdk/lib/tinyusb/src/host/hub.c.o
                0x2000b8c0                hub_port_get_status
 .text.hub_init
                0x2000b910       0x14 CMakeFiles/C1ZZL3_reverb15_midi_experimental.dir/Users/adrianvos/pico-sdk/lib/tinyusb/src/host/hub.c.o
                0x2000b910                hub_init
 .text.hub_deinit
                0x2000b924        0x4 CMakeFiles/C1ZZL3_reverb15_midi_experimental.dir/Users/adrianvos/pico-sdk/lib/tinyusb/src/host/hub.c.o
                0x2000b924                hub_deinit
 .text.hub_open
                0x2000b928       0x58 CMakeFiles/C1ZZL3_reverb15_midi_experimental.dir/Users/adrianvos/pico-sdk/lib/tinyusb/src/host/hub.c.o
                0x2000b928                hub_open
 .text.hub_close
                0x2000b980       0x24 CMakeFiles/C1ZZL3_reverb15_midi_experimental.dir/Users/adrianvos/pico-sdk/lib/tinyusb/src/host/hub.c.o
                0x2000b980                hub_close
 .text.hub_edpt_status_xfer
                0x2000b9a4       0x28 CMakeFiles/C1ZZL3_reverb15_midi_experimental.dir/Users/adrianvos/pico-sdk/lib/tinyusb/src/host/hub.c.o
                0x2000b9a4                hub_edpt_status_xfer
 .text.hub_set_config
                0x2000b9cc       0x54 CMakeFiles/C1ZZL3_reverb15_midi_experimental.dir/Users/adrianvos/pico-sdk/lib/tinyusb/src/host/hub.c.o
                0x2000b9cc                hub_set_config
 .text.hub_xfer_cb
                0x2000ba20      0x114 CMakeFiles/C1ZZL3_reverb15_midi_experimental.dir/Users/adrianvos/pico-sdk/lib/tinyusb/src/host/hub.c.o
                0x2000ba20                hub_xfer_cb
 .text          0x2000bb34        0x4 /Applications/ArmGNUToolchain/15.2.rel1/arm-none-eabi/bin/../lib/gcc/arm-none-eabi/15.2.1/thumb/v6-m/nofp/libgcc.a(_dvmd_tls.o)
                0x2000bb34                __aeabi_ldiv0
                0x2000bb34                __aeabi_idiv0
 .text.calloc   0x2000bb38       0x14 /Applications/ArmGNUToolchain/15.2.rel1/arm-none-eabi/bin/../lib/gcc/arm-none-eabi/15.2.1/../../../../arm-none-eabi/lib/thumb/v6-m/nofp/libg.a(libc_a-calloc.o)
                0x2000bb38                calloc
 .text._calloc_r
                0x2000bb4c       0xb8 /Applications/ArmGNUToolchain/15.2.rel1/arm-none-eabi/bin/../lib/gcc/arm-none-eabi/15.2.1/../../../../arm-none-eabi/lib/thumb/v6-m/nofp/libg.a(libc_a-callocr.o)
                0x2000bb4c                _calloc_r
 .text.malloc   0x2000bc04       0x14 /Applications/ArmGNUToolchain/15.2.rel1/arm-none-eabi/bin/../lib/gcc/arm-none-eabi/15.2.1/../../../../arm-none-eabi/lib/thumb/v6-m/nofp/libg.a(libc_a-malloc.o)
                0x2000bc04                malloc
 .text.free     0x2000bc18       0x14 /Applications/ArmGNUToolchain/15.2.rel1/arm-none-eabi/bin/../lib/gcc/arm-none-eabi/15.2.1/../../../../arm-none-eabi/lib/thumb/v6-m/nofp/libg.a(libc_a-malloc.o)
                0x2000bc18                free
 .text._malloc_r
                0x2000bc2c      0x564 /Applications/ArmGNUToolchain/15.2.rel1/arm-none-eabi/bin/../lib/gcc/arm-none-eabi/15.2.1/../../../../arm-none-eabi/lib/thumb/v6-m/nofp/libg.a(libc_a-mallocr.o)
                0x2000bc2c                _malloc_r
 .text.__malloc_lock
                0x2000c190       0x10 /Applications/ArmGNUToolchain/15.2.rel1/arm-none-eabi/bin/../lib/gcc/arm-none-eabi/15.2.1/../../../../arm-none-eabi/lib/thumb/v6-m/nofp/libg.a(libc_a-mlock.o)
                0x2000c190                __malloc_lock
 .text.__malloc_unlock
                0x2000c1a0       0x10 /Applications/ArmGNUToolchain/15.2.rel1/arm-none-eabi/bin/../lib/gcc/arm-none-eabi/15.2.1/../../../../arm-none-eabi/lib/thumb/v6-m/nofp/libg.a(libc_a-mlock.o)
                0x2000c1a0                __malloc_unlock
 .text._sbrk_r  0x2000c1b0       0x24 /Applications/ArmGNUToolchain/15.2.rel1/arm-none-eabi/bin/../lib/gcc/arm-none-eabi/15.2.1/../../../../arm-none-eabi/lib/thumb/v6-m/nofp/libg.a(libc_a-sbrkr.o)
                0x2000c1b0                _sbrk_r
 .text.__errno  0x2000c1d4        0xc /Applications/ArmGNUToolchain/15.2.rel1/arm-none-eabi/bin/../lib/gcc/arm-none-eabi/15.2.1/../../../../arm-none-eabi/lib/thumb/v6-m/nofp/libg.a(libc_a-errno.o)
                0x2000c1d4                __errno
 .text.sysconf  0x2000c1e0       0x1c /Applications/ArmGNUToolchain/15.2.rel1/arm-none-eabi/bin/../lib/gcc/arm-none-eabi/15.2.1/../../../../arm-none-eabi/lib/thumb/v6-m/nofp/libg.a(libc_a-sysconf.o)
                0x2000c1e0                sysconf
 .text.__retarget_lock_acquire_recursive
                0x2000c1fc        0x4 /Applications/ArmGNUToolchain/15.2.rel1/arm-none-eabi/bin/../lib/gcc/arm-none-eabi/15.2.1/../../../../arm-none-eabi/lib/thumb/v6-m/nofp/libg.a(libc_a-lock.o)
                0x2000c1fc                __retarget_lock_acquire_recursive
 .text.__retarget_lock_release_recursive
                0x2000c200        0x4 /Applications/ArmGNUToolchain/15.2.rel1/arm-none-eabi/bin/../lib/gcc/arm-none-eabi/15.2.1/../../../../arm-none-eabi/lib/thumb/v6-m/nofp/libg.a(libc_a-lock.o)
                0x2000c200                __retarget_lock_release_recursive
 .text.strlen   0x2000c204       0x60 /Applications/ArmGNUToolchain/15.2.rel1/arm-none-eabi/bin/../lib/gcc/arm-none-eabi/15.2.1/../../../../arm-none-eabi/lib/thumb/v6-m/nofp/libg.a(libc_a-strlen-stub.o)
                0x2000c204                strlen
 .text._malloc_trim_r
                0x2000c264       0xb0 /Applications/ArmGNUToolchain/15.2.rel1/arm-none-eabi/bin/../lib/gcc/arm-none-eabi/15.2.1/../../../../arm-none-eabi/lib/thumb/v6-m/nofp/libg.a(libc_a-freer.o)
                0x2000c264                _malloc_trim_r
 .text._free_r  0x2000c314      0x1d4 /Applications/ArmGNUToolchain/15.2.rel1/arm-none-eabi/bin/../lib/gcc/arm-none-eabi/15.2.1/../../../../arm-none-eabi/lib/thumb/v6-m/nofp/libg.a(libc_a-freer.o)
                0x2000c314                _free_r
 *(.fini)
 .fini          0x2000c4e8        0x4 /Applications/ArmGNUToolchain/15.2.rel1/arm-none-eabi/bin/../lib/gcc/arm-none-eabi/15.2.1/thumb/v6-m/nofp/crti.o
                0x2000c4e8                _fini
 *crtbegin.o(.ctors)
 *crtbegin?.o(.ctors)
 *(EXCLUDE_FILE(*crtend.o *crtend?.o) .ctors)
 *(SORT_BY_NAME(.ctors.*))
 *(.ctors)
 *crtbegin.o(.dtors)
 *crtbegin?.o(.dtors)
 *(EXCLUDE_FILE(*crtend.o *crtend?.o) .dtors)
 *(SORT_BY_NAME(.dtors.*))
 *(.dtors)
 *(.eh_frame*)
 .eh_frame      0x2000c4ec        0x0 /Applications/ArmGNUToolchain/15.2.rel1/arm-none-eabi/bin/../lib/gcc/arm-none-eabi/15.2.1/thumb/v6-m/nofp/crtbegin.o
                0x2000c4ec                        . = ALIGN (0x4)
                0x2000c4ec                        __ram_text_end__ = .
                0x100002b4                        __ram_text_source__ = LOADADDR (.text)

.glue_7         0x2000c4ec        0x0 load address 0x1000c6e0
 .glue_7        0x2000c4ec        0x0 linker stubs

.glue_7t        0x2000c4ec        0x0 load address 0x1000c6e0
 .glue_7t       0x2000c4ec        0x0 linker stubs

.vfp11_veneer   0x2000c4ec        0x0 load address 0x1000c6e0
 .vfp11_veneer  0x2000c4ec        0x0 linker stubs

.v4_bx          0x2000c4ec        0x0 load address 0x1000c6e0
 .v4_bx         0x2000c4ec        0x0 linker stubs

.iplt           0x2000c4ec        0x0 load address 0x1000c6e0
 .iplt          0x2000c4ec        0x0 /Applications/ArmGNUToolchain/15.2.rel1/arm-none-eabi/bin/../lib/gcc/arm-none-eabi/15.2.1/thumb/v6-m/nofp/crtbegin.o
                0x2000c4ec                        . = ALIGN (0x4)

.data           0x2000c4f0     0x3348 load address 0x1000c6e0
                0x2000c4f0                        __data_start__ = .
 *(vtable)
 *(.time_critical*)
 .time_critical.ComputerCard::AudioWorker
                0x2000c4f0      0x1d8 CMakeFiles/C1ZZL3_reverb15_midi_experimental.dir/C1ZZL3.cpp.o
                0x2000c4f0                ComputerCard::AudioWorker()
 .time_critical.ComputerCard::BufferFull
                0x2000c6c8      0x60c CMakeFiles/C1ZZL3_reverb15_midi_experimental.dir/C1ZZL3.cpp.o
                0x2000c6c8                ComputerCard::BufferFull()
 .time_critical.mutex_enter_blocking
                0x2000ccd4       0x48 CMakeFiles/C1ZZL3_reverb15_midi_experimental.dir/Users/adrianvos/pico-sdk/src/common/pico_sync/mutex.c.o
                0x2000ccd4                mutex_enter_blocking
 .time_critical.mutex_try_enter_block_until
                0x2000cd1c       0x98 CMakeFiles/C1ZZL3_reverb15_midi_experimental.dir/Users/adrianvos/pico-sdk/src/common/pico_sync/mutex.c.o
                0x2000cd1c                mutex_try_enter_block_until
 .time_critical.mutex_enter_timeout_ms
                0x2000cdb4       0x8c CMakeFiles/C1ZZL3_reverb15_midi_experimental.dir/Users/adrianvos/pico-sdk/src/common/pico_sync/mutex.c.o
                0x2000cdb4                mutex_enter_timeout_ms
 .time_critical.mutex_exit
                0x2000ce40       0x28 CMakeFiles/C1ZZL3_reverb15_midi_experimental.dir/Users/adrianvos/pico-sdk/src/common/pico_sync/mutex.c.o
                0x2000ce40                mutex_exit
 .time_critical.flash_init_boot2_copyout
                0x2000ce68       0x30 CMakeFiles/C1ZZL3_reverb15_midi_experimental.dir/Users/adrianvos/pico-sdk/src/rp2_common/hardware_flash/flash.c.o
 .time_critical.flash_enable_xip_via_boot2
                0x2000ce98        0xc CMakeFiles/C1ZZL3_reverb15_midi_experimental.dir/Users/adrianvos/pico-sdk/src/rp2_common/hardware_flash/flash.c.o
 .time_critical.flash_save_hardware_state
                0x2000cea4       0x20 CMakeFiles/C1ZZL3_reverb15_midi_experimental.dir/Users/adrianvos/pico-sdk/src/rp2_common/hardware_flash/flash.c.o
 .time_critical.flash_restore_hardware_state
                0x2000cec4       0x20 CMakeFiles/C1ZZL3_reverb15_midi_experimental.dir/Users/adrianvos/pico-sdk/src/rp2_common/hardware_flash/flash.c.o
 .time_critical.flash_cs_force
                0x2000cee4       0x38 CMakeFiles/C1ZZL3_reverb15_midi_experimental.dir/Users/adrianvos/pico-sdk/src/rp2_common/hardware_flash/flash.c.o
 .time_critical.flash_range_erase
                0x2000cf1c       0x90 CMakeFiles/C1ZZL3_reverb15_midi_experimental.dir/Users/adrianvos/pico-sdk/src/rp2_common/hardware_flash/flash.c.o
                0x2000cf1c                flash_range_erase
 .time_critical.flash_range_program
                0x2000cfac       0x90 CMakeFiles/C1ZZL3_reverb15_midi_experimental.dir/Users/adrianvos/pico-sdk/src/rp2_common/hardware_flash/flash.c.o
                0x2000cfac                flash_range_program
 .time_critical.flash_do_cmd
                0x2000d03c      0x124 CMakeFiles/C1ZZL3_reverb15_midi_experimental.dir/Users/adrianvos/pico-sdk/src/rp2_common/hardware_flash/flash.c.o
                0x2000d03c                flash_do_cmd
 .time_critical.reset_non_control_endpoints
                0x2000d160       0x68 CMakeFiles/C1ZZL3_reverb15_midi_experimental.dir/Users/adrianvos/pico-sdk/lib/tinyusb/src/portable/raspberrypi/rp2040/dcd_rp2040.c.o
 .time_critical.hw_handle_buff_status
                0x2000d1c8       0x88 CMakeFiles/C1ZZL3_reverb15_midi_experimental.dir/Users/adrianvos/pico-sdk/lib/tinyusb/src/portable/raspberrypi/rp2040/dcd_rp2040.c.o
 .time_critical.dcd_rp2040_irq
                0x2000d250      0x53c CMakeFiles/C1ZZL3_reverb15_midi_experimental.dir/Users/adrianvos/pico-sdk/lib/tinyusb/src/portable/raspberrypi/rp2040/dcd_rp2040.c.o
 .time_critical.prepare_ep_buffer
                0x2000d78c       0xc4 CMakeFiles/C1ZZL3_reverb15_midi_experimental.dir/Users/adrianvos/pico-sdk/lib/tinyusb/src/portable/raspberrypi/rp2040/rp2040_usb.c.o
 .time_critical.sync_ep_buffer
                0x2000d850       0xa0 CMakeFiles/C1ZZL3_reverb15_midi_experimental.dir/Users/adrianvos/pico-sdk/lib/tinyusb/src/portable/raspberrypi/rp2040/rp2040_usb.c.o
 .time_critical._hw_endpoint_xfer_sync
                0x2000d8f0       0x28 CMakeFiles/C1ZZL3_reverb15_midi_experimental.dir/Users/adrianvos/pico-sdk/lib/tinyusb/src/portable/raspberrypi/rp2040/rp2040_usb.c.o
 .time_critical.e15_is_bulkin_ep
                0x2000d918       0x28 CMakeFiles/C1ZZL3_reverb15_midi_experimental.dir/Users/adrianvos/pico-sdk/lib/tinyusb/src/portable/raspberrypi/rp2040/rp2040_usb.c.o
 .time_critical.e15_is_critical_frame_period
                0x2000d940       0x30 CMakeFiles/C1ZZL3_reverb15_midi_experimental.dir/Users/adrianvos/pico-sdk/lib/tinyusb/src/portable/raspberrypi/rp2040/rp2040_usb.c.o
 .time_critical.hw_endpoint_reset_transfer
                0x2000d970        0xc CMakeFiles/C1ZZL3_reverb15_midi_experimental.dir/Users/adrianvos/pico-sdk/lib/tinyusb/src/portable/raspberrypi/rp2040/rp2040_usb.c.o
                0x2000d970                hw_endpoint_reset_transfer
 .time_critical._hw_endpoint_buffer_control_update32
                0x2000d97c       0x50 CMakeFiles/C1ZZL3_reverb15_midi_experimental.dir/Users/adrianvos/pico-sdk/lib/tinyusb/src/portable/raspberrypi/rp2040/rp2040_usb.c.o
                0x2000d97c                _hw_endpoint_buffer_control_update32
 .time_critical.hw_endpoint_start_next_buffer
                0x2000d9cc       0x68 CMakeFiles/C1ZZL3_reverb15_midi_experimental.dir/Users/adrianvos/pico-sdk/lib/tinyusb/src/portable/raspberrypi/rp2040/rp2040_usb.c.o
                0x2000d9cc                hw_endpoint_start_next_buffer
 .time_critical.hw_endpoint_xfer_continue
                0x2000da34       0x40 CMakeFiles/C1ZZL3_reverb15_midi_experimental.dir/Users/adrianvos/pico-sdk/lib/tinyusb/src/portable/raspberrypi/rp2040/rp2040_usb.c.o
                0x2000da34                hw_endpoint_xfer_continue
 .time_critical.tinyusb
                0x2000da74      0x1d4 CMakeFiles/C1ZZL3_reverb15_midi_experimental.dir/Users/adrianvos/pico-sdk/lib/tinyusb/src/device/usbd.c.o
                0x2000da74                dcd_event_handler
 .time_critical.hw_xfer_complete
                0x2000dc48       0x40 CMakeFiles/C1ZZL3_reverb15_midi_experimental.dir/Users/adrianvos/pico-sdk/lib/tinyusb/src/portable/raspberrypi/rp2040/hcd_rp2040.c.o
 .time_critical.hw_trans_complete
                0x2000dc88       0x20 CMakeFiles/C1ZZL3_reverb15_midi_experimental.dir/Users/adrianvos/pico-sdk/lib/tinyusb/src/portable/raspberrypi/rp2040/hcd_rp2040.c.o
 .time_critical._handle_buff_status_bit
                0x2000dca8       0x24 CMakeFiles/C1ZZL3_reverb15_midi_experimental.dir/Users/adrianvos/pico-sdk/lib/tinyusb/src/portable/raspberrypi/rp2040/hcd_rp2040.c.o
 .time_critical.hw_handle_buff_status
                0x2000dccc       0x84 CMakeFiles/C1ZZL3_reverb15_midi_experimental.dir/Users/adrianvos/pico-sdk/lib/tinyusb/src/portable/raspberrypi/rp2040/hcd_rp2040.c.o
 .time_critical.hcd_rp2040_irq
                0x2000dd50      0x190 CMakeFiles/C1ZZL3_reverb15_midi_experimental.dir/Users/adrianvos/pico-sdk/lib/tinyusb/src/portable/raspberrypi/rp2040/hcd_rp2040.c.o
 .time_critical.tinyusb
                0x2000dee0       0x78 CMakeFiles/C1ZZL3_reverb15_midi_experimental.dir/Users/adrianvos/pico-sdk/lib/tinyusb/src/host/usbh.c.o
                0x2000dee0                hcd_event_handler
                0x2000df58                        . = ALIGN (0x4)
 *(.rodata*)
 .rodata._ZN6C1ZZL316outputSynthVoiceElllll
                0x2000df58       0x8c CMakeFiles/C1ZZL3_reverb15_midi_experimental.dir/C1ZZL3.cpp.o
 .rodata.CSWTCH.292
                0x2000dfe4       0x20 CMakeFiles/C1ZZL3_reverb15_midi_experimental.dir/C1ZZL3.cpp.o
 .rodata._ZTV12ComputerCard
                0x2000e004        0xc CMakeFiles/C1ZZL3_reverb15_midi_experimental.dir/C1ZZL3.cpp.o
                0x2000e004                vtable for ComputerCard
 .rodata._ZTV6C1ZZL3
                0x2000e010        0xc CMakeFiles/C1ZZL3_reverb15_midi_experimental.dir/C1ZZL3.cpp.o
                0x2000e010                vtable for C1ZZL3
 .rodata._ZZN6C1ZZL314pitchFrequencyElE16SemitoneRatioQ15
                0x2000e01c       0x34 CMakeFiles/C1ZZL3_reverb15_midi_experimental.dir/C1ZZL3.cpp.o
                0x2000e01c                C1ZZL3::pitchFrequency(long)::SemitoneRatioQ15
 .rodata._ZZN6C1ZZL315envelopeProgramEvE3off
                0x2000e050       0x80 CMakeFiles/C1ZZL3_reverb15_midi_experimental.dir/C1ZZL3.cpp.o
                0x2000e050                C1ZZL3::envelopeProgram()::off
 .rodata._ZZN6C1ZZL315envelopeProgramEvE15evolvingDigital
                0x2000e0d0       0x80 CMakeFiles/C1ZZL3_reverb15_midi_experimental.dir/C1ZZL3.cpp.o
                0x2000e0d0                C1ZZL3::envelopeProgram()::evolvingDigital
 .rodata._ZZN6C1ZZL315envelopeProgramEvE12reverseSwell
                0x2000e150       0x80 CMakeFiles/C1ZZL3_reverb15_midi_experimental.dir/C1ZZL3.cpp.o
                0x2000e150                C1ZZL3::envelopeProgram()::reverseSwell
 .rodata._ZZN6C1ZZL315envelopeProgramEvE7strings
                0x2000e1d0       0x80 CMakeFiles/C1ZZL3_reverb15_midi_experimental.dir/C1ZZL3.cpp.o
                0x2000e1d0                C1ZZL3::envelopeProgram()::strings
 .rodata._ZZN6C1ZZL315envelopeProgramEvE5brass
                0x2000e250       0x80 CMakeFiles/C1ZZL3_reverb15_midi_experimental.dir/C1ZZL3.cpp.o
                0x2000e250                C1ZZL3::envelopeProgram()::brass
 .rodata._ZZN6C1ZZL315envelopeProgramEvE4bell
                0x2000e2d0       0x80 CMakeFiles/C1ZZL3_reverb15_midi_experimental.dir/C1ZZL3.cpp.o
                0x2000e2d0                C1ZZL3::envelopeProgram()::bell
 .rodata._ZZN6C1ZZL315envelopeProgramEvE6bounce
                0x2000e350       0x80 CMakeFiles/C1ZZL3_reverb15_midi_experimental.dir/C1ZZL3.cpp.o
                0x2000e350                C1ZZL3::envelopeProgram()::bounce
 .rodata._ZZN6C1ZZL315envelopeProgramEvE11doublePluck
                0x2000e3d0       0x80 CMakeFiles/C1ZZL3_reverb15_midi_experimental.dir/C1ZZL3.cpp.o
                0x2000e3d0                C1ZZL3::envelopeProgram()::doublePluck
 .rodata._ZZN6C1ZZL315envelopeProgramEvE5pluck
                0x2000e450       0x80 CMakeFiles/C1ZZL3_reverb15_midi_experimental.dir/C1ZZL3.cpp.o
                0x2000e450                C1ZZL3::envelopeProgram()::pluck
 .rodata._ZN12ComputerCard4ledsE
                0x2000e4d0        0x6 CMakeFiles/C1ZZL3_reverb15_midi_experimental.dir/C1ZZL3.cpp.o
                0x2000e4d0                ComputerCard::leds
 *fill*         0x2000e4d6        0x2 
 .rodata.sineLUT
                0x2000e4d8      0x800 CMakeFiles/C1ZZL3_reverb15_midi_experimental.dir/C1ZZL3_LUT.cpp.o
                0x2000e4d8                sineLUT
 .rodata.str1.4
                0x2000ecd8      0x1c8 CMakeFiles/C1ZZL3_reverb15_midi_experimental.dir/usb_descriptors.c.o
                                 0x40 (size before relaxing)
 .rodata.__compound_literal.0
                0x2000eea0        0x2 CMakeFiles/C1ZZL3_reverb15_midi_experimental.dir/usb_descriptors.c.o
 *fill*         0x2000eea2        0x2 
 .rodata.desc_configuration
                0x2000eea4       0x65 CMakeFiles/C1ZZL3_reverb15_midi_experimental.dir/usb_descriptors.c.o
                0x2000eea4                desc_configuration
 *fill*         0x2000ef09        0x3 
 .rodata.desc_device
                0x2000ef0c       0x12 CMakeFiles/C1ZZL3_reverb15_midi_experimental.dir/usb_descriptors.c.o
                0x2000ef0c                desc_device
 .rodata.panic.str1.4
                0x2000ef1e        0x0 CMakeFiles/C1ZZL3_reverb15_midi_experimental.dir/Users/adrianvos/pico-sdk/src/rp2_common/pico_platform_panic/panic.c.o
                                 0x12 (size before relaxing)
 .rodata.spin_lock_claim_unused.str1.4
                0x2000ef1e        0x0 CMakeFiles/C1ZZL3_reverb15_midi_experimental.dir/Users/adrianvos/pico-sdk/src/rp2_common/hardware_sync/sync.c.o
                                 0x1b (size before relaxing)
 .rodata.timer_hardware_alarm_claim.str1.4
                0x2000ef1e        0x0 CMakeFiles/C1ZZL3_reverb15_midi_experimental.dir/Users/adrianvos/pico-sdk/src/rp2_common/hardware_timer/timer.c.o
                                 0x22 (size before relaxing)
 .rodata.hard_assertion_failure.str1.4
                0x2000ef1e        0x0 CMakeFiles/C1ZZL3_reverb15_midi_experimental.dir/Users/adrianvos/pico-sdk/src/rp2_common/pico_runtime/runtime.c.o
                                  0xc (size before relaxing)
 .rodata.__wrap_malloc.str1.4
                0x2000ef1e        0x0 CMakeFiles/C1ZZL3_reverb15_midi_experimental.dir/Users/adrianvos/pico-sdk/src/rp2_common/pico_malloc/malloc.c.o
                                  0xe (size before relaxing)
 .rodata.str1.4
                0x2000ef1e        0x0 CMakeFiles/C1ZZL3_reverb15_midi_experimental.dir/Users/adrianvos/pico-sdk/src/rp2_common/pico_standard_binary_info/standard_binary_info.c.o
                                 0x58 (size before relaxing)
 *fill*         0x2000ef1e        0x2 
 .rodata.__bi_84
                0x2000ef20        0xc CMakeFiles/C1ZZL3_reverb15_midi_experimental.dir/Users/adrianvos/pico-sdk/src/rp2_common/pico_standard_binary_info/standard_binary_info.c.o
 .rodata.__bi_78
                0x2000ef2c        0xc CMakeFiles/C1ZZL3_reverb15_midi_experimental.dir/Users/adrianvos/pico-sdk/src/rp2_common/pico_standard_binary_info/standard_binary_info.c.o
 .rodata.__bi_54
                0x2000ef38        0xc CMakeFiles/C1ZZL3_reverb15_midi_experimental.dir/Users/adrianvos/pico-sdk/src/rp2_common/pico_standard_binary_info/standard_binary_info.c.o
 .rodata.__bi_48
                0x2000ef44        0xc CMakeFiles/C1ZZL3_reverb15_midi_experimental.dir/Users/adrianvos/pico-sdk/src/rp2_common/pico_standard_binary_info/standard_binary_info.c.o
 .rodata.__bi_42
                0x2000ef50        0xc CMakeFiles/C1ZZL3_reverb15_midi_experimental.dir/Users/adrianvos/pico-sdk/src/rp2_common/pico_standard_binary_info/standard_binary_info.c.o
 .rodata.__bi_34
                0x2000ef5c        0xc CMakeFiles/C1ZZL3_reverb15_midi_experimental.dir/Users/adrianvos/pico-sdk/src/rp2_common/pico_standard_binary_info/standard_binary_info.c.o
 .rodata.__bi_26
                0x2000ef68        0xc CMakeFiles/C1ZZL3_reverb15_midi_experimental.dir/Users/adrianvos/pico-sdk/src/rp2_common/pico_standard_binary_info/standard_binary_info.c.o
 .rodata.crlf_str.0
                0x2000ef74        0x2 CMakeFiles/C1ZZL3_reverb15_midi_experimental.dir/Users/adrianvos/pico-sdk/src/rp2_common/pico_stdio/stdio.c.o
 .rodata.dma_claim_unused_channel.str1.4
                0x2000ef76        0x0 CMakeFiles/C1ZZL3_reverb15_midi_experimental.dir/Users/adrianvos/pico-sdk/src/rp2_common/hardware_dma/dma.c.o
                                 0x1e (size before relaxing)
 .rodata.str1.4
                0x2000ef76        0x0 CMakeFiles/C1ZZL3_reverb15_midi_experimental.dir/Users/adrianvos/pico-sdk/lib/tinyusb/src/portable/raspberrypi/rp2040/dcd_rp2040.c.o
                                 0x14 (size before relaxing)
 .rodata.str1.4
                0x2000ef76        0x0 CMakeFiles/C1ZZL3_reverb15_midi_experimental.dir/Users/adrianvos/pico-sdk/lib/tinyusb/src/portable/raspberrypi/rp2040/rp2040_usb.c.o
                                 0x48 (size before relaxing)
 *fill*         0x2000ef76        0x2 
 .rodata.tud_task_ext
                0x2000ef78       0x8c CMakeFiles/C1ZZL3_reverb15_midi_experimental.dir/Users/adrianvos/pico-sdk/lib/tinyusb/src/device/usbd.c.o
 .rodata        0x2000f004       0x1c CMakeFiles/C1ZZL3_reverb15_midi_experimental.dir/Users/adrianvos/pico-sdk/lib/tinyusb/src/device/usbd.c.o
 .rodata._usbd_driver
                0x2000f020       0x20 CMakeFiles/C1ZZL3_reverb15_midi_experimental.dir/Users/adrianvos/pico-sdk/lib/tinyusb/src/device/usbd.c.o
 .rodata.str1.4
                0x2000f040        0x0 CMakeFiles/C1ZZL3_reverb15_midi_experimental.dir/Users/adrianvos/pico-sdk/lib/tinyusb/src/portable/raspberrypi/rp2040/hcd_rp2040.c.o
                                 0x40 (size before relaxing)
 .rodata.hcd_port_speed_get.str1.4
                0x2000f040        0x0 CMakeFiles/C1ZZL3_reverb15_midi_experimental.dir/Users/adrianvos/pico-sdk/lib/tinyusb/src/portable/raspberrypi/rp2040/hcd_rp2040.c.o
                                  0xf (size before relaxing)
 .rodata.process_enumeration
                0x2000f040       0x34 CMakeFiles/C1ZZL3_reverb15_midi_experimental.dir/Users/adrianvos/pico-sdk/lib/tinyusb/src/host/usbh.c.o
 .rodata.usbh_class_drivers
                0x2000f074       0x1c CMakeFiles/C1ZZL3_reverb15_midi_experimental.dir/Users/adrianvos/pico-sdk/lib/tinyusb/src/host/usbh.c.o
 .rodata        0x2000f090        0x8 CMakeFiles/C1ZZL3_reverb15_midi_experimental.dir/Users/adrianvos/pico-sdk/lib/tinyusb/src/host/hub.c.o
 .rodata.str1.4
                0x2000f098        0x0 CMakeFiles/C1ZZL3_reverb15_midi_experimental.dir/Users/adrianvos/pico-sdk/lib/tinyusb/hw/bsp/rp2040/family.c.o
                                  0x4 (size before relaxing)
 .rodata.__bi_153.0
                0x2000f098        0xc CMakeFiles/C1ZZL3_reverb15_midi_experimental.dir/Users/adrianvos/pico-sdk/lib/tinyusb/hw/bsp/rp2040/family.c.o
 .rodata.__bi_163.1
                0x2000f0a4        0x8 CMakeFiles/C1ZZL3_reverb15_midi_experimental.dir/Users/adrianvos/pico-sdk/lib/tinyusb/hw/bsp/rp2040/family.c.o
                0x2000f0ac                        . = ALIGN (0x4)
 *(.data*)
 .data._ZZN12ComputerCard10BufferFullEvE14startupCounter
                0x2000f0ac        0x4 CMakeFiles/C1ZZL3_reverb15_midi_experimental.dir/C1ZZL3.cpp.o
 .data._ZZN12ComputerCard15next_norm_probeEvE8lcg_seed
                0x2000f0b0        0x4 CMakeFiles/C1ZZL3_reverb15_midi_experimental.dir/C1ZZL3.cpp.o
 .data._ZN12ComputerCard7cvValueE
                0x2000f0b4        0x8 CMakeFiles/C1ZZL3_reverb15_midi_experimental.dir/C1ZZL3.cpp.o
                0x2000f0b4                ComputerCard::cvValue
 .data.string_desc_arr
                0x2000f0bc       0x10 CMakeFiles/C1ZZL3_reverb15_midi_experimental.dir/usb_descriptors.c.o
                0x2000f0bc                string_desc_arr
 *fill*         0x2000f0cc        0x4 
 .data.midih_limits
                0x2000f0d0        0xc CMakeFiles/C1ZZL3_reverb15_midi_experimental.dir/usb_midi_host.c.o
 .data.host_driver.0
                0x2000f0dc       0x1c CMakeFiles/C1ZZL3_reverb15_midi_experimental.dir/usb_midi_host_app_driver.c.o
 .data.striped_spin_lock_num
                0x2000f0f8        0x1 CMakeFiles/C1ZZL3_reverb15_midi_experimental.dir/Users/adrianvos/pico-sdk/src/rp2_common/hardware_sync/sync.c.o
 *fill*         0x2000f0f9        0x3 
 .data          0x2000f0fc       0x48 CMakeFiles/C1ZZL3_reverb15_midi_experimental.dir/Users/adrianvos/pico-sdk/src/rp2_common/hardware_irq/irq_handler_chain.S.o
                0x2000f0fc                irq_handler_chain_slots
                0x2000f12c                irq_handler_chain_first_slot
                0x2000f136                irq_handler_chain_remove_tail
 .data.default_alarm_pool
                0x2000f144       0x18 CMakeFiles/C1ZZL3_reverb15_midi_experimental.dir/Users/adrianvos/pico-sdk/src/common/pico_time/time.c.o
 *fill*         0x2000f15c        0x4 
 .data.aeabi_bits_funcs
                0x2000f160       0x10 CMakeFiles/C1ZZL3_reverb15_midi_experimental.dir/Users/adrianvos/pico-sdk/src/rp2_common/pico_bit_ops/bit_ops_aeabi.S.o
                0x2000f160                aeabi_bits_funcs
                0x2000f170                aeabi_bits_funcs_end
 .data.aeabi_mem_funcs
                0x2000f170       0x10 CMakeFiles/C1ZZL3_reverb15_midi_experimental.dir/Users/adrianvos/pico-sdk/src/rp2_common/pico_mem_ops/mem_ops_aeabi.S.o
                0x2000f170                aeabi_mem_funcs
                0x2000f180                aeabi_mem_funcs_end
 .data.i2c0_inst
                0x2000f180        0x8 CMakeFiles/C1ZZL3_reverb15_midi_experimental.dir/Users/adrianvos/pico-sdk/src/rp2_common/hardware_i2c/i2c.c.o
                0x2000f180                i2c0_inst
 .data._usbd_qdef
                0x2000f188       0x1c CMakeFiles/C1ZZL3_reverb15_midi_experimental.dir/Users/adrianvos/pico-sdk/lib/tinyusb/src/device/usbd.c.o
                0x2000f188                _usbd_qdef
 .data._usbd_rhport
                0x2000f1a4        0x1 CMakeFiles/C1ZZL3_reverb15_midi_experimental.dir/Users/adrianvos/pico-sdk/lib/tinyusb/src/device/usbd.c.o
 *fill*         0x2000f1a5        0x3 
 .data._usbh_qdef
                0x2000f1a8       0x1c CMakeFiles/C1ZZL3_reverb15_midi_experimental.dir/Users/adrianvos/pico-sdk/lib/tinyusb/src/host/usbh.c.o
                0x2000f1a8                _usbh_qdef
 .data._usbh_controller
                0x2000f1c4        0x1 CMakeFiles/C1ZZL3_reverb15_midi_experimental.dir/Users/adrianvos/pico-sdk/lib/tinyusb/src/host/usbh.c.o
 *fill*         0x2000f1c5        0x3 
 .data.__malloc_sbrk_base
                0x2000f1c8        0x4 /Applications/ArmGNUToolchain/15.2.rel1/arm-none-eabi/bin/../lib/gcc/arm-none-eabi/15.2.1/../../../../arm-none-eabi/lib/thumb/v6-m/nofp/libg.a(libc_a-mallocr.o)
                0x2000f1c8                __malloc_sbrk_base
 .data.__malloc_trim_threshold
                0x2000f1cc        0x4 /Applications/ArmGNUToolchain/15.2.rel1/arm-none-eabi/bin/../lib/gcc/arm-none-eabi/15.2.1/../../../../arm-none-eabi/lib/thumb/v6-m/nofp/libg.a(libc_a-mallocr.o)
                0x2000f1cc                __malloc_trim_threshold
 .data.__malloc_av_
                0x2000f1d0      0x408 /Applications/ArmGNUToolchain/15.2.rel1/arm-none-eabi/bin/../lib/gcc/arm-none-eabi/15.2.1/../../../../arm-none-eabi/lib/thumb/v6-m/nofp/libg.a(libc_a-mallocr.o)
                0x2000f1d0                __malloc_av_
 .data._impure_ptr
                0x2000f5d8        0x4 /Applications/ArmGNUToolchain/15.2.rel1/arm-none-eabi/bin/../lib/gcc/arm-none-eabi/15.2.1/../../../../arm-none-eabi/lib/thumb/v6-m/nofp/libg.a(libc_a-impure.o)
                0x2000f5d8                _impure_ptr
 *fill*         0x2000f5dc        0x4 
 .data._impure_data
                0x2000f5e0      0x200 /Applications/ArmGNUToolchain/15.2.rel1/arm-none-eabi/bin/../lib/gcc/arm-none-eabi/15.2.1/../../../../arm-none-eabi/lib/thumb/v6-m/nofp/libg.a(libc_a-impure.o)
                0x2000f5e0                _impure_data
                0x2000f7e0                        . = ALIGN (0x4)
 *(.after_data.*)
                0x2000f7e0                        . = ALIGN (0x4)
                0x2000f7e0                        PROVIDE (__mutex_array_start = .)
 *(SORT_BY_NAME(.mutex_array.*))
 *(.mutex_array)
 .mutex_array   0x2000f7e0        0x8 CMakeFiles/C1ZZL3_reverb15_midi_experimental.dir/Users/adrianvos/pico-sdk/src/rp2_common/pico_malloc/malloc.c.o
 .mutex_array   0x2000f7e8        0x8 CMakeFiles/C1ZZL3_reverb15_midi_experimental.dir/Users/adrianvos/pico-sdk/src/rp2_common/pico_stdio/stdio.c.o
                0x2000f7f0                        PROVIDE (__mutex_array_end = .)
                0x2000f7f0                        . = ALIGN (0x4)
                0x2000f7f0                        PROVIDE (__preinit_array_start = .)
 *(SORT_BY_NAME(.preinit_array.*))
 .preinit_array.00100
                0x2000f7f0        0x4 CMakeFiles/C1ZZL3_reverb15_midi_experimental.dir/Users/adrianvos/pico-sdk/src/rp2_common/pico_runtime_init/runtime_init.c.o
                0x2000f7f0                __pre_init_runtime_init_early_resets
 .preinit_array.00101
                0x2000f7f4        0x4 CMakeFiles/C1ZZL3_reverb15_midi_experimental.dir/Users/adrianvos/pico-sdk/src/rp2_common/pico_runtime_init/runtime_init.c.o
                0x2000f7f4                __pre_init_runtime_init_usb_power_down
 .preinit_array.00275
                0x2000f7f8        0x4 CMakeFiles/C1ZZL3_reverb15_midi_experimental.dir/Users/adrianvos/pico-sdk/src/rp2_common/pico_bit_ops/bit_ops_aeabi.S.o
 .preinit_array.00300
                0x2000f7fc        0x4 CMakeFiles/C1ZZL3_reverb15_midi_experimental.dir/Users/adrianvos/pico-sdk/src/rp2_common/pico_mem_ops/mem_ops_aeabi.S.o
 .preinit_array.00350
                0x2000f800        0x4 CMakeFiles/C1ZZL3_reverb15_midi_experimental.dir/Users/adrianvos/pico-sdk/src/rp2_common/pico_double/double_aeabi_rp2040.S.o
 .preinit_array.00350
                0x2000f804        0x4 CMakeFiles/C1ZZL3_reverb15_midi_experimental.dir/Users/adrianvos/pico-sdk/src/rp2_common/pico_float/float_aeabi_rp2040.S.o
 .preinit_array.00500
                0x2000f808        0x4 CMakeFiles/C1ZZL3_reverb15_midi_experimental.dir/Users/adrianvos/pico-sdk/src/rp2_common/pico_runtime_init/runtime_init.c.o
                0x2000f808                __pre_init_runtime_init_clocks
 .preinit_array.00600
                0x2000f80c        0x4 CMakeFiles/C1ZZL3_reverb15_midi_experimental.dir/Users/adrianvos/pico-sdk/src/rp2_common/pico_runtime_init/runtime_init.c.o
                0x2000f80c                __pre_init_runtime_init_post_clock_resets
 .preinit_array.00700
                0x2000f810        0x4 CMakeFiles/C1ZZL3_reverb15_midi_experimental.dir/Users/adrianvos/pico-sdk/src/rp2_common/pico_runtime_init/runtime_init.c.o
                0x2000f810                __pre_init_runtime_init_rp2040_gpio_ie_disable
 .preinit_array.01000
                0x2000f814        0x4 CMakeFiles/C1ZZL3_reverb15_midi_experimental.dir/Users/adrianvos/pico-sdk/src/rp2_common/pico_runtime_init/runtime_init.c.o
                0x2000f814                __pre_init_runtime_init_spin_locks_reset