Archive member included to satisfy reference by file (symbol)

/Applications/ArmGNUToolchain/15.2.rel1/arm-none-eabi/bin/../lib/gcc/arm-none-eabi/15.2.1/thumb/v6-m/nofp/libgcc.a(_dvmd_tls.o)
                              CMakeFiles/C1ZZL3_web_midi_experimental.dir/Users/adrianvos/pico-sdk/src/rp2_common/pico_divider/divider_hardware.S.o (__aeabi_idiv0)
/Applications/ArmGNUToolchain/15.2.rel1/arm-none-eabi/bin/../lib/gcc/arm-none-eabi/15.2.1/../../../../arm-none-eabi/lib/thumb/v6-m/nofp/libg.a(libc_a-calloc.o)
                              CMakeFiles/C1ZZL3_web_midi_experimental.dir/Users/adrianvos/pico-sdk/src/rp2_common/pico_malloc/malloc.c.o (calloc)
/Applications/ArmGNUToolchain/15.2.rel1/arm-none-eabi/bin/../lib/gcc/arm-none-eabi/15.2.1/../../../../arm-none-eabi/lib/thumb/v6-m/nofp/libg.a(libc_a-callocr.o)
                              /Applications/ArmGNUToolchain/15.2.rel1/arm-none-eabi/bin/../lib/gcc/arm-none-eabi/15.2.1/../../../../arm-none-eabi/lib/thumb/v6-m/nofp/libg.a(libc_a-calloc.o) (_calloc_r)
/Applications/ArmGNUToolchain/15.2.rel1/arm-none-eabi/bin/../lib/gcc/arm-none-eabi/15.2.1/../../../../arm-none-eabi/lib/thumb/v6-m/nofp/libg.a(libc_a-malloc.o)
                              CMakeFiles/C1ZZL3_web_midi_experimental.dir/Users/adrianvos/pico-sdk/src/rp2_common/pico_malloc/malloc.c.o (malloc)
/Applications/ArmGNUToolchain/15.2.rel1/arm-none-eabi/bin/../lib/gcc/arm-none-eabi/15.2.1/../../../../arm-none-eabi/lib/thumb/v6-m/nofp/libg.a(libc_a-mallocr.o)
                              /Applications/ArmGNUToolchain/15.2.rel1/arm-none-eabi/bin/../lib/gcc/arm-none-eabi/15.2.1/../../../../arm-none-eabi/lib/thumb/v6-m/nofp/libg.a(libc_a-callocr.o) (_malloc_r)
/Applications/ArmGNUToolchain/15.2.rel1/arm-none-eabi/bin/../lib/gcc/arm-none-eabi/15.2.1/../../../../arm-none-eabi/lib/thumb/v6-m/nofp/libg.a(libc_a-mlock.o)
                              /Applications/ArmGNUToolchain/15.2.rel1/arm-none-eabi/bin/../lib/gcc/arm-none-eabi/15.2.1/../../../../arm-none-eabi/lib/thumb/v6-m/nofp/libg.a(libc_a-mallocr.o) (__malloc_lock)
/Applications/ArmGNUToolchain/15.2.rel1/arm-none-eabi/bin/../lib/gcc/arm-none-eabi/15.2.1/../../../../arm-none-eabi/lib/thumb/v6-m/nofp/libg.a(libc_a-realloc.o)
                              CMakeFiles/C1ZZL3_web_midi_experimental.dir/Users/adrianvos/pico-sdk/src/rp2_common/pico_malloc/malloc.c.o (realloc)
/Applications/ArmGNUToolchain/15.2.rel1/arm-none-eabi/bin/../lib/gcc/arm-none-eabi/15.2.1/../../../../arm-none-eabi/lib/thumb/v6-m/nofp/libg.a(libc_a-reallocr.o)
                              /Applications/ArmGNUToolchain/15.2.rel1/arm-none-eabi/bin/../lib/gcc/arm-none-eabi/15.2.1/../../../../arm-none-eabi/lib/thumb/v6-m/nofp/libg.a(libc_a-realloc.o) (_realloc_r)
/Applications/ArmGNUToolchain/15.2.rel1/arm-none-eabi/bin/../lib/gcc/arm-none-eabi/15.2.1/../../../../arm-none-eabi/lib/thumb/v6-m/nofp/libg.a(libc_a-memcmp.o)
                              CMakeFiles/C1ZZL3_web_midi_experimental.dir/Users/adrianvos/pico-sdk/src/rp2_common/pico_atomic/atomic.c.o (memcmp)
/Applications/ArmGNUToolchain/15.2.rel1/arm-none-eabi/bin/../lib/gcc/arm-none-eabi/15.2.1/../../../../arm-none-eabi/lib/thumb/v6-m/nofp/libg.a(libc_a-memmove.o)
                              /Applications/ArmGNUToolchain/15.2.rel1/arm-none-eabi/bin/../lib/gcc/arm-none-eabi/15.2.1/../../../../arm-none-eabi/lib/thumb/v6-m/nofp/libg.a(libc_a-reallocr.o) (memmove)
/Applications/ArmGNUToolchain/15.2.rel1/arm-none-eabi/bin/../lib/gcc/arm-none-eabi/15.2.1/../../../../arm-none-eabi/lib/thumb/v6-m/nofp/libg.a(libc_a-lcltime_r.o)
                              CMakeFiles/C1ZZL3_web_midi_experimental.dir/Users/adrianvos/pico-sdk/src/common/pico_util/datetime.c.o (localtime_r)
/Applications/ArmGNUToolchain/15.2.rel1/arm-none-eabi/bin/../lib/gcc/arm-none-eabi/15.2.1/../../../../arm-none-eabi/lib/thumb/v6-m/nofp/libg.a(libc_a-mktime.o)
                              CMakeFiles/C1ZZL3_web_midi_experimental.dir/Users/adrianvos/pico-sdk/src/common/pico_util/datetime.c.o (mktime)
/Applications/ArmGNUToolchain/15.2.rel1/arm-none-eabi/bin/../lib/gcc/arm-none-eabi/15.2.1/../../../../arm-none-eabi/lib/thumb/v6-m/nofp/libg.a(libc_a-month_lengths.o)
                              /Applications/ArmGNUToolchain/15.2.rel1/arm-none-eabi/bin/../lib/gcc/arm-none-eabi/15.2.1/../../../../arm-none-eabi/lib/thumb/v6-m/nofp/libg.a(libc_a-lcltime_r.o) (__month_lengths)
/Applications/ArmGNUToolchain/15.2.rel1/arm-none-eabi/bin/../lib/gcc/arm-none-eabi/15.2.1/../../../../arm-none-eabi/lib/thumb/v6-m/nofp/libg.a(libc_a-tzcalc_limits.o)
                              /Applications/ArmGNUToolchain/15.2.rel1/arm-none-eabi/bin/../lib/gcc/arm-none-eabi/15.2.1/../../../../arm-none-eabi/lib/thumb/v6-m/nofp/libg.a(libc_a-lcltime_r.o) (__tzcalc_limits)
/Applications/ArmGNUToolchain/15.2.rel1/arm-none-eabi/bin/../lib/gcc/arm-none-eabi/15.2.1/../../../../arm-none-eabi/lib/thumb/v6-m/nofp/libg.a(libc_a-tzlock.o)
[...]
Memory Configuration

Name             Origin             Length             Attributes
FLASH            0x10000000         0x00200000         xr
RAM              0x20000000         0x00040000         xrw
SCRATCH_X        0x20040000         0x00001000         xrw
SCRATCH_Y        0x20041000         0x00001000         xrw
*default*        0x00000000         0xffffffff

Linker script and memory map

LOAD /Applications/ArmGNUToolchain/15.2.rel1/arm-none-eabi/bin/../lib/gcc/arm-none-eabi/15.2.1/thumb/v6-m/nofp/crti.o
LOAD /Applications/ArmGNUToolchain/15.2.rel1/arm-none-eabi/bin/../lib/gcc/arm-none-eabi/15.2.1/thumb/v6-m/nofp/crtbegin.o
LOAD /Applications/ArmGNUToolchain/15.2.rel1/arm-none-eabi/bin/../lib/gcc/arm-none-eabi/15.2.1/../../../../arm-none-eabi/lib/thumb/v6-m/nofp/crt0.o

.flash_begin    0x10000000        0x0
                0x10000000                        __flash_binary_start = .

.boot2          0x10000000      0x100
                0x10000000                        __boot2_start__ = .
 *(.boot2)
 .boot2         0x10000000      0x100 pico-sdk/src/rp2040/boot_stage2/CMakeFiles/bs2_default_library.dir/bs2_default_padded_checksummed.S.o
                0x10000100                        __boot2_end__ = .
                0x00000001                        ASSERT (((__boot2_end__ - __boot2_start__) == 0x100), ERROR: Pico second stage bootloader must be 256 bytes in size)

.flashtext      0x10000100      0x190
                0x10000100                        __logical_binary_start = .
 *(.vectors)
 .vectors       0x10000100       0xd4 CMakeFiles/C1ZZL3_web_midi_experimental.dir/Users/adrianvos/pico-sdk/src/rp2_common/pico_crt0/crt0.S.o
                0x10000100                __VECTOR_TABLE
                0x10000100                __vectors
                0x100001c0                isr_irq13
                0x100001c0                isr_irq27
                0x100001c0                isr_irq31
                0x100001c0                isr_irq5
                0x100001c0                isr_irq11
                0x100001c0                isr_irq23
                0x100001c0                isr_irq18
                0x100001c0                isr_irq9
                0x100001c0                __unhandled_user_irq
                0x100001c0                isr_irq25
                0x100001c0                isr_irq4
                0x100001c0                isr_irq16
                0x100001c0                isr_irq29
                0x100001c0                isr_irq26
                0x100001c0                isr_irq3
                0x100001c0                isr_irq12
                0x100001c0                isr_irq30
                0x100001c0                isr_irq28
                0x100001c0                isr_irq19
                0x100001c0                isr_irq0
                0x100001c0                isr_irq6
                0x100001c0                isr_irq22
                0x100001c0                isr_irq17
                0x100001c0                isr_irq14
                0x100001c0                __vectors_end
                0x100001c0                __default_isrs_start
                0x100001c0                isr_irq2
                0x100001c0                isr_irq10
                0x100001c0                isr_irq8
                0x100001c0                isr_irq24
                0x100001c0                isr_irq1
                0x100001c0                isr_irq7
                0x100001c0                isr_irq21
                0x100001c0                isr_irq20
                0x100001c0                isr_irq15
                0x100001c6                unhandled_user_irq_num_in_r0
                0x100001c8                isr_invalid
                0x100001ca                isr_nmi
                0x100001cc                isr_hardfault
                0x100001ce                isr_svcall
                0x100001d0                isr_pendsv
                0x100001d2                isr_systick
                0x100001d4                __default_isrs_end
 *(.binary_info_header)
 .binary_info_header
                0x100001d4       0x14 CMakeFiles/C1ZZL3_web_midi_experimental.dir/Users/adrianvos/pico-sdk/src/rp2_common/pico_crt0/crt0.S.o
                0x100001e8                        __binary_info_header_end = .
 *(.embedded_block)
                0x100001e8                        __embedded_block_end = .
 *(.reset)
 .reset         0x100001e8       0xa8 CMakeFiles/C1ZZL3_web_midi_experimental.dir/Users/adrianvos/pico-sdk/src/rp2_common/pico_crt0/crt0.S.o
                0x100001e8                _entry_point

.rodata         0x10000290        0x0
 *(SORT_BY_ALIGNMENT(SORT_BY_NAME(.flashdata*)))
                0x10000290                        . = ALIGN (0x4)

.ARM.extab
 *(.ARM.extab* .gnu.linkonce.armextab.*)
                0x10000290                        __exidx_start = .

.ARM.exidx
 *(.ARM.exidx* .gnu.linkonce.armexidx.*)
                0x10000290                        __exidx_end = .
                0x10000290                        . = ALIGN (0x4)
                0x10000290                        __binary_info_start = .

.binary_info    0x10000290       0x24
 *(.binary_info.keep.*)
 .binary_info.keep.__bi_ptr84
                0x10000290        0x4 CMakeFiles/C1ZZL3_web_midi_experimental.dir/Users/adrianvos/pico-sdk/src/rp2_common/pico_standard_binary_info/standard_binary_info.c.o
 .binary_info.keep.__bi_ptr78
                0x10000294        0x4 CMakeFiles/C1ZZL3_web_midi_experimental.dir/Users/adrianvos/pico-sdk/src/rp2_common/pico_standard_binary_info/standard_binary_info.c.o
 .binary_info.keep.__bi_ptr54
                0x10000298        0x4 CMakeFiles/C1ZZL3_web_midi_experimental.dir/Users/adrianvos/pico-sdk/src/rp2_common/pico_standard_binary_info/standard_binary_info.c.o
 .binary_info.keep.__bi_ptr48
                0x1000029c        0x4 CMakeFiles/C1ZZL3_web_midi_experimental.dir/Users/adrianvos/pico-sdk/src/rp2_common/pico_standard_binary_info/standard_binary_info.c.o
 .binary_info.keep.__bi_ptr42
                0x100002a0        0x4 CMakeFiles/C1ZZL3_web_midi_experimental.dir/Users/adrianvos/pico-sdk/src/rp2_common/pico_standard_binary_info/standard_binary_info.c.o
 .binary_info.keep.__bi_ptr34
                0x100002a4        0x4 CMakeFiles/C1ZZL3_web_midi_experimental.dir/Users/adrianvos/pico-sdk/src/rp2_common/pico_standard_binary_info/standard_binary_info.c.o
 .binary_info.keep.__bi_ptr26
                0x100002a8        0x4 CMakeFiles/C1ZZL3_web_midi_experimental.dir/Users/adrianvos/pico-sdk/src/rp2_common/pico_standard_binary_info/standard_binary_info.c.o
 .binary_info.keep.__bi_ptr163
                0x100002ac        0x4 CMakeFiles/C1ZZL3_web_midi_experimental.dir/Users/adrianvos/pico-sdk/lib/tinyusb/hw/bsp/rp2040/family.c.o
 .binary_info.keep.__bi_ptr153
                0x100002b0        0x4 CMakeFiles/C1ZZL3_web_midi_experimental.dir/Users/adrianvos/pico-sdk/lib/tinyusb/hw/bsp/rp2040/family.c.o
 *(.binary_info.*)
                0x100002b4                        __binary_info_end = .
                0x100002b4                        . = ALIGN (0x4)

.ram_vector_table
                0x20000000       0xc0
 *(.ram_vector_table)
 .ram_vector_table
                0x20000000       0xc0 CMakeFiles/C1ZZL3_web_midi_experimental.dir/Users/adrianvos/pico-sdk/src/rp2_common/pico_runtime_init/runtime_init.c.o
                0x20000000                ram_vector_table

.uninitialized_data
                0x200000c0        0x0
                0x200000c0                        . = ALIGN (0x4)
 *(.uninitialized_data*)

.text           0x200000c0     0xbc80 load address 0x100002b4
                0x200000c0                        __ram_text_start__ = .
 *(.init)
 .init          0x200000c0        0x4 /Applications/ArmGNUToolchain/15.2.rel1/arm-none-eabi/bin/../lib/gcc/arm-none-eabi/15.2.1/thumb/v6-m/nofp/crti.o
                0x200000c0                _init
 *(.text*)
 .text.register_tm_clones
                0x200000c4       0x28 /Applications/ArmGNUToolchain/15.2.rel1/arm-none-eabi/bin/../lib/gcc/arm-none-eabi/15.2.1/thumb/v6-m/nofp/crtbegin.o
 .text.frame_dummy
                0x200000ec       0x24 /Applications/ArmGNUToolchain/15.2.rel1/arm-none-eabi/bin/../lib/gcc/arm-none-eabi/15.2.1/thumb/v6-m/nofp/crtbegin.o
 .text._ZN12ComputerCard11OnCVPWMWrapEv
                0x20000110       0x70 CMakeFiles/C1ZZL3_web_midi_experimental.dir/C1ZZL3.cpp.o
                0x20000110                ComputerCard::OnCVPWMWrap()
 .text._ZN12ComputerCard18ReadByteFromEEPROMEjRb.constprop.0
                0x20000180       0x94 CMakeFiles/C1ZZL3_web_midi_experimental.dir/C1ZZL3.cpp.o
 .text._ZN12ComputerCard13AudioCallbackEv
                0x20000214       0x10 CMakeFiles/C1ZZL3_web_midi_experimental.dir/C1ZZL3.cpp.o
                0x20000214                ComputerCard::AudioCallback()
 .text._ZN12ComputerCard20ProbeHardwareVersionEv
                0x20000224       0xc0 CMakeFiles/C1ZZL3_web_midi_experimental.dir/C1ZZL3.cpp.o
                0x20000224                ComputerCard::ProbeHardwareVersion()
 .text._ZN12ComputerCard13CalcCalCoeffsEi
                0x200002e4      0x484 CMakeFiles/C1ZZL3_web_midi_experimental.dir/C1ZZL3.cpp.o
                0x200002e4                ComputerCard::CalcCalCoeffs(int)
 .text._ZN12ComputerCard10ReadEEPROMEv
                0x20000768      0x370 CMakeFiles/C1ZZL3_web_midi_experimental.dir/C1ZZL3.cpp.o
                0x20000768                ComputerCard::ReadEEPROM()
 .text._ZN12ComputerCardC2Ev
                0x20000ad8      0x440 CMakeFiles/C1ZZL3_web_midi_experimental.dir/C1ZZL3.cpp.o
                0x20000ad8                ComputerCard::ComputerCard()
                0x20000ad8                ComputerCard::ComputerCard()
 .text._ZN6C1ZZL35oscCZERmllll
                0x20000f18      0x6a8 CMakeFiles/C1ZZL3_web_midi_experimental.dir/C1ZZL3.cpp.o
                0x20000f18                C1ZZL3::oscCZ(unsigned long&, long, long, long, long)
 .text._ZN6C1ZZL316outputSynthVoiceElllll
                0x200015c0      0x4a8 CMakeFiles/C1ZZL3_web_midi_experimental.dir/C1ZZL3.cpp.o
                0x200015c0                C1ZZL3::outputSynthVoice(long, long, long, long, long)
 .text._ZN6C1ZZL329savePerformanceStateIfChangedEv
                0x20001a68      0x474 CMakeFiles/C1ZZL3_web_midi_experimental.dir/C1ZZL3.cpp.o
                0x20001a68                C1ZZL3::savePerformanceStateIfChanged()
 .text._ZN6C1ZZL313ProcessSampleEv
                0x20001edc     0x1940 CMakeFiles/C1ZZL3_web_midi_experimental.dir/C1ZZL3.cpp.o
                0x20001edc                C1ZZL3::ProcessSample()
 .text._Z13usbMidiWorkerv
                0x2000381c      0x554 CMakeFiles/C1ZZL3_web_midi_experimental.dir/C1ZZL3.cpp.o
                0x2000381c                usbMidiWorker()
 .text.tuh_midi_mount_cb
                0x20003d70       0x20 CMakeFiles/C1ZZL3_web_midi_experimental.dir/C1ZZL3.cpp.o
                0x20003d70                tuh_midi_mount_cb
 .text.tuh_midi_umount_cb
                0x20003d90       0x1c CMakeFiles/C1ZZL3_web_midi_experimental.dir/C1ZZL3.cpp.o
                0x20003d90                tuh_midi_umount_cb
 .text.tuh_midi_rx_cb
                0x20003dac      0x808 CMakeFiles/C1ZZL3_web_midi_experimental.dir/C1ZZL3.cpp.o
                0x20003dac                tuh_midi_rx_cb
 .text.tuh_midi_tx_cb
                0x200045b4        0x4 CMakeFiles/C1ZZL3_web_midi_experimental.dir/C1ZZL3.cpp.o
                0x200045b4                tuh_midi_tx_cb
 .text.startup.main
                0x200045b8       0x24 CMakeFiles/C1ZZL3_web_midi_experimental.dir/C1ZZL3.cpp.o
                0x200045b8                main
 .text.startup._GLOBAL__sub_I__ZN12ComputerCard7cvValueE
                0x200045dc      0x38c CMakeFiles/C1ZZL3_web_midi_experimental.dir/C1ZZL3.cpp.o
 .text.tud_descriptor_device_cb
                0x20004968        0x8 CMakeFiles/C1ZZL3_web_midi_experimental.dir/usb_descriptors.c.o
                0x20004968                tud_descriptor_device_cb
 .text.tud_descriptor_configuration_cb
                0x20004970        0x8 CMakeFiles/C1ZZL3_web_midi_experimental.dir/usb_descriptors.c.o
                0x20004970                tud_descriptor_configuration_cb
 .text.tud_descriptor_string_cb
                0x20004978       0x84 CMakeFiles/C1ZZL3_web_midi_experimental.dir/usb_descriptors.c.o
                0x20004978                tud_descriptor_string_cb
 .text.write_flush.constprop.0
                0x200049fc       0x64 CMakeFiles/C1ZZL3_web_midi_experimental.dir/usb_midi_host.c.o
 .text.midih_init
                0x20004a60       0x9c CMakeFiles/C1ZZL3_web_midi_experimental.dir/usb_midi_host.c.o
                0x20004a60                midih_init
 .text.midih_deinit
                0x20004afc       0x40 CMakeFiles/C1ZZL3_web_midi_experimental.dir/usb_midi_host.c.o
                0x20004afc                midih_deinit
 .text.midih_xfer_cb
                0x20004b3c       0xec CMakeFiles/C1ZZL3_web_midi_experimental.dir/usb_midi_host.c.o
                0x20004b3c                midih_xfer_cb
 .text.midih_close
                0x20004c28       0x60 CMakeFiles/C1ZZL3_web_midi_experimental.dir/usb_midi_host.c.o
                0x20004c28                midih_close
 .text.midih_open
                0x20004c88      0x1c8 CMakeFiles/C1ZZL3_web_midi_experimental.dir/usb_midi_host.c.o
                0x20004c88                midih_open
 .text.midih_set_config
                0x20004e50       0x58 CMakeFiles/C1ZZL3_web_midi_experimental.dir/usb_midi_host.c.o
                0x20004e50                midih_set_config
 .text.tuh_midi_stream_write
                0x20004ea8      0x19c CMakeFiles/C1ZZL3_web_midi_experimental.dir/usb_midi_host.c.o
                0x20004ea8                tuh_midi_stream_write
 .text.tuh_midi_stream_flush
                0x20005044       0x24 CMakeFiles/C1ZZL3_web_midi_experimental.dir/usb_midi_host.c.o
                0x20005044                tuh_midi_stream_flush
 .text.tuh_midi_stream_read
                0x20005068      0x1b0 CMakeFiles/C1ZZL3_web_midi_experimental.dir/usb_midi_host.c.o
                0x20005068                tuh_midi_stream_read
 .text.usbh_app_driver_get_cb
                0x20005218        0xc CMakeFiles/C1ZZL3_web_midi_experimental.dir/usb_midi_host_app_driver.c.o
                0x20005218                usbh_app_driver_get_cb
 .text.gpio_set_function
                0x20005224       0x30 CMakeFiles/C1ZZL3_web_midi_experimental.dir/Users/adrianvos/pico-sdk/src/rp2_common/hardware_gpio/gpio.c.o
                0x20005224                gpio_set_function
 .text.gpio_set_pulls
                0x20005254       0x24 CMakeFiles/C1ZZL3_web_midi_experimental.dir/Users/adrianvos/pico-sdk/src/rp2_common/hardware_gpio/gpio.c.o
                0x20005254                gpio_set_pulls
 .text.gpio_set_input_enabled
                0x20005278       0x24 CMakeFiles/C1ZZL3_web_midi_experimental.dir/Users/adrianvos/pico-sdk/src/rp2_common/hardware_gpio/gpio.c.o
                0x20005278                gpio_set_input_enabled
 .text.gpio_init
                0x2000529c       0x3c CMakeFiles/C1ZZL3_web_midi_experimental.dir/Users/adrianvos/pico-sdk/src/rp2_common/hardware_gpio/gpio.c.o
                0x2000529c                gpio_init
 .text.rp2040_chip_version
                0x200052d8        0xc CMakeFiles/C1ZZL3_web_midi_experimental.dir/Users/adrianvos/pico-sdk/src/rp2040/pico_platform/platform.c.o
                0x200052d8                rp2040_chip_version
 .text.panic    0x200052e4       0x30 CMakeFiles/C1ZZL3_web_midi_experimental.dir/Users/adrianvos/pico-sdk/src/rp2_common/pico_platform_panic/panic.c.o
                0x200052e4                panic
 .text.hw_claim_or_assert
                0x20005314       0x50 CMakeFiles/C1ZZL3_web_midi_experimental.dir/Users/adrianvos/pico-sdk/src/common/hardware_claim/claim.c.o
                0x20005314                hw_claim_or_assert
 .text.hw_claim_unused_from_range
                0x20005364       0x88 CMakeFiles/C1ZZL3_web_midi_experimental.dir/Users/adrianvos/pico-sdk/src/common/hardware_claim/claim.c.o
                0x20005364                hw_claim_unused_from_range
 .text.next_striped_spin_lock_num
                0x200053ec       0x18 CMakeFiles/C1ZZL3_web_midi_experimental.dir/Users/adrianvos/pico-sdk/src/rp2_common/hardware_sync/sync.c.o
                0x200053ec                next_striped_spin_lock_num
 .text.spin_lock_claim_unused
                0x20005404       0x20 CMakeFiles/C1ZZL3_web_midi_experimental.dir/Users/adrianvos/pico-sdk/src/rp2_common/hardware_sync/sync.c.o
                0x20005404                spin_lock_claim_unused
 .text.spin_locks_reset
                0x20005424       0x1c CMakeFiles/C1ZZL3_web_midi_experimental.dir/Users/adrianvos/pico-sdk/src/rp2_common/hardware_sync_spin_lock/sync_spin_lock.c.o
                0x20005424                spin_locks_reset
 .text.runtime_init_per_core_irq_priorities
                0x20005440       0x48 CMakeFiles/C1ZZL3_web_midi_experimental.dir/Users/adrianvos/pico-sdk/src/rp2_common/hardware_irq/irq.c.o
                0x20005440                runtime_init_per_core_irq_priorities
 .text.irq_set_enabled
                0x20005488       0x24 CMakeFiles/C1ZZL3_web_midi_experimental.dir/Users/adrianvos/pico-sdk/src/rp2_common/hardware_irq/irq.c.o
                0x20005488                irq_set_enabled
 .text.irq_is_enabled
                0x200054ac       0x18 CMakeFiles/C1ZZL3_web_midi_experimental.dir/Users/adrianvos/pico-sdk/src/rp2_common/hardware_irq/irq.c.o
                0x200054ac                irq_is_enabled
 .text.irq_set_exclusive_handler
                0x200054c4       0x54 CMakeFiles/C1ZZL3_web_midi_experimental.dir/Users/adrianvos/pico-sdk/src/rp2_common/hardware_irq/irq.c.o
                0x200054c4                irq_set_exclusive_handler
 .text.irq_add_shared_handler
                0x20005518      0x1cc CMakeFiles/C1ZZL3_web_midi_experimental.dir/Users/adrianvos/pico-sdk/src/rp2_common/hardware_irq/irq.c.o
                0x20005518                irq_add_shared_handler
 .text.irq_remove_handler
                0x200056e4      0x1c8 CMakeFiles/C1ZZL3_web_midi_experimental.dir/Users/adrianvos/pico-sdk/src/rp2_common/hardware_irq/irq.c.o
                0x200056e4                irq_remove_handler
 .text.irq_set_priority
                0x200058ac       0x28 CMakeFiles/C1ZZL3_web_midi_experimental.dir/Users/adrianvos/pico-sdk/src/rp2_common/hardware_irq/irq.c.o
                0x200058ac                irq_set_priority
 .text.irq_add_tail_to_free_list
                0x200058d4       0xb4 CMakeFiles/C1ZZL3_web_midi_experimental.dir/Users/adrianvos/pico-sdk/src/rp2_common/hardware_irq/irq.c.o
                0x200058d4                irq_add_tail_to_free_list
 .text.lock_init
                0x20005988       0x10 CMakeFiles/C1ZZL3_web_midi_experimental.dir/Users/adrianvos/pico-sdk/src/common/pico_sync/lock_core.c.o
                0x20005988                lock_init
 .text.runtime_init_mutex
                0x20005998       0x50 CMakeFiles/C1ZZL3_web_midi_experimental.dir/Users/adrianvos/pico-sdk/src/common/pico_sync/mutex.c.o
                0x20005998                runtime_init_mutex
 .text.mutex_init
                0x200059e8       0x1c CMakeFiles/C1ZZL3_web_midi_experimental.dir/Users/adrianvos/pico-sdk/src/common/pico_sync/mutex.c.o
                0x200059e8                mutex_init
 .text.critical_section_init
                0x20005a04       0x1c CMakeFiles/C1ZZL3_web_midi_experimental.dir/Users/adrianvos/pico-sdk/src/common/pico_sync/critical_section.c.o
                0x20005a04                critical_section_init
 .text.sleep_until_callback
                0x20005a20       0x30 CMakeFiles/C1ZZL3_web_midi_experimental.dir/Users/adrianvos/pico-sdk/src/common/pico_time/time.c.o
 .text.alarm_pool_irq_handler
                0x20005a50      0x2f4 CMakeFiles/C1ZZL3_web_midi_experimental.dir/Users/adrianvos/pico-sdk/src/common/pico_time/time.c.o
 .text.runtime_init_default_alarm_pool
                0x20005d44       0xd8 CMakeFiles/C1ZZL3_web_midi_experimental.dir/Users/adrianvos/pico-sdk/src/common/pico_time/time.c.o
                0x20005d44                runtime_init_default_alarm_pool
 .text.alarm_pool_add_alarm_at_force_in_context
                0x20005e1c       0xbc CMakeFiles/C1ZZL3_web_midi_experimental.dir/Users/adrianvos/pico-sdk/src/common/pico_time/time.c.o
                0x20005e1c                alarm_pool_add_alarm_at_force_in_context
 .text.alarm_pool_cancel_alarm
                0x20005ed8       0x74 CMakeFiles/C1ZZL3_web_midi_experimental.dir/Users/adrianvos/pico-sdk/src/common/pico_time/time.c.o
                0x20005ed8                alarm_pool_cancel_alarm
 .text.sleep_us
                0x20005f4c       0xec CMakeFiles/C1ZZL3_web_midi_experimental.dir/Users/adrianvos/pico-sdk/src/common/pico_time/time.c.o
                0x20005f4c                sleep_us
 .text.sleep_ms
                0x20006038       0xfc CMakeFiles/C1ZZL3_web_midi_experimental.dir/Users/adrianvos/pico-sdk/src/common/pico_time/time.c.o
                0x20006038                sleep_ms
 .text.best_effort_wfe_or_timeout
                0x20006134      0x100 CMakeFiles/C1ZZL3_web_midi_experimental.dir/Users/adrianvos/pico-sdk/src/common/pico_time/time.c.o
                0x20006134                best_effort_wfe_or_timeout
 .text.check_single_timeout_us
                0x20006234       0x28 CMakeFiles/C1ZZL3_web_midi_experimental.dir/Users/adrianvos/pico-sdk/src/common/pico_time/timeout_helper.c.o
 .text.init_single_timeout_until
                0x2000625c        0xc CMakeFiles/C1ZZL3_web_midi_experimental.dir/Users/adrianvos/pico-sdk/src/common/pico_time/timeout_helper.c.o
                0x2000625c                init_single_timeout_until
 .text.timer_hardware_alarm_claim
                0x20006268       0x14 CMakeFiles/C1ZZL3_web_midi_experimental.dir/Users/adrianvos/pico-sdk/src/rp2_common/hardware_timer/timer.c.o
                0x20006268                timer_hardware_alarm_claim
 .text.timer_time_us_64
                0x2000627c       0x10 CMakeFiles/C1ZZL3_web_midi_experimental.dir/Users/adrianvos/pico-sdk/src/rp2_common/hardware_timer/timer.c.o
                0x2000627c                timer_time_us_64
 .text.time_us_64
                0x2000628c       0x14 CMakeFiles/C1ZZL3_web_midi_experimental.dir/Users/adrianvos/pico-sdk/src/rp2_common/hardware_timer/timer.c.o
                0x2000628c                time_us_64
 .text.busy_wait_until
                0x200062a0       0x20 CMakeFiles/C1ZZL3_web_midi_experimental.dir/Users/adrianvos/pico-sdk/src/rp2_common/hardware_timer/timer.c.o
                0x200062a0                busy_wait_until
 .text.clock_configure_int_divider
                0x200062c0       0xec CMakeFiles/C1ZZL3_web_midi_experimental.dir/Users/adrianvos/pico-sdk/src/rp2_common/hardware_clocks/clocks.c.o
                0x200062c0                clock_configure_int_divider
 .text.clock_configure_undivided
                0x200063ac       0xe0 CMakeFiles/C1ZZL3_web_midi_experimental.dir/Users/adrianvos/pico-sdk/src/rp2_common/hardware_clocks/clocks.c.o
                0x200063ac                clock_configure_undivided
 .text.clock_get_hz
                0x2000648c        0xc CMakeFiles/C1ZZL3_web_midi_experimental.dir/Users/adrianvos/pico-sdk/src/rp2_common/hardware_clocks/clocks.c.o
                0x2000648c                clock_get_hz
 .text.pll_init
                0x20006498       0xb0 CMakeFiles/C1ZZL3_web_midi_experimental.dir/Users/adrianvos/pico-sdk/src/rp2_common/hardware_pll/pll.c.o
                0x20006498                pll_init
 .text.tick_start
                0x20006548       0x10 CMakeFiles/C1ZZL3_web_midi_experimental.dir/Users/adrianvos/pico-sdk/src/rp2_common/hardware_ticks/ticks.c.o
                0x20006548                tick_start
 .text.rom_func_lookup
                0x20006558       0x10 CMakeFiles/C1ZZL3_web_midi_experimental.dir/Users/adrianvos/pico-sdk/src/rp2_common/pico_bootrom/bootrom.c.o
                0x20006558                rom_func_lookup
 .text.rom_data_lookup
                0x20006568       0x10 CMakeFiles/C1ZZL3_web_midi_experimental.dir/Users/adrianvos/pico-sdk/src/rp2_common/pico_bootrom/bootrom.c.o
                0x20006568                rom_data_lookup
 .text.rom_funcs_lookup
                0x20006578       0x44 CMakeFiles/C1ZZL3_web_midi_experimental.dir/Users/adrianvos/pico-sdk/src/rp2_common/pico_bootrom/bootrom.c.o
                0x20006578                rom_funcs_lookup
 .text.xosc_init
                0x200065bc       0x28 CMakeFiles/C1ZZL3_web_midi_experimental.dir/Users/adrianvos/pico-sdk/src/rp2_common/hardware_xosc/xosc.c.o
                0x200065bc                xosc_init
 .text.first_per_core_initializer
                0x200065e4        0x4 CMakeFiles/C1ZZL3_web_midi_experimental.dir/Users/adrianvos/pico-sdk/src/rp2_common/pico_runtime/runtime.c.o
 .text.hard_assertion_failure
                0x200065e8        0xc CMakeFiles/C1ZZL3_web_midi_experimental.dir/Users/adrianvos/pico-sdk/src/rp2_common/pico_runtime/runtime.c.o
                0x200065e8                hard_assertion_failure
 .text.runtime_run_initializers
                0x200065f4       0x28 CMakeFiles/C1ZZL3_web_midi_experimental.dir/Users/adrianvos/pico-sdk/src/rp2_common/pico_runtime/runtime.c.o
                0x200065f4                runtime_run_initializers
 .text.runtime_run_per_core_initializers
                0x2000661c       0x28 CMakeFiles/C1ZZL3_web_midi_experimental.dir/Users/adrianvos/pico-sdk/src/rp2_common/pico_runtime/runtime.c.o
                0x2000661c                runtime_run_per_core_initializers
 .text.runtime_init_early_resets
                0x20006644       0x2c CMakeFiles/C1ZZL3_web_midi_experimental.dir/Users/adrianvos/pico-sdk/src/rp2_common/pico_runtime_init/runtime_init.c.o
                0x20006644                runtime_init_early_resets
 .text.runtime_init_usb_power_down
                0x20006670       0x1c CMakeFiles/C1ZZL3_web_midi_experimental.dir/Users/adrianvos/pico-sdk/src/rp2_common/pico_runtime_init/runtime_init.c.o
                0x20006670                runtime_init_usb_power_down
 .text.runtime_init_post_clock_resets
                0x2000668c       0x20 CMakeFiles/C1ZZL3_web_midi_experimental.dir/Users/adrianvos/pico-sdk/src/rp2_common/pico_runtime_init/runtime_init.c.o
                0x2000668c                runtime_init_post_clock_resets
 .text.runtime_init_rp2040_gpio_ie_disable
                0x200066ac       0x14 CMakeFiles/C1ZZL3_web_midi_experimental.dir/Users/adrianvos/pico-sdk/src/rp2_common/pico_runtime_init/runtime_init.c.o
                0x200066ac                runtime_init_rp2040_gpio_ie_disable
 .text.runtime_init_spin_locks_reset
                0x200066c0        0x8 CMakeFiles/C1ZZL3_web_midi_experimental.dir/Users/adrianvos/pico-sdk/src/rp2_common/pico_runtime_init/runtime_init.c.o
                0x200066c0                runtime_init_spin_locks_reset
 .text.runtime_init_install_ram_vector_table
                0x200066c8       0xb8 CMakeFiles/C1ZZL3_web_midi_experimental.dir/Users/adrianvos/pico-sdk/src/rp2_common/pico_runtime_init/runtime_init.c.o
                0x200066c8                runtime_init_install_ram_vector_table
 .text.runtime_init_clocks
                0x20006780       0xd8 CMakeFiles/C1ZZL3_web_midi_experimental.dir/Users/adrianvos/pico-sdk/src/rp2_common/pico_runtime_init/runtime_init_clocks.c.o
                0x20006780                runtime_init_clocks
 .text          0x20006858       0x10 CMakeFiles/C1ZZL3_web_midi_experimental.dir/Users/adrianvos/pico-sdk/src/rp2_common/pico_bit_ops/bit_ops_aeabi.S.o
 .text.__wrap___aeabi_idiv
                0x20006868       0x50 CMakeFiles/C1ZZL3_web_midi_experimental.dir/Users/adrianvos/pico-sdk/src/rp2_common/pico_divider/divider_hardware.S.o
                0x20006868                __wrap___aeabi_idivmod
                0x20006868                divmod_s32s32
                0x20006868                div_s32s32
                0x20006868                __wrap___aeabi_idiv
                0x20006870                divmod_s32s32_unsafe
                0x2000689c                divmod_s32s32_savestate
 .text.__wrap___aeabi_uidiv
                0x200068b8       0x4c CMakeFiles/C1ZZL3_web_midi_experimental.dir/Users/adrianvos/pico-sdk/src/rp2_common/pico_divider/divider_hardware.S.o
                0x200068b8                __wrap___aeabi_uidiv
                0x200068b8                __wrap___aeabi_uidivmod
                0x200068b8                div_u32u32
                0x200068b8                divmod_u32u32
                0x200068c0                divmod_u32u32_unsafe
                0x200068e8                divmod_u32u32_savestate
 .text.__aeabi_double_init
                0x20006904       0xa4 CMakeFiles/C1ZZL3_web_midi_experimental.dir/Users/adrianvos/pico-sdk/src/rp2_common/pico_double/double_init_rom_rp2040.c.o
                0x20006904                __aeabi_double_init
 .text.double_table_shim_on_use_helper
                0x200069a8       0x2c CMakeFiles/C1ZZL3_web_midi_experimental.dir/Users/adrianvos/pico-sdk/src/rp2_common/pico_double/double_v1_rom_shim_rp2040.S.o
                0x200069a8                double_table_shim_on_use_helper
 .text.__aeabi_lmul
                0x200069d4       0x32 CMakeFiles/C1ZZL3_web_midi_experimental.dir/Users/adrianvos/pico-sdk/src/rp2_common/pico_int64_ops/pico_int64_ops_aeabi.S.o
                0x200069d4                __wrap___aeabi_lmul
 *fill*         0x20006a06        0x2 
 .text.__wrap___aeabi_farithmetic
                0x20006a08       0x48 CMakeFiles/C1ZZL3_web_midi_experimental.dir/Users/adrianvos/pico-sdk/src/rp2_common/pico_float/float_aeabi_rp2040.S.o
                0x20006a08                __wrap___aeabi_frsub
                0x20006a0e                __wrap___aeabi_fsub
                0x20006a14                __wrap___aeabi_fadd
                0x20006a1a                __wrap___aeabi_fdiv
                0x20006a42                __wrap___aeabi_fmul
 .text.__wrap___aeabi_cfcmple
                0x20006a50       0x50 CMakeFiles/C1ZZL3_web_midi_experimental.dir/Users/adrianvos/pico-sdk/src/rp2_common/pico_float/float_aeabi_rp2040.S.o
                0x20006a50                __wrap___aeabi_cfrcmple
                0x20006a5c                __wrap___aeabi_cfcmpeq
                0x20006a5c                __wrap___aeabi_cfcmple
 .text.__wrap___aeabi_fcmpeq
                0x20006aa0       0x10 CMakeFiles/C1ZZL3_web_midi_experimental.dir/Users/adrianvos/pico-sdk/src/rp2_common/pico_float/float_aeabi_rp2040.S.o
                0x20006aa0                __wrap___aeabi_fcmpeq
 .text.__wrap___aeabi_i2f
                0x20006ab0       0x44 CMakeFiles/C1ZZL3_web_midi_experimental.dir/Users/adrianvos/pico-sdk/src/rp2_common/pico_float/float_aeabi_rp2040.S.o
                0x20006ab0                int2float
                0x20006ab0                __wrap___aeabi_i2f
 .text.__wrap___aeabi_f2iz
                0x20006af4       0x4e CMakeFiles/C1ZZL3_web_midi_experimental.dir/Users/adrianvos/pico-sdk/src/rp2_common/pico_float/float_aeabi_rp2040.S.o
                0x20006af4                __wrap___aeabi_f2iz
                0x20006af4                float2int_z
 *fill*         0x20006b42        0x2 
 .text.float2int
                0x20006b44       0x14 CMakeFiles/C1ZZL3_web_midi_experimental.dir/Users/adrianvos/pico-sdk/src/rp2_common/pico_float/float_aeabi_rp2040.S.o
                0x20006b44                float2int
 .text.__wrap___aeabi_f2uiz
                0x20006b58        0xc CMakeFiles/C1ZZL3_web_midi_experimental.dir/Users/adrianvos/pico-sdk/src/rp2_common/pico_float/float_aeabi_rp2040.S.o
                0x20006b58                float2uint
                0x20006b58                float2uint_z
                0x20006b58                __wrap___aeabi_f2uiz
 .text.__aeabi_float_init
                0x20006b64       0x68 CMakeFiles/C1ZZL3_web_midi_experimental.dir/Users/adrianvos/pico-sdk/src/rp2_common/pico_float/float_init_rom_rp2040.c.o
                0x20006b64                __aeabi_float_init
 .text.float_table_shim_on_use_helper
                0x20006bcc       0x2c CMakeFiles/C1ZZL3_web_midi_experimental.dir/Users/adrianvos/pico-sdk/src/rp2_common/pico_float/float_v1_rom_shim_rp2040.S.o
                0x20006bcc                float_table_shim_on_use_helper
 .text.float232_shims
                0x20006bf8       0x18 CMakeFiles/C1ZZL3_web_midi_experimental.dir/Users/adrianvos/pico-sdk/src/rp2_common/pico_float/float_v1_rom_shim_rp2040.S.o
                0x20006bf8                float2int_shim
                0x20006bfa                float2fix_shim
 .text.__wrap_malloc
                0x20006c10       0x3c CMakeFiles/C1ZZL3_web_midi_experimental.dir/Users/adrianvos/pico-sdk/src/rp2_common/pico_malloc/malloc.c.o
                0x20006c10                __wrap_malloc
 .text.__wrap_calloc
                0x20006c4c       0x44 CMakeFiles/C1ZZL3_web_midi_experimental.dir/Users/adrianvos/pico-sdk/src/rp2_common/pico_malloc/malloc.c.o
                0x20006c4c                __wrap_calloc
 .text.__wrap_free
                0x20006c90       0x20 CMakeFiles/C1ZZL3_web_midi_experimental.dir/Users/adrianvos/pico-sdk/src/rp2_common/pico_malloc/malloc.c.o
                0x20006c90                __wrap_free
 .text          0x20006cb0       0x10 CMakeFiles/C1ZZL3_web_midi_experimental.dir/Users/adrianvos/pico-sdk/src/rp2_common/pico_mem_ops/mem_ops_aeabi.S.o
                0x20006cb0                __aeabi_mem_init
 .text.memset   0x20006cc0        0xc CMakeFiles/C1ZZL3_web_midi_experimental.dir/Users/adrianvos/pico-sdk/src/rp2_common/pico_mem_ops/mem_ops_aeabi.S.o
                0x20006cc0                __wrap_memset
 .text.memcpy   0x20006ccc        0xc CMakeFiles/C1ZZL3_web_midi_experimental.dir/Users/adrianvos/pico-sdk/src/rp2_common/pico_mem_ops/mem_ops_aeabi.S.o
                0x20006ccc                __wrap___aeabi_memcpy
                0x20006ccc                __wrap_memcpy
 .text._out_char
                0x20006cd8       0x10 CMakeFiles/C1ZZL3_web_midi_experimental.dir/Users/adrianvos/pico-sdk/src/rp2_common/pico_printf/printf.c.o
 .text.weak_raw_vprintf
                0x20006ce8       0x30 CMakeFiles/C1ZZL3_web_midi_experimental.dir/Users/adrianvos/pico-sdk/src/rp2_common/pico_printf/printf.c.o
                0x20006ce8                weak_raw_vprintf
 .text._exit    0x20006d18        0x4 CMakeFiles/C1ZZL3_web_midi_experimental.dir/Users/adrianvos/pico-sdk/src/rp2_common/pico_clib_interface/newlib_interface.c.o
                0x20006d18                _exit
 .text._sbrk    0x20006d1c       0x34 CMakeFiles/C1ZZL3_web_midi_experimental.dir/Users/adrianvos/pico-sdk/src/rp2_common/pico_clib_interface/newlib_interface.c.o
                0x20006d1c                _sbrk
 .text.exit     0x20006d50        0x8 CMakeFiles/C1ZZL3_web_midi_experimental.dir/Users/adrianvos/pico-sdk/src/rp2_common/pico_clib_interface/newlib_interface.c.o
                0x20006d50                exit
 .text.runtime_init
                0x20006d58       0x2c CMakeFiles/C1ZZL3_web_midi_experimental.dir/Users/adrianvos/pico-sdk/src/rp2_common/pico_clib_interface/newlib_interface.c.o
                0x20006d58                runtime_init
 .text.stdio_out_chars_no_crlf
                0x20006d84       0x10 CMakeFiles/C1ZZL3_web_midi_experimental.dir/Users/adrianvos/pico-sdk/src/rp2_common/pico_stdio/stdio.c.o
 .text.stdio_out_chars_crlf
                0x20006d94       0x90 CMakeFiles/C1ZZL3_web_midi_experimental.dir/Users/adrianvos/pico-sdk/src/rp2_common/pico_stdio/stdio.c.o
 .text.stdio_put_string
                0x20006e24       0xf4 CMakeFiles/C1ZZL3_web_midi_experimental.dir/Users/adrianvos/pico-sdk/src/rp2_common/pico_stdio/stdio.c.o
                0x20006e24                stdio_put_string
 .text.__wrap_putchar
                0x20006f18       0x94 CMakeFiles/C1ZZL3_web_midi_experimental.dir/Users/adrianvos/pico-sdk/src/rp2_common/pico_stdio/stdio.c.o
                0x20006f18                stdio_putchar
                0x20006f18                __wrap_putchar
 .text.__wrap_puts
                0x20006fac       0x3c CMakeFiles/C1ZZL3_web_midi_experimental.dir/Users/adrianvos/pico-sdk/src/rp2_common/pico_stdio/stdio.c.o
                0x20006fac                __wrap_puts
                0x20006fac                stdio_puts
 .text.startup._retrieve_unique_id_on_boot
                0x20006fe8       0x10 CMakeFiles/C1ZZL3_web_midi_experimental.dir/Users/adrianvos/pico-sdk/src/rp2_common/pico_unique_id/unique_id.c.o
 .text.flash_get_unique_id
                0x20006ff8       0x3c CMakeFiles/C1ZZL3_web_midi_experimental.dir/Users/adrianvos/pico-sdk/src/rp2_common/hardware_flash/flash.c.o
                0x20006ff8                flash_get_unique_id
 .text.core1_trampoline
                0x20007034        0x4 CMakeFiles/C1ZZL3_web_midi_experimental.dir/Users/adrianvos/pico-sdk/src/rp2_common/pico_multicore/multicore.c.o
 .text.core1_wrapper
                0x20007038        0xc CMakeFiles/C1ZZL3_web_midi_experimental.dir/Users/adrianvos/pico-sdk/src/rp2_common/pico_multicore/multicore.c.o
                0x20007038                core1_wrapper
 .text.multicore_launch_core1_raw
                0x20007044       0x88 CMakeFiles/C1ZZL3_web_midi_experimental.dir/Users/adrianvos/pico-sdk/src/rp2_common/pico_multicore/multicore.c.o
                0x20007044                multicore_launch_core1_raw
 .text.multicore_launch_core1
                0x200070cc       0x5c CMakeFiles/C1ZZL3_web_midi_experimental.dir/Users/adrianvos/pico-sdk/src/rp2_common/pico_multicore/multicore.c.o
                0x200070cc                multicore_launch_core1
 .text.dcd_init
                0x20007128       0x90 CMakeFiles/C1ZZL3_web_midi_experimental.dir/Users/adrianvos/pico-sdk/lib/tinyusb/src/portable/raspberrypi/rp2040/dcd_rp2040.c.o
                0x20007128                dcd_init
 .text.dcd_int_enable
                0x200071b8        0xc CMakeFiles/C1ZZL3_web_midi_experimental.dir/Users/adrianvos/pico-sdk/lib/tinyusb/src/portable/raspberrypi/rp2040/dcd_rp2040.c.o
                0x200071b8                dcd_int_enable
 .text.dcd_set_address
                0x200071c4       0x14 CMakeFiles/C1ZZL3_web_midi_experimental.dir/Users/adrianvos/pico-sdk/lib/tinyusb/src/portable/raspberrypi/rp2040/dcd_rp2040.c.o
                0x200071c4                dcd_set_address
 .text.dcd_sof_enable
                0x200071d8       0x1c CMakeFiles/C1ZZL3_web_midi_experimental.dir/Users/adrianvos/pico-sdk/lib/tinyusb/src/portable/raspberrypi/rp2040/dcd_rp2040.c.o
                0x200071d8                dcd_sof_enable
 .text.dcd_edpt0_status_complete
                0x200071f4       0x1c CMakeFiles/C1ZZL3_web_midi_experimental.dir/Users/adrianvos/pico-sdk/lib/tinyusb/src/portable/raspberrypi/rp2040/dcd_rp2040.c.o
                0x200071f4                dcd_edpt0_status_complete
 .text.dcd_edpt_open
                0x20007210      0x114 CMakeFiles/C1ZZL3_web_midi_experimental.dir/Users/adrianvos/pico-sdk/lib/tinyusb/src/portable/raspberrypi/rp2040/dcd_rp2040.c.o
                0x20007210                dcd_edpt_open
 .text.dcd_edpt_close_all
                0x20007324        0x8 CMakeFiles/C1ZZL3_web_midi_experimental.dir/Users/adrianvos/pico-sdk/lib/tinyusb/src/portable/raspberrypi/rp2040/dcd_rp2040.c.o
                0x20007324                dcd_edpt_close_all
 .text.dcd_edpt_xfer
                0x2000732c       0x24 CMakeFiles/C1ZZL3_web_midi_experimental.dir/Users/adrianvos/pico-sdk/lib/tinyusb/src/portable/raspberrypi/rp2040/dcd_rp2040.c.o
                0x2000732c                dcd_edpt_xfer
 .text.dcd_edpt_stall
                0x20007350       0x3c CMakeFiles/C1ZZL3_web_midi_experimental.dir/Users/adrianvos/pico-sdk/lib/tinyusb/src/portable/raspberrypi/rp2040/dcd_rp2040.c.o
                0x20007350                dcd_edpt_stall
 .text.dcd_edpt_clear_stall
                0x2000738c       0x30 CMakeFiles/C1ZZL3_web_midi_experimental.dir/Users/adrianvos/pico-sdk/lib/tinyusb/src/portable/raspberrypi/rp2040/dcd_rp2040.c.o
                0x2000738c                dcd_edpt_clear_stall
 .text.rp2040_usb_init
                0x200073bc       0x40 CMakeFiles/C1ZZL3_web_midi_experimental.dir/Users/adrianvos/pico-sdk/lib/tinyusb/src/portable/raspberrypi/rp2040/rp2040_usb.c.o
                0x200073bc                rp2040_usb_init
 .text.hw_endpoint_xfer_start
                0x200073fc       0x40 CMakeFiles/C1ZZL3_web_midi_experimental.dir/Users/adrianvos/pico-sdk/lib/tinyusb/src/portable/raspberrypi/rp2040/rp2040_usb.c.o
                0x200073fc                hw_endpoint_xfer_start
 .text.tud_vendor_control_xfer_cb
                0x2000743c        0x4 CMakeFiles/C1ZZL3_web_midi_experimental.dir/Users/adrianvos/pico-sdk/lib/tinyusb/src/device/usbd.c.o
                0x2000743c                tud_vendor_control_xfer_cb
 .text.tud_event_hook_cb
                0x20007440        0x4 CMakeFiles/C1ZZL3_web_midi_experimental.dir/Users/adrianvos/pico-sdk/lib/tinyusb/src/device/usbd.c.o
                0x20007440                tud_event_hook_cb
 .text.tud_sof_cb
                0x20007444        0x4 CMakeFiles/C1ZZL3_web_midi_experimental.dir/Users/adrianvos/pico-sdk/lib/tinyusb/src/device/usbd.c.o
                0x20007444                tud_sof_cb
 .text.tud_descriptor_bos_cb
                0x20007448        0x4 CMakeFiles/C1ZZL3_web_midi_experimental.dir/Users/adrianvos/pico-sdk/lib/tinyusb/src/device/usbd.c.o
                0x20007448                tud_descriptor_bos_cb
 .text.tud_descriptor_device_qualifier_cb
                0x2000744c        0x4 CMakeFiles/C1ZZL3_web_midi_experimental.dir/Users/adrianvos/pico-sdk/lib/tinyusb/src/device/usbd.c.o
                0x2000744c                tud_descriptor_device_qualifier_cb
 .text.tud_descriptor_other_speed_configuration_cb
                0x20007450        0x4 CMakeFiles/C1ZZL3_web_midi_experimental.dir/Users/adrianvos/pico-sdk/lib/tinyusb/src/device/usbd.c.o
                0x20007450                tud_descriptor_other_speed_configuration_cb
 .text.tud_mount_cb
                0x20007454        0x4 CMakeFiles/C1ZZL3_web_midi_experimental.dir/Users/adrianvos/pico-sdk/lib/tinyusb/src/device/usbd.c.o
                0x20007454                tud_mount_cb
 .text.tud_umount_cb
                0x20007458        0x4 CMakeFiles/C1ZZL3_web_midi_experimental.dir/Users/adrianvos/pico-sdk/lib/tinyusb/src/device/usbd.c.o
                0x20007458                tud_umount_cb
 .text.tud_suspend_cb
                0x2000745c        0x4 CMakeFiles/C1ZZL3_web_midi_experimental.dir/Users/adrianvos/pico-sdk/lib/tinyusb/src/device/usbd.c.o
                0x2000745c                tud_suspend_cb
 .text.tud_resume_cb
                0x20007460        0x4 CMakeFiles/C1ZZL3_web_midi_experimental.dir/Users/adrianvos/pico-sdk/lib/tinyusb/src/device/usbd.c.o
                0x20007460                tud_resume_cb
 .text.tud_rhport_init
                0x20007464       0xe8 CMakeFiles/C1ZZL3_web_midi_experimental.dir/Users/adrianvos/pico-sdk/lib/tinyusb/src/device/usbd.c.o
                0x20007464                tud_rhport_init
 .text.tud_task_ext
                0x2000754c      0x7d8 CMakeFiles/C1ZZL3_web_midi_experimental.dir/Users/adrianvos/pico-sdk/lib/tinyusb/src/device/usbd.c.o
                0x2000754c                tud_task_ext
 .text.usbd_edpt_open
                0x20007d24       0x34 CMakeFiles/C1ZZL3_web_midi_experimental.dir/Users/adrianvos/pico-sdk/lib/tinyusb/src/device/usbd.c.o
                0x20007d24                usbd_edpt_open
 .text.usbd_edpt_claim
                0x20007d58       0x28 CMakeFiles/C1ZZL3_web_midi_experimental.dir/Users/adrianvos/pico-sdk/lib/tinyusb/src/device/usbd.c.o
                0x20007d58                usbd_edpt_claim
 .text.usbd_edpt_release
                0x20007d80       0x28 CMakeFiles/C1ZZL3_web_midi_experimental.dir/Users/adrianvos/pico-sdk/lib/tinyusb/src/device/usbd.c.o
                0x20007d80                usbd_edpt_release
 .text.usbd_edpt_xfer
                0x20007da8       0x50 CMakeFiles/C1ZZL3_web_midi_experimental.dir/Users/adrianvos/pico-sdk/lib/tinyusb/src/device/usbd.c.o
                0x20007da8                usbd_edpt_xfer
 .text.tud_control_status
                0x20007df8       0x2c CMakeFiles/C1ZZL3_web_midi_experimental.dir/Users/adrianvos/pico-sdk/lib/tinyusb/src/device/usbd_control.c.o
                0x20007df8                tud_control_status
 .text.tud_control_xfer
                0x20007e24       0xa0 CMakeFiles/C1ZZL3_web_midi_experimental.dir/Users/adrianvos/pico-sdk/lib/tinyusb/src/device/usbd_control.c.o
                0x20007e24                tud_control_xfer
 .text.usbd_control_reset
                0x20007ec4       0x14 CMakeFiles/C1ZZL3_web_midi_experimental.dir/Users/adrianvos/pico-sdk/lib/tinyusb/src/device/usbd_control.c.o
                0x20007ec4                usbd_control_reset
 .text.usbd_control_set_complete_callback
                0x20007ed8        0xc CMakeFiles/C1ZZL3_web_midi_experimental.dir/Users/adrianvos/pico-sdk/lib/tinyusb/src/device/usbd_control.c.o
                0x20007ed8                usbd_control_set_complete_callback
 .text.usbd_control_set_request
                0x20007ee4       0x1c CMakeFiles/C1ZZL3_web_midi_experimental.dir/Users/adrianvos/pico-sdk/lib/tinyusb/src/device/usbd_control.c.o
                0x20007ee4                usbd_control_set_request
 .text.usbd_control_xfer_cb
                0x20007f00       0xe8 CMakeFiles/C1ZZL3_web_midi_experimental.dir/Users/adrianvos/pico-sdk/lib/tinyusb/src/device/usbd_control.c.o
                0x20007f00                usbd_control_xfer_cb
 .text.write_flush
                0x20007fe8       0x6c CMakeFiles/C1ZZL3_web_midi_experimental.dir/Users/adrianvos/pico-sdk/lib/tinyusb/src/class/midi/midi_device.c.o
 .text.tud_midi_n_stream_read
                0x20008054      0x150 CMakeFiles/C1ZZL3_web_midi_experimental.dir/Users/adrianvos/pico-sdk/lib/tinyusb/src/class/midi/midi_device.c.o
                0x20008054                tud_midi_n_stream_read
 .text.tud_midi_n_stream_write
                0x200081a4      0x1dc CMakeFiles/C1ZZL3_web_midi_experimental.dir/Users/adrianvos/pico-sdk/lib/tinyusb/src/class/midi/midi_device.c.o
                0x200081a4                tud_midi_n_stream_write
 .text.midid_init
                0x20008380       0x60 CMakeFiles/C1ZZL3_web_midi_experimental.dir/Users/adrianvos/pico-sdk/lib/tinyusb/src/class/midi/midi_device.c.o
                0x20008380                midid_init
 .text.midid_deinit
                0x200083e0       0x30 CMakeFiles/C1ZZL3_web_midi_experimental.dir/Users/adrianvos/pico-sdk/lib/tinyusb/src/class/midi/midi_device.c.o
                0x200083e0                midid_deinit
 .text.midid_reset
                0x20008410       0x24 CMakeFiles/C1ZZL3_web_midi_experimental.dir/Users/adrianvos/pico-sdk/lib/tinyusb/src/class/midi/midi_device.c.o
                0x20008410                midid_reset
 .text.midid_open
                0x20008434      0x124 CMakeFiles/C1ZZL3_web_midi_experimental.dir/Users/adrianvos/pico-sdk/lib/tinyusb/src/class/midi/midi_device.c.o
                0x20008434                midid_open
 .text.midid_control_xfer_cb
                0x20008558        0x4 CMakeFiles/C1ZZL3_web_midi_experimental.dir/Users/adrianvos/pico-sdk/lib/tinyusb/src/class/midi/midi_device.c.o
                0x20008558                midid_control_xfer_cb
 .text.midid_xfer_cb
                0x2000855c       0xfc CMakeFiles/C1ZZL3_web_midi_experimental.dir/Users/adrianvos/pico-sdk/lib/tinyusb/src/class/midi/midi_device.c.o
                0x2000855c                midid_xfer_cb
 .text.tusb_time_delay_ms_api
                0x20008658        0x8 CMakeFiles/C1ZZL3_web_midi_experimental.dir/Users/adrianvos/pico-sdk/lib/tinyusb/src/tusb.c.o
                0x20008658                tusb_time_delay_ms_api
 .text.tu_edpt_claim
                0x20008660       0x50 CMakeFiles/C1ZZL3_web_midi_experimental.dir/Users/adrianvos/pico-sdk/lib/tinyusb/src/tusb.c.o
                0x20008660                tu_edpt_claim
 .text.tu_edpt_release
                0x200086b0       0x38 CMakeFiles/C1ZZL3_web_midi_experimental.dir/Users/adrianvos/pico-sdk/lib/tinyusb/src/tusb.c.o
                0x200086b0                tu_edpt_release
 .text.tu_edpt_validate
                0x200086e8       0x74 CMakeFiles/C1ZZL3_web_midi_experimental.dir/Users/adrianvos/pico-sdk/lib/tinyusb/src/tusb.c.o
                0x200086e8                tu_edpt_validate
 .text.tu_edpt_bind_driver
                0x2000875c       0x34 CMakeFiles/C1ZZL3_web_midi_experimental.dir/Users/adrianvos/pico-sdk/lib/tinyusb/src/tusb.c.o
                0x2000875c                tu_edpt_bind_driver
 .text.tu_desc_get_interface_total_len
                0x20008790       0x50 CMakeFiles/C1ZZL3_web_midi_experimental.dir/Users/adrianvos/pico-sdk/lib/tinyusb/src/tusb.c.o
                0x20008790                tu_desc_get_interface_total_len
 .text.tu_fifo_config
                0x200087e0       0x6c CMakeFiles/C1ZZL3_web_midi_experimental.dir/Users/adrianvos/pico-sdk/lib/tinyusb/src/common/tusb_fifo.c.o
                0x200087e0                tu_fifo_config
 .text.tu_fifo_count
                0x2000884c       0x2c CMakeFiles/C1ZZL3_web_midi_experimental.dir/Users/adrianvos/pico-sdk/lib/tinyusb/src/common/tusb_fifo.c.o
                0x2000884c                tu_fifo_count
 .text.tu_fifo_empty
                0x20008878       0x10 CMakeFiles/C1ZZL3_web_midi_experimental.dir/Users/adrianvos/pico-sdk/lib/tinyusb/src/common/tusb_fifo.c.o
                0x20008878                tu_fifo_empty
 .text.tu_fifo_remaining
                0x20008888       0x2c CMakeFiles/C1ZZL3_web_midi_experimental.dir/Users/adrianvos/pico-sdk/lib/tinyusb/src/common/tusb_fifo.c.o
                0x20008888                tu_fifo_remaining
 .text.tu_fifo_read
                0x200088b4       0x9c CMakeFiles/C1ZZL3_web_midi_experimental.dir/Users/adrianvos/pico-sdk/lib/tinyusb/src/common/tusb_fifo.c.o
                0x200088b4                tu_fifo_read
 .text.tu_fifo_read_n
                0x20008950       0xec CMakeFiles/C1ZZL3_web_midi_experimental.dir/Users/adrianvos/pico-sdk/lib/tinyusb/src/common/tusb_fifo.c.o
                0x20008950                tu_fifo_read_n
 .text.tu_fifo_peek
                0x20008a3c       0x80 CMakeFiles/C1ZZL3_web_midi_experimental.dir/Users/adrianvos/pico-sdk/lib/tinyusb/src/common/tusb_fifo.c.o
                0x20008a3c                tu_fifo_peek
 .text.tu_fifo_write
                0x20008abc       0xa4 CMakeFiles/C1ZZL3_web_midi_experimental.dir/Users/adrianvos/pico-sdk/lib/tinyusb/src/common/tusb_fifo.c.o
                0x20008abc                tu_fifo_write
 .text.tu_fifo_write_n
                0x20008b60      0x168 CMakeFiles/C1ZZL3_web_midi_experimental.dir/Users/adrianvos/pico-sdk/lib/tinyusb/src/common/tusb_fifo.c.o
                0x20008b60                tu_fifo_write_n
 .text.tu_fifo_clear
                0x20008cc8       0x40 CMakeFiles/C1ZZL3_web_midi_experimental.dir/Users/adrianvos/pico-sdk/lib/tinyusb/src/common/tusb_fifo.c.o
                0x20008cc8                tu_fifo_clear
 .text.hcd_init
                0x20008d08       0x54 CMakeFiles/C1ZZL3_web_midi_experimental.dir/Users/adrianvos/pico-sdk/lib/tinyusb/src/portable/raspberrypi/rp2040/hcd_rp2040.c.o
                0x20008d08                hcd_init
 .text.hcd_port_reset
                0x20008d5c        0x4 CMakeFiles/C1ZZL3_web_midi_experimental.dir/Users/adrianvos/pico-sdk/lib/tinyusb/src/portable/raspberrypi/rp2040/hcd_rp2040.c.o
                0x20008d5c                hcd_port_reset
 .text.hcd_port_reset_end
                0x20008d60        0x4 CMakeFiles/C1ZZL3_web_midi_experimental.dir/Users/adrianvos/pico-sdk/lib/tinyusb/src/portable/raspberrypi/rp2040/hcd_rp2040.c.o
                0x20008d60                hcd_port_reset_end
 .text.hcd_port_connect_status
                0x20008d64       0x18 CMakeFiles/C1ZZL3_web_midi_experimental.dir/Users/adrianvos/pico-sdk/lib/tinyusb/src/portable/raspberrypi/rp2040/hcd_rp2040.c.o
                0x20008d64                hcd_port_connect_status
 .text.hcd_port_speed_get
                0x20008d7c       0x24 CMakeFiles/C1ZZL3_web_midi_experimental.dir/Users/adrianvos/pico-sdk/lib/tinyusb/src/portable/raspberrypi/rp2040/hcd_rp2040.c.o
                0x20008d7c                hcd_port_speed_get
 .text.hcd_device_close
                0x20008da0       0x64 CMakeFiles/C1ZZL3_web_midi_experimental.dir/Users/adrianvos/pico-sdk/lib/tinyusb/src/portable/raspberrypi/rp2040/hcd_rp2040.c.o
                0x20008da0                hcd_device_close
 .text.hcd_int_enable
                0x20008e04        0xc CMakeFiles/C1ZZL3_web_midi_experimental.dir/Users/adrianvos/pico-sdk/lib/tinyusb/src/portable/raspberrypi/rp2040/hcd_rp2040.c.o
                0x20008e04                hcd_int_enable
 .text.hcd_edpt_open
                0x20008e10      0x224 CMakeFiles/C1ZZL3_web_midi_experimental.dir/Users/adrianvos/pico-sdk/lib/tinyusb/src/portable/raspberrypi/rp2040/hcd_rp2040.c.o
                0x20008e10                hcd_edpt_open
 .text.hcd_edpt_xfer
                0x20009034      0x364 CMakeFiles/C1ZZL3_web_midi_experimental.dir/Users/adrianvos/pico-sdk/lib/tinyusb/src/portable/raspberrypi/rp2040/hcd_rp2040.c.o
                0x20009034                hcd_edpt_xfer
 .text.hcd_edpt_abort_xfer
                0x20009398        0x4 CMakeFiles/C1ZZL3_web_midi_experimental.dir/Users/adrianvos/pico-sdk/lib/tinyusb/src/portable/raspberrypi/rp2040/hcd_rp2040.c.o
                0x20009398                hcd_edpt_abort_xfer
 .text.hcd_setup_send
                0x2000939c       0xbc CMakeFiles/C1ZZL3_web_midi_experimental.dir/Users/adrianvos/pico-sdk/lib/tinyusb/src/portable/raspberrypi/rp2040/hcd_rp2040.c.o
                0x2000939c                hcd_setup_send
 .text._control_blocking_complete_cb
                0x20009458        0x8 CMakeFiles/C1ZZL3_web_midi_experimental.dir/Users/adrianvos/pico-sdk/lib/tinyusb/src/host/usbh.c.o
 .text.process_removing_device
                0x20009460      0x144 CMakeFiles/C1ZZL3_web_midi_experimental.dir/Users/adrianvos/pico-sdk/lib/tinyusb/src/host/usbh.c.o
 .text.usbh_control_xfer_cb.isra.0
                0x200095a4      0x2ec CMakeFiles/C1ZZL3_web_midi_experimental.dir/Users/adrianvos/pico-sdk/lib/tinyusb/src/host/usbh.c.o
 .text.tuh_event_hook_cb
                0x20009890        0x4 CMakeFiles/C1ZZL3_web_midi_experimental.dir/Users/adrianvos/pico-sdk/lib/tinyusb/src/host/usbh.c.o
                0x20009890                tuh_event_hook_cb
 .text.tuh_speed_get
                0x20009894       0x28 CMakeFiles/C1ZZL3_web_midi_experimental.dir/Users/adrianvos/pico-sdk/lib/tinyusb/src/host/usbh.c.o
                0x20009894                tuh_speed_get
 .text.tuh_rhport_init
                0x200098bc      0x130 CMakeFiles/C1ZZL3_web_midi_experimental.dir/Users/adrianvos/pico-sdk/lib/tinyusb/src/host/usbh.c.o
                0x200098bc                tuh_rhport_init
 .text.tuh_control_xfer
                0x200099ec      0x14c CMakeFiles/C1ZZL3_web_midi_experimental.dir/Users/adrianvos/pico-sdk/lib/tinyusb/src/host/usbh.c.o
                0x200099ec                tuh_control_xfer
 .text.enum_new_device.isra.0
                0x20009b38       0xe4 CMakeFiles/C1ZZL3_web_midi_experimental.dir/Users/adrianvos/pico-sdk/lib/tinyusb/src/host/usbh.c.o
 .text.tuh_task_ext.part.0
                0x20009c1c      0x210 CMakeFiles/C1ZZL3_web_midi_experimental.dir/Users/adrianvos/pico-sdk/lib/tinyusb/src/host/usbh.c.o
 .text.tuh_task_ext
                0x20009e2c       0x18 CMakeFiles/C1ZZL3_web_midi_experimental.dir/Users/adrianvos/pico-sdk/lib/tinyusb/src/host/usbh.c.o
                0x20009e2c                tuh_task_ext
 .text.process_enumeration
                0x20009e44      0x5dc CMakeFiles/C1ZZL3_web_midi_experimental.dir/Users/adrianvos/pico-sdk/lib/tinyusb/src/host/usbh.c.o
 .text.usbh_get_rhport
                0x2000a420       0x20 CMakeFiles/C1ZZL3_web_midi_experimental.dir/Users/adrianvos/pico-sdk/lib/tinyusb/src/host/usbh.c.o
                0x2000a420                usbh_get_rhport
 .text.usbh_edpt_claim
                0x2000a440       0x50 CMakeFiles/C1ZZL3_web_midi_experimental.dir/Users/adrianvos/pico-sdk/lib/tinyusb/src/host/usbh.c.o
                0x2000a440                usbh_edpt_claim
 .text.usbh_edpt_release
                0x2000a490       0x50 CMakeFiles/C1ZZL3_web_midi_experimental.dir/Users/adrianvos/pico-sdk/lib/tinyusb/src/host/usbh.c.o
                0x2000a490                usbh_edpt_release
 .text.usbh_edpt_xfer_with_callback
                0x2000a4e0       0x74 CMakeFiles/C1ZZL3_web_midi_experimental.dir/Users/adrianvos/pico-sdk/lib/tinyusb/src/host/usbh.c.o
                0x2000a4e0                usbh_edpt_xfer_with_callback
 .text.tuh_edpt_open
                0x2000a554       0x50 CMakeFiles/C1ZZL3_web_midi_experimental.dir/Users/adrianvos/pico-sdk/lib/tinyusb/src/host/usbh.c.o
                0x2000a554                tuh_edpt_open
 .text.usbh_edpt_busy
                0x2000a5a4       0x30 CMakeFiles/C1ZZL3_web_midi_experimental.dir/Users/adrianvos/pico-sdk/lib/tinyusb/src/host/usbh.c.o
                0x2000a5a4                usbh_edpt_busy
 .text.usbh_driver_set_config_complete
                0x2000a5d4      0x18c CMakeFiles/C1ZZL3_web_midi_experimental.dir/Users/adrianvos/pico-sdk/lib/tinyusb/src/host/usbh.c.o
                0x2000a5d4                usbh_driver_set_config_complete
 .text.connection_port_reset_complete
                0x2000a760       0x3c CMakeFiles/C1ZZL3_web_midi_experimental.dir/Users/adrianvos/pico-sdk/lib/tinyusb/src/host/hub.c.o
 .text.hub_clear_feature_complete_stub
                0x2000a79c       0x30 CMakeFiles/C1ZZL3_web_midi_experimental.dir/Users/adrianvos/pico-sdk/lib/tinyusb/src/host/hub.c.o
 .text.config_set_port_power
                0x2000a7cc       0x54 CMakeFiles/C1ZZL3_web_midi_experimental.dir/Users/adrianvos/pico-sdk/lib/tinyusb/src/host/hub.c.o
 .text.config_port_power_complete
                0x2000a820       0x94 CMakeFiles/C1ZZL3_web_midi_experimental.dir/Users/adrianvos/pico-sdk/lib/tinyusb/src/host/hub.c.o
 .text.connection_clear_conn_change_complete
                0x2000a8b4       0x94 CMakeFiles/C1ZZL3_web_midi_experimental.dir/Users/adrianvos/pico-sdk/lib/tinyusb/src/host/hub.c.o
 .text.hub_get_status_complete
                0x2000a948       0x70 CMakeFiles/C1ZZL3_web_midi_experimental.dir/Users/adrianvos/pico-sdk/lib/tinyusb/src/host/hub.c.o
 .text.hub_port_get_status_complete
                0x2000a9b8      0x168 CMakeFiles/C1ZZL3_web_midi_experimental.dir/Users/adrianvos/pico-sdk/lib/tinyusb/src/host/hub.c.o
 .text.hub_port_clear_feature
                0x2000ab20       0x48 CMakeFiles/C1ZZL3_web_midi_experimental.dir/Users/adrianvos/pico-sdk/lib/tinyusb/src/host/hub.c.o
                0x2000ab20                hub_port_clear_feature
 .text.hub_port_get_status
                0x2000ab68       0x50 CMakeFiles/C1ZZL3_web_midi_experimental.dir/Users/adrianvos/pico-sdk/lib/tinyusb/src/host/hub.c.o
                0x2000ab68                hub_port_get_status
 .text.hub_init
                0x2000abb8       0x14 CMakeFiles/C1ZZL3_web_midi_experimental.dir/Users/adrianvos/pico-sdk/lib/tinyusb/src/host/hub.c.o
                0x2000abb8                hub_init
 .text.hub_deinit
                0x2000abcc        0x4 CMakeFiles/C1ZZL3_web_midi_experimental.dir/Users/adrianvos/pico-sdk/lib/tinyusb/src/host/hub.c.o
                0x2000abcc                hub_deinit
 .text.hub_open
                0x2000abd0       0x58 CMakeFiles/C1ZZL3_web_midi_experimental.dir/Users/adrianvos/pico-sdk/lib/tinyusb/src/host/hub.c.o
                0x2000abd0                hub_open
 .text.hub_close
                0x2000ac28       0x24 CMakeFiles/C1ZZL3_web_midi_experimental.dir/Users/adrianvos/pico-sdk/lib/tinyusb/src/host/hub.c.o
                0x2000ac28                hub_close
 .text.hub_edpt_status_xfer
                0x2000ac4c       0x28 CMakeFiles/C1ZZL3_web_midi_experimental.dir/Users/adrianvos/pico-sdk/lib/tinyusb/src/host/hub.c.o
                0x2000ac4c                hub_edpt_status_xfer
 .text.hub_set_config
                0x2000ac74       0x54 CMakeFiles/C1ZZL3_web_midi_experimental.dir/Users/adrianvos/pico-sdk/lib/tinyusb/src/host/hub.c.o
                0x2000ac74                hub_set_config
 .text.hub_xfer_cb
                0x2000acc8      0x114 CMakeFiles/C1ZZL3_web_midi_experimental.dir/Users/adrianvos/pico-sdk/lib/tinyusb/src/host/hub.c.o
                0x2000acc8                hub_xfer_cb
 .text.adc_init
                0x2000addc       0x38 CMakeFiles/C1ZZL3_web_midi_experimental.dir/Users/adrianvos/pico-sdk/src/rp2_common/hardware_adc/adc.c.o
                0x2000addc                adc_init
 .text.dma_claim_unused_channel
                0x2000ae14       0x20 CMakeFiles/C1ZZL3_web_midi_experimental.dir/Users/adrianvos/pico-sdk/src/rp2_common/hardware_dma/dma.c.o
                0x2000ae14                dma_claim_unused_channel
 .text.dma_channel_cleanup
                0x2000ae34       0x60 CMakeFiles/C1ZZL3_web_midi_experimental.dir/Users/adrianvos/pico-sdk/src/rp2_common/hardware_dma/dma.c.o
                0x2000ae34                dma_channel_cleanup
 .text.spi_init
                0x2000ae94      0x110 CMakeFiles/C1ZZL3_web_midi_experimental.dir/Users/adrianvos/pico-sdk/src/rp2_common/hardware_spi/spi.c.o
                0x2000ae94                spi_init
 .text.i2c_write_blocking_internal
                0x2000afa4      0x160 CMakeFiles/C1ZZL3_web_midi_experimental.dir/Users/adrianvos/pico-sdk/src/rp2_common/hardware_i2c/i2c.c.o
 .text.i2c_read_blocking_internal
                0x2000b104      0x100 CMakeFiles/C1ZZL3_web_midi_experimental.dir/Users/adrianvos/pico-sdk/src/rp2_common/hardware_i2c/i2c.c.o
 .text.i2c_set_baudrate
                0x2000b204       0xb4 CMakeFiles/C1ZZL3_web_midi_experimental.dir/Users/adrianvos/pico-sdk/src/rp2_common/hardware_i2c/i2c.c.o
                0x2000b204                i2c_set_baudrate
 .text.i2c_init
                0x2000b2b8       0x50 CMakeFiles/C1ZZL3_web_midi_experimental.dir/Users/adrianvos/pico-sdk/src/rp2_common/hardware_i2c/i2c.c.o
                0x2000b2b8                i2c_init
 .text.i2c_write_blocking_until
                0x2000b308       0x40 CMakeFiles/C1ZZL3_web_midi_experimental.dir/Users/adrianvos/pico-sdk/src/rp2_common/hardware_i2c/i2c.c.o
                0x2000b308                i2c_write_blocking_until
 .text.i2c_read_blocking_until
                0x2000b348       0x40 CMakeFiles/C1ZZL3_web_midi_experimental.dir/Users/adrianvos/pico-sdk/src/rp2_common/hardware_i2c/i2c.c.o
                0x2000b348                i2c_read_blocking_until
 .text          0x2000b388        0x4 /Applications/ArmGNUToolchain/15.2.rel1/arm-none-eabi/bin/../lib/gcc/arm-none-eabi/15.2.1/thumb/v6-m/nofp/libgcc.a(_dvmd_tls.o)
                0x2000b388                __aeabi_ldiv0
                0x2000b388                __aeabi_idiv0
 .text.calloc   0x2000b38c       0x14 /Applications/ArmGNUToolchain/15.2.rel1/arm-none-eabi/bin/../lib/gcc/arm-none-eabi/15.2.1/../../../../arm-none-eabi/lib/thumb/v6-m/nofp/libg.a(libc_a-calloc.o)
                0x2000b38c                calloc
 .text._calloc_r
                0x2000b3a0       0xb8 /Applications/ArmGNUToolchain/15.2.rel1/arm-none-eabi/bin/../lib/gcc/arm-none-eabi/15.2.1/../../../../arm-none-eabi/lib/thumb/v6-m/nofp/libg.a(libc_a-callocr.o)
                0x2000b3a0                _calloc_r
 .text.malloc   0x2000b458       0x14 /Applications/ArmGNUToolchain/15.2.rel1/arm-none-eabi/bin/../lib/gcc/arm-none-eabi/15.2.1/../../../../arm-none-eabi/lib/thumb/v6-m/nofp/libg.a(libc_a-malloc.o)
                0x2000b458                malloc
 .text.free     0x2000b46c       0x14 /Applications/ArmGNUToolchain/15.2.rel1/arm-none-eabi/bin/../lib/gcc/arm-none-eabi/15.2.1/../../../../arm-none-eabi/lib/thumb/v6-m/nofp/libg.a(libc_a-malloc.o)
                0x2000b46c                free
 .text._malloc_r
                0x2000b480      0x564 /Applications/ArmGNUToolchain/15.2.rel1/arm-none-eabi/bin/../lib/gcc/arm-none-eabi/15.2.1/../../../../arm-none-eabi/lib/thumb/v6-m/nofp/libg.a(libc_a-mallocr.o)
                0x2000b480                _malloc_r
 .text.__malloc_lock
                0x2000b9e4       0x10 /Applications/ArmGNUToolchain/15.2.rel1/arm-none-eabi/bin/../lib/gcc/arm-none-eabi/15.2.1/../../../../arm-none-eabi/lib/thumb/v6-m/nofp/libg.a(libc_a-mlock.o)
                0x2000b9e4                __malloc_lock
 .text.__malloc_unlock
                0x2000b9f4       0x10 /Applications/ArmGNUToolchain/15.2.rel1/arm-none-eabi/bin/../lib/gcc/arm-none-eabi/15.2.1/../../../../arm-none-eabi/lib/thumb/v6-m/nofp/libg.a(libc_a-mlock.o)
                0x2000b9f4                __malloc_unlock
 .text._sbrk_r  0x2000ba04       0x24 /Applications/ArmGNUToolchain/15.2.rel1/arm-none-eabi/bin/../lib/gcc/arm-none-eabi/15.2.1/../../../../arm-none-eabi/lib/thumb/v6-m/nofp/libg.a(libc_a-sbrkr.o)
                0x2000ba04                _sbrk_r
 .text.__errno  0x2000ba28        0xc /Applications/ArmGNUToolchain/15.2.rel1/arm-none-eabi/bin/../lib/gcc/arm-none-eabi/15.2.1/../../../../arm-none-eabi/lib/thumb/v6-m/nofp/libg.a(libc_a-errno.o)
                0x2000ba28                __errno
 .text.sysconf  0x2000ba34       0x1c /Applications/ArmGNUToolchain/15.2.rel1/arm-none-eabi/bin/../lib/gcc/arm-none-eabi/15.2.1/../../../../arm-none-eabi/lib/thumb/v6-m/nofp/libg.a(libc_a-sysconf.o)
                0x2000ba34                sysconf
 .text.__retarget_lock_acquire_recursive
                0x2000ba50        0x4 /Applications/ArmGNUToolchain/15.2.rel1/arm-none-eabi/bin/../lib/gcc/arm-none-eabi/15.2.1/../../../../arm-none-eabi/lib/thumb/v6-m/nofp/libg.a(libc_a-lock.o)
                0x2000ba50                __retarget_lock_acquire_recursive
 .text.__retarget_lock_release_recursive
                0x2000ba54        0x4 /Applications/ArmGNUToolchain/15.2.rel1/arm-none-eabi/bin/../lib/gcc/arm-none-eabi/15.2.1/../../../../arm-none-eabi/lib/thumb/v6-m/nofp/libg.a(libc_a-lock.o)
                0x2000ba54                __retarget_lock_release_recursive
 .text.strlen   0x2000ba58       0x60 /Applications/ArmGNUToolchain/15.2.rel1/arm-none-eabi/bin/../lib/gcc/arm-none-eabi/15.2.1/../../../../arm-none-eabi/lib/thumb/v6-m/nofp/libg.a(libc_a-strlen-stub.o)
                0x2000ba58                strlen
 .text._malloc_trim_r
                0x2000bab8       0xb0 /Applications/ArmGNUToolchain/15.2.rel1/arm-none-eabi/bin/../lib/gcc/arm-none-eabi/15.2.1/../../../../arm-none-eabi/lib/thumb/v6-m/nofp/libg.a(libc_a-freer.o)
                0x2000bab8                _malloc_trim_r
 .text._free_r  0x2000bb68      0x1d4 /Applications/ArmGNUToolchain/15.2.rel1/arm-none-eabi/bin/../lib/gcc/arm-none-eabi/15.2.1/../../../../arm-none-eabi/lib/thumb/v6-m/nofp/libg.a(libc_a-freer.o)
                0x2000bb68                _free_r
 *(.fini)
 .fini          0x2000bd3c        0x4 /Applications/ArmGNUToolchain/15.2.rel1/arm-none-eabi/bin/../lib/gcc/arm-none-eabi/15.2.1/thumb/v6-m/nofp/crti.o
                0x2000bd3c                _fini
 *crtbegin.o(.ctors)
 *crtbegin?.o(.ctors)
 *(EXCLUDE_FILE(*crtend.o *crtend?.o) .ctors)
 *(SORT_BY_NAME(.ctors.*))
 *(.ctors)
 *crtbegin.o(.dtors)
 *crtbegin?.o(.dtors)
 *(EXCLUDE_FILE(*crtend.o *crtend?.o) .dtors)
 *(SORT_BY_NAME(.dtors.*))
 *(.dtors)
 *(.eh_frame*)
 .eh_frame      0x2000bd40        0x0 /Applications/ArmGNUToolchain/15.2.rel1/arm-none-eabi/bin/../lib/gcc/arm-none-eabi/15.2.1/thumb/v6-m/nofp/crtbegin.o
                0x2000bd40                        . = ALIGN (0x4)
                0x2000bd40                        __ram_text_end__ = .
                0x100002b4                        __ram_text_source__ = LOADADDR (.text)

.glue_7         0x2000bd40        0x0 load address 0x1000bf34
 .glue_7        0x2000bd40        0x0 linker stubs

.glue_7t        0x2000bd40        0x0 load address 0x1000bf34
 .glue_7t       0x2000bd40        0x0 linker stubs

.vfp11_veneer   0x2000bd40        0x0 load address 0x1000bf34
 .vfp11_veneer  0x2000bd40        0x0 linker stubs

.v4_bx          0x2000bd40        0x0 load address 0x1000bf34
 .v4_bx         0x2000bd40        0x0 linker stubs

.iplt           0x2000bd40        0x0 load address 0x1000bf34
 .iplt          0x2000bd40        0x0 /Applications/ArmGNUToolchain/15.2.rel1/arm-none-eabi/bin/../lib/gcc/arm-none-eabi/15.2.1/thumb/v6-m/nofp/crtbegin.o
                0x2000bd40                        . = ALIGN (0x4)

.data           0x2000bd40     0x32e8 load address 0x1000bf34
                0x2000bd40                        __data_start__ = .
 *(vtable)
 *(.time_critical*)
 .time_critical.ComputerCard::AudioWorker
                0x2000bd40      0x1d8 CMakeFiles/C1ZZL3_web_midi_experimental.dir/C1ZZL3.cpp.o
                0x2000bd40                ComputerCard::AudioWorker()
 .time_critical.ComputerCard::BufferFull
                0x2000bf18      0x60c CMakeFiles/C1ZZL3_web_midi_experimental.dir/C1ZZL3.cpp.o
                0x2000bf18                ComputerCard::BufferFull()
 .time_critical.mutex_enter_blocking
                0x2000c524       0x48 CMakeFiles/C1ZZL3_web_midi_experimental.dir/Users/adrianvos/pico-sdk/src/common/pico_sync/mutex.c.o
                0x2000c524                mutex_enter_blocking
 .time_critical.mutex_try_enter_block_until
                0x2000c56c       0x98 CMakeFiles/C1ZZL3_web_midi_experimental.dir/Users/adrianvos/pico-sdk/src/common/pico_sync/mutex.c.o
                0x2000c56c                mutex_try_enter_block_until
 .time_critical.mutex_enter_timeout_ms
                0x2000c604       0x8c CMakeFiles/C1ZZL3_web_midi_experimental.dir/Users/adrianvos/pico-sdk/src/common/pico_sync/mutex.c.o
                0x2000c604                mutex_enter_timeout_ms
 .time_critical.mutex_exit
                0x2000c690       0x28 CMakeFiles/C1ZZL3_web_midi_experimental.dir/Users/adrianvos/pico-sdk/src/common/pico_sync/mutex.c.o
                0x2000c690                mutex_exit
 .time_critical.flash_init_boot2_copyout
                0x2000c6b8       0x30 CMakeFiles/C1ZZL3_web_midi_experimental.dir/Users/adrianvos/pico-sdk/src/rp2_common/hardware_flash/flash.c.o
 .time_critical.flash_enable_xip_via_boot2
                0x2000c6e8        0xc CMakeFiles/C1ZZL3_web_midi_experimental.dir/Users/adrianvos/pico-sdk/src/rp2_common/hardware_flash/flash.c.o
 .time_critical.flash_save_hardware_state
                0x2000c6f4       0x20 CMakeFiles/C1ZZL3_web_midi_experimental.dir/Users/adrianvos/pico-sdk/src/rp2_common/hardware_flash/flash.c.o
 .time_critical.flash_restore_hardware_state
                0x2000c714       0x20 CMakeFiles/C1ZZL3_web_midi_experimental.dir/Users/adrianvos/pico-sdk/src/rp2_common/hardware_flash/flash.c.o
 .time_critical.flash_cs_force
                0x2000c734       0x38 CMakeFiles/C1ZZL3_web_midi_experimental.dir/Users/adrianvos/pico-sdk/src/rp2_common/hardware_flash/flash.c.o
 .time_critical.flash_range_erase
                0x2000c76c       0x90 CMakeFiles/C1ZZL3_web_midi_experimental.dir/Users/adrianvos/pico-sdk/src/rp2_common/hardware_flash/flash.c.o
                0x2000c76c                flash_range_erase
 .time_critical.flash_range_program
                0x2000c7fc       0x90 CMakeFiles/C1ZZL3_web_midi_experimental.dir/Users/adrianvos/pico-sdk/src/rp2_common/hardware_flash/flash.c.o
                0x2000c7fc                flash_range_program
 .time_critical.flash_do_cmd
                0x2000c88c      0x124 CMakeFiles/C1ZZL3_web_midi_experimental.dir/Users/adrianvos/pico-sdk/src/rp2_common/hardware_flash/flash.c.o
                0x2000c88c                flash_do_cmd
 .time_critical.reset_non_control_endpoints
                0x2000c9b0       0x68 CMakeFiles/C1ZZL3_web_midi_experimental.dir/Users/adrianvos/pico-sdk/lib/tinyusb/src/portable/raspberrypi/rp2040/dcd_rp2040.c.o
 .time_critical.hw_handle_buff_status
                0x2000ca18       0x88 CMakeFiles/C1ZZL3_web_midi_experimental.dir/Users/adrianvos/pico-sdk/lib/tinyusb/src/portable/raspberrypi/rp2040/dcd_rp2040.c.o
 .time_critical.dcd_rp2040_irq
                0x2000caa0      0x53c CMakeFiles/C1ZZL3_web_midi_experimental.dir/Users/adrianvos/pico-sdk/lib/tinyusb/src/portable/raspberrypi/rp2040/dcd_rp2040.c.o
 .time_critical.prepare_ep_buffer
                0x2000cfdc       0xc4 CMakeFiles/C1ZZL3_web_midi_experimental.dir/Users/adrianvos/pico-sdk/lib/tinyusb/src/portable/raspberrypi/rp2040/rp2040_usb.c.o
 .time_critical.sync_ep_buffer
                0x2000d0a0       0xa0 CMakeFiles/C1ZZL3_web_midi_experimental.dir/Users/adrianvos/pico-sdk/lib/tinyusb/src/portable/raspberrypi/rp2040/rp2040_usb.c.o
 .time_critical._hw_endpoint_xfer_sync
                0x2000d140       0x28 CMakeFiles/C1ZZL3_web_midi_experimental.dir/Users/adrianvos/pico-sdk/lib/tinyusb/src/portable/raspberrypi/rp2040/rp2040_usb.c.o
 .time_critical.e15_is_bulkin_ep
                0x2000d168       0x28 CMakeFiles/C1ZZL3_web_midi_experimental.dir/Users/adrianvos/pico-sdk/lib/tinyusb/src/portable/raspberrypi/rp2040/rp2040_usb.c.o
 .time_critical.e15_is_critical_frame_period
                0x2000d190       0x30 CMakeFiles/C1ZZL3_web_midi_experimental.dir/Users/adrianvos/pico-sdk/lib/tinyusb/src/portable/raspberrypi/rp2040/rp2040_usb.c.o
 .time_critical.hw_endpoint_reset_transfer
                0x2000d1c0        0xc CMakeFiles/C1ZZL3_web_midi_experimental.dir/Users/adrianvos/pico-sdk/lib/tinyusb/src/portable/raspberrypi/rp2040/rp2040_usb.c.o
                0x2000d1c0                hw_endpoint_reset_transfer
 .time_critical._hw_endpoint_buffer_control_update32
                0x2000d1cc       0x50 CMakeFiles/C1ZZL3_web_midi_experimental.dir/Users/adrianvos/pico-sdk/lib/tinyusb/src/portable/raspberrypi/rp2040/rp2040_usb.c.o
                0x2000d1cc                _hw_endpoint_buffer_control_update32
 .time_critical.hw_endpoint_start_next_buffer
                0x2000d21c       0x68 CMakeFiles/C1ZZL3_web_midi_experimental.dir/Users/adrianvos/pico-sdk/lib/tinyusb/src/portable/raspberrypi/rp2040/rp2040_usb.c.o
                0x2000d21c                hw_endpoint_start_next_buffer
 .time_critical.hw_endpoint_xfer_continue
                0x2000d284       0x40 CMakeFiles/C1ZZL3_web_midi_experimental.dir/Users/adrianvos/pico-sdk/lib/tinyusb/src/portable/raspberrypi/rp2040/rp2040_usb.c.o
                0x2000d284                hw_endpoint_xfer_continue
 .time_critical.tinyusb
                0x2000d2c4      0x1d4 CMakeFiles/C1ZZL3_web_midi_experimental.dir/Users/adrianvos/pico-sdk/lib/tinyusb/src/device/usbd.c.o
                0x2000d2c4                dcd_event_handler
 .time_critical.hw_xfer_complete
                0x2000d498       0x40 CMakeFiles/C1ZZL3_web_midi_experimental.dir/Users/adrianvos/pico-sdk/lib/tinyusb/src/portable/raspberrypi/rp2040/hcd_rp2040.c.o
 .time_critical.hw_trans_complete
                0x2000d4d8       0x20 CMakeFiles/C1ZZL3_web_midi_experimental.dir/Users/adrianvos/pico-sdk/lib/tinyusb/src/portable/raspberrypi/rp2040/hcd_rp2040.c.o
 .time_critical._handle_buff_status_bit
                0x2000d4f8       0x24 CMakeFiles/C1ZZL3_web_midi_experimental.dir/Users/adrianvos/pico-sdk/lib/tinyusb/src/portable/raspberrypi/rp2040/hcd_rp2040.c.o
 .time_critical.hw_handle_buff_status
                0x2000d51c       0x84 CMakeFiles/C1ZZL3_web_midi_experimental.dir/Users/adrianvos/pico-sdk/lib/tinyusb/src/portable/raspberrypi/rp2040/hcd_rp2040.c.o
 .time_critical.hcd_rp2040_irq
                0x2000d5a0      0x190 CMakeFiles/C1ZZL3_web_midi_experimental.dir/Users/adrianvos/pico-sdk/lib/tinyusb/src/portable/raspberrypi/rp2040/hcd_rp2040.c.o
 .time_critical.tinyusb
                0x2000d730       0x78 CMakeFiles/C1ZZL3_web_midi_experimental.dir/Users/adrianvos/pico-sdk/lib/tinyusb/src/host/usbh.c.o
                0x2000d730                hcd_event_handler
                0x2000d7a8                        . = ALIGN (0x4)
 *(.rodata*)
 .rodata._ZN6C1ZZL35oscCZERmllll
                0x2000d7a8       0x30 CMakeFiles/C1ZZL3_web_midi_experimental.dir/C1ZZL3.cpp.o
 .rodata._ZN6C1ZZL316outputSynthVoiceElllll
                0x2000d7d8       0x24 CMakeFiles/C1ZZL3_web_midi_experimental.dir/C1ZZL3.cpp.o
 .rodata._ZTV12ComputerCard
                0x2000d7fc        0xc CMakeFiles/C1ZZL3_web_midi_experimental.dir/C1ZZL3.cpp.o
                0x2000d7fc                vtable for ComputerCard
 .rodata._ZTV6C1ZZL3
                0x2000d808        0xc CMakeFiles/C1ZZL3_web_midi_experimental.dir/C1ZZL3.cpp.o
                0x2000d808                vtable for C1ZZL3
 .rodata._ZZN6C1ZZL314pitchFrequencyElE16SemitoneRatioQ15
                0x2000d814       0x34 CMakeFiles/C1ZZL3_web_midi_experimental.dir/C1ZZL3.cpp.o
                0x2000d814                C1ZZL3::pitchFrequency(long)::SemitoneRatioQ15
 .rodata._ZN12ComputerCard4ledsE
                0x2000d848        0x6 CMakeFiles/C1ZZL3_web_midi_experimental.dir/C1ZZL3.cpp.o
                0x2000d848                ComputerCard::leds
 *fill*         0x2000d84e        0x2 
 .rodata        0x2000d850      0x480 CMakeFiles/C1ZZL3_web_midi_experimental.dir/C1ZZL3.cpp.o
 .rodata.sineLUT
                0x2000dcd0      0x800 CMakeFiles/C1ZZL3_web_midi_experimental.dir/C1ZZL3_LUT.cpp.o
                0x2000dcd0                sineLUT
 .rodata.str1.4
                0x2000e4d0      0x1be CMakeFiles/C1ZZL3_web_midi_experimental.dir/usb_descriptors.c.o
                                 0x3c (size before relaxing)
 *fill*         0x2000e68e        0x2 
 .rodata.__compound_literal.0
                0x2000e690        0x2 CMakeFiles/C1ZZL3_web_midi_experimental.dir/usb_descriptors.c.o
 *fill*         0x2000e692        0x2 
 .rodata.desc_configuration
                0x2000e694       0x65 CMakeFiles/C1ZZL3_web_midi_experimental.dir/usb_descriptors.c.o
                0x2000e694                desc_configuration
 *fill*         0x2000e6f9        0x3 
 .rodata.desc_device
                0x2000e6fc       0x12 CMakeFiles/C1ZZL3_web_midi_experimental.dir/usb_descriptors.c.o
                0x2000e6fc                desc_device
 .rodata.panic.str1.4
                0x2000e70e        0x0 CMakeFiles/C1ZZL3_web_midi_experimental.dir/Users/adrianvos/pico-sdk/src/rp2_common/pico_platform_panic/panic.c.o
                                 0x12 (size before relaxing)
 .rodata.spin_lock_claim_unused.str1.4
                0x2000e70e        0x0 CMakeFiles/C1ZZL3_web_midi_experimental.dir/Users/adrianvos/pico-sdk/src/rp2_common/hardware_sync/sync.c.o
                                 0x1b (size before relaxing)
 .rodata.timer_hardware_alarm_claim.str1.4
                0x2000e70e        0x0 CMakeFiles/C1ZZL3_web_midi_experimental.dir/Users/adrianvos/pico-sdk/src/rp2_common/hardware_timer/timer.c.o
                                 0x22 (size before relaxing)
 .rodata.hard_assertion_failure.str1.4
                0x2000e70e        0x0 CMakeFiles/C1ZZL3_web_midi_experimental.dir/Users/adrianvos/pico-sdk/src/rp2_common/pico_runtime/runtime.c.o
                                  0xc (size before relaxing)
 .rodata.__wrap_malloc.str1.4
                0x2000e70e        0x0 CMakeFiles/C1ZZL3_web_midi_experimental.dir/Users/adrianvos/pico-sdk/src/rp2_common/pico_malloc/malloc.c.o
                                  0xe (size before relaxing)
 .rodata.str1.4
                0x2000e70e        0x0 CMakeFiles/C1ZZL3_web_midi_experimental.dir/Users/adrianvos/pico-sdk/src/rp2_common/pico_standard_binary_info/standard_binary_info.c.o
                                 0x54 (size before relaxing)
 *fill*         0x2000e70e        0x2 
 .rodata.__bi_84
                0x2000e710        0xc CMakeFiles/C1ZZL3_web_midi_experimental.dir/Users/adrianvos/pico-sdk/src/rp2_common/pico_standard_binary_info/standard_binary_info.c.o
 .rodata.__bi_78
                0x2000e71c        0xc CMakeFiles/C1ZZL3_web_midi_experimental.dir/Users/adrianvos/pico-sdk/src/rp2_common/pico_standard_binary_info/standard_binary_info.c.o
 .rodata.__bi_54
                0x2000e728        0xc CMakeFiles/C1ZZL3_web_midi_experimental.dir/Users/adrianvos/pico-sdk/src/rp2_common/pico_standard_binary_info/standard_binary_info.c.o
 .rodata.__bi_48
                0x2000e734        0xc CMakeFiles/C1ZZL3_web_midi_experimental.dir/Users/adrianvos/pico-sdk/src/rp2_common/pico_standard_binary_info/standard_binary_info.c.o
 .rodata.__bi_42
                0x2000e740        0xc CMakeFiles/C1ZZL3_web_midi_experimental.dir/Users/adrianvos/pico-sdk/src/rp2_common/pico_standard_binary_info/standard_binary_info.c.o
 .rodata.__bi_34
                0x2000e74c        0xc CMakeFiles/C1ZZL3_web_midi_experimental.dir/Users/adrianvos/pico-sdk/src/rp2_common/pico_standard_binary_info/standard_binary_info.c.o
 .rodata.__bi_26
                0x2000e758        0xc CMakeFiles/C1ZZL3_web_midi_experimental.dir/Users/adrianvos/pico-sdk/src/rp2_common/pico_standard_binary_info/standard_binary_info.c.o
 .rodata.crlf_str.0
                0x2000e764        0x2 CMakeFiles/C1ZZL3_web_midi_experimental.dir/Users/adrianvos/pico-sdk/src/rp2_common/pico_stdio/stdio.c.o
 .rodata.str1.4
                0x2000e766        0x0 CMakeFiles/C1ZZL3_web_midi_experimental.dir/Users/adrianvos/pico-sdk/lib/tinyusb/src/portable/raspberrypi/rp2040/dcd_rp2040.c.o
                                 0x14 (size before relaxing)
 .rodata.str1.4
                0x2000e766        0x0 CMakeFiles/C1ZZL3_web_midi_experimental.dir/Users/adrianvos/pico-sdk/lib/tinyusb/src/portable/raspberrypi/rp2040/rp2040_usb.c.o
                                 0x48 (size before relaxing)
 *fill*         0x2000e766        0x2 
 .rodata.tud_task_ext
                0x2000e768       0x8c CMakeFiles/C1ZZL3_web_midi_experimental.dir/Users/adrianvos/pico-sdk/lib/tinyusb/src/device/usbd.c.o
 .rodata        0x2000e7f4       0x1c CMakeFiles/C1ZZL3_web_midi_experimental.dir/Users/adrianvos/pico-sdk/lib/tinyusb/src/device/usbd.c.o
 .rodata._usbd_driver
                0x2000e810       0x20 CMakeFiles/C1ZZL3_web_midi_experimental.dir/Users/adrianvos/pico-sdk/lib/tinyusb/src/device/usbd.c.o
 .rodata.str1.4
                0x2000e830        0x0 CMakeFiles/C1ZZL3_web_midi_experimental.dir/Users/adrianvos/pico-sdk/lib/tinyusb/src/portable/raspberrypi/rp2040/hcd_rp2040.c.o
                                 0x40 (size before relaxing)
 .rodata.hcd_port_speed_get.str1.4
                0x2000e830        0x0 CMakeFiles/C1ZZL3_web_midi_experimental.dir/Users/adrianvos/pico-sdk/lib/tinyusb/src/portable/raspberrypi/rp2040/hcd_rp2040.c.o
                                  0xf (size before relaxing)
 .rodata.process_enumeration
                0x2000e830       0x34 CMakeFiles/C1ZZL3_web_midi_experimental.dir/Users/adrianvos/pico-sdk/lib/tinyusb/src/host/usbh.c.o
 .rodata.usbh_class_drivers
                0x2000e864       0x1c CMakeFiles/C1ZZL3_web_midi_experimental.dir/Users/adrianvos/pico-sdk/lib/tinyusb/src/host/usbh.c.o
 .rodata        0x2000e880        0x8 CMakeFiles/C1ZZL3_web_midi_experimental.dir/Users/adrianvos/pico-sdk/lib/tinyusb/src/host/hub.c.o
 .rodata.str1.4
                0x2000e888        0x0 CMakeFiles/C1ZZL3_web_midi_experimental.dir/Users/adrianvos/pico-sdk/lib/tinyusb/hw/bsp/rp2040/family.c.o
                                  0x4 (size before relaxing)
 .rodata.__bi_153.0
                0x2000e888        0xc CMakeFiles/C1ZZL3_web_midi_experimental.dir/Users/adrianvos/pico-sdk/lib/tinyusb/hw/bsp/rp2040/family.c.o
 .rodata.__bi_163.1
                0x2000e894        0x8 CMakeFiles/C1ZZL3_web_midi_experimental.dir/Users/adrianvos/pico-sdk/lib/tinyusb/hw/bsp/rp2040/family.c.o
 .rodata.dma_claim_unused_channel.str1.4
                0x2000e89c        0x0 CMakeFiles/C1ZZL3_web_midi_experimental.dir/Users/adrianvos/pico-sdk/src/rp2_common/hardware_dma/dma.c.o
                                 0x1e (size before relaxing)
                0x2000e89c                        . = ALIGN (0x4)
 *(.data*)
 .data._ZL19hostMidiOutputCable
                0x2000e89c        0x1 CMakeFiles/C1ZZL3_web_midi_experimental.dir/C1ZZL3.cpp.o
 *fill*         0x2000e89d        0x3 
 .data._ZZN12ComputerCard10BufferFullEvE14startupCounter
                0x2000e8a0        0x4 CMakeFiles/C1ZZL3_web_midi_experimental.dir/C1ZZL3.cpp.o
 .data._ZZN12ComputerCard15next_norm_probeEvE8lcg_seed
                0x2000e8a4        0x4 CMakeFiles/C1ZZL3_web_midi_experimental.dir/C1ZZL3.cpp.o
 .data._ZN12ComputerCard7cvValueE
                0x2000e8a8        0x8 CMakeFiles/C1ZZL3_web_midi_experimental.dir/C1ZZL3.cpp.o
                0x2000e8a8                ComputerCard::cvValue
 .data.string_desc_arr
                0x2000e8b0       0x10 CMakeFiles/C1ZZL3_web_midi_experimental.dir/usb_descriptors.c.o
                0x2000e8b0                string_desc_arr
 .data.midih_limits
                0x2000e8c0        0xc CMakeFiles/C1ZZL3_web_midi_experimental.dir/usb_midi_host.c.o
 .data.host_driver.0
                0x2000e8cc       0x1c CMakeFiles/C1ZZL3_web_midi_experimental.dir/usb_midi_host_app_driver.c.o
 .data.striped_spin_lock_num
                0x2000e8e8        0x1 CMakeFiles/C1ZZL3_web_midi_experimental.dir/Users/adrianvos/pico-sdk/src/rp2_common/hardware_sync/sync.c.o
 *fill*         0x2000e8e9        0x3 
 .data          0x2000e8ec       0x48 CMakeFiles/C1ZZL3_web_midi_experimental.dir/Users/adrianvos/pico-sdk/src/rp2_common/hardware_irq/irq_handler_chain.S.o
                0x2000e8ec                irq_handler_chain_slots
                0x2000e91c                irq_handler_chain_first_slot
                0x2000e926                irq_handler_chain_remove_tail
 .data.default_alarm_pool
                0x2000e934       0x18 CMakeFiles/C1ZZL3_web_midi_experimental.dir/Users/adrianvos/pico-sdk/src/common/pico_time/time.c.o
 *fill*         0x2000e94c        0x4 
 .data.aeabi_bits_funcs
                0x2000e950       0x10 CMakeFiles/C1ZZL3_web_midi_experimental.dir/Users/adrianvos/pico-sdk/src/rp2_common/pico_bit_ops/bit_ops_aeabi.S.o
                0x2000e950                aeabi_bits_funcs
                0x2000e960                aeabi_bits_funcs_end
 .data.aeabi_mem_funcs
                0x2000e960       0x10 CMakeFiles/C1ZZL3_web_midi_experimental.dir/Users/adrianvos/pico-sdk/src/rp2_common/pico_mem_ops/mem_ops_aeabi.S.o
                0x2000e960                aeabi_mem_funcs
                0x2000e970                aeabi_mem_funcs_end
 .data._usbd_qdef
                0x2000e970       0x1c CMakeFiles/C1ZZL3_web_midi_experimental.dir/Users/adrianvos/pico-sdk/lib/tinyusb/src/device/usbd.c.o
                0x2000e970                _usbd_qdef
 .data._usbd_rhport
                0x2000e98c        0x1 CMakeFiles/C1ZZL3_web_midi_experimental.dir/Users/adrianvos/pico-sdk/lib/tinyusb/src/device/usbd.c.o
 *fill*         0x2000e98d        0x3 
 .data._usbh_qdef
                0x2000e990       0x1c CMakeFiles/C1ZZL3_web_midi_experimental.dir/Users/adrianvos/pico-sdk/lib/tinyusb/src/host/usbh.c.o
                0x2000e990                _usbh_qdef
 .data._usbh_controller
                0x2000e9ac        0x1 CMakeFiles/C1ZZL3_web_midi_experimental.dir/Users/adrianvos/pico-sdk/lib/tinyusb/src/host/usbh.c.o
 *fill*         0x2000e9ad        0x3 
 .data.i2c0_inst
                0x2000e9b0        0x8 CMakeFiles/C1ZZL3_web_midi_experimental.dir/Users/adrianvos/pico-sdk/src/rp2_common/hardware_i2c/i2c.c.o
                0x2000e9b0                i2c0_inst
 .data.__malloc_sbrk_base
                0x2000e9b8        0x4 /Applications/ArmGNUToolchain/15.2.rel1/arm-none-eabi/bin/../lib/gcc/arm-none-eabi/15.2.1/../../../../arm-none-eabi/lib/thumb/v6-m/nofp/libg.a(libc_a-mallocr.o)
                0x2000e9b8                __malloc_sbrk_base
 .data.__malloc_trim_threshold
                0x2000e9bc        0x4 /Applications/ArmGNUToolchain/15.2.rel1/arm-none-eabi/bin/../lib/gcc/arm-none-eabi/15.2.1/../../../../arm-none-eabi/lib/thumb/v6-m/nofp/libg.a(libc_a-mallocr.o)
                0x2000e9bc                __malloc_trim_threshold
 .data.__malloc_av_
                0x2000e9c0      0x408 /Applications/ArmGNUToolchain/15.2.rel1/arm-none-eabi/bin/../lib/gcc/arm-none-eabi/15.2.1/../../../../arm-none-eabi/lib/thumb/v6-m/nofp/libg.a(libc_a-mallocr.o)
                0x2000e9c0                __malloc_av_
 .data._impure_ptr
                0x2000edc8        0x4 /Applications/ArmGNUToolchain/15.2.rel1/arm-none-eabi/bin/../lib/gcc/arm-none-eabi/15.2.1/../../../../arm-none-eabi/lib/thumb/v6-m/nofp/libg.a(libc_a-impure.o)
                0x2000edc8                _impure_ptr
 *fill*         0x2000edcc        0x4 
 .data._impure_data
                0x2000edd0      0x200 /Applications/ArmGNUToolchain/15.2.rel1/arm-none-eabi/bin/../lib/gcc/arm-none-eabi/15.2.1/../../../../arm-none-eabi/lib/thumb/v6-m/nofp/libg.a(libc_a-impure.o)
                0x2000edd0                _impure_data
                0x2000efd0                        . = ALIGN (0x4)
 *(.after_data.*)
                0x2000efd0                        . = ALIGN (0x4)
                0x2000efd0                        PROVIDE (__mutex_array_start = .)
 *(SORT_BY_NAME(.mutex_array.*))
 *(.mutex_array)
 .mutex_array   0x2000efd0        0x8 CMakeFiles/C1ZZL3_web_midi_experimental.dir/Users/adrianvos/pico-sdk/src/rp2_common/pico_malloc/malloc.c.o
 .mutex_array   0x2000efd8        0x8 CMakeFiles/C1ZZL3_web_midi_experimental.dir/Users/adrianvos/pico-sdk/src/rp2_common/pico_stdio/stdio.c.o
                0x2000efe0                        PROVIDE (__mutex_array_end = .)
                0x2000efe0                        . = ALIGN (0x4)
                0x2000efe0                        PROVIDE (__preinit_array_start = .)
 *(SORT_BY_NAME(.preinit_array.*))
 .preinit_array.00100
                0x2000efe0        0x4 CMakeFiles/C1ZZL3_web_midi_experimental.dir/Users/adrianvos/pico-sdk/src/rp2_common/pico_runtime_init/runtime_init.c.o
                0x2000efe0                __pre_init_runtime_init_early_resets
 .preinit_array.00101
                0x2000efe4        0x4 CMakeFiles/C1ZZL3_web_midi_experimental.dir/Users/adrianvos/pico-sdk/src/rp2_common/pico_runtime_init/runtime_init.c.o
                0x2000efe4                __pre_init_runtime_init_usb_power_down
 .preinit_array.00275
                0x2000efe8        0x4 CMakeFiles/C1ZZL3_web_midi_experimental.dir/Users/adrianvos/pico-sdk/src/rp2_common/pico_bit_ops/bit_ops_aeabi.S.o
 .preinit_array.00300
                0x2000efec        0x4 CMakeFiles/C1ZZL3_web_midi_experimental.dir/Users/adrianvos/pico-sdk/src/rp2_common/pico_mem_ops/mem_ops_aeabi.S.o
 .preinit_array.00350
                0x2000eff0        0x4 CMakeFiles/C1ZZL3_web_midi_experimental.dir/Users/adrianvos/pico-sdk/src/rp2_common/pico_double/double_aeabi_rp2040.S.o
 .preinit_array.00350
                0x2000eff4        0x4 CMakeFiles/C1ZZL3_web_midi_experimental.dir/Users/adrianvos/pico-sdk/src/rp2_common/pico_float/float_aeabi_rp2040.S.o
 .preinit_array.00500
                0x2000eff8        0x4 CMakeFiles/C1ZZL3_web_midi_experimental.dir/Users/adrianvos/pico-sdk/src/rp2_common/pico_runtime_init/runtime_init.c.o
                0x2000eff8                __pre_init_runtime_init_clocks
 .preinit_array.00600
                0x2000effc        0x4 CMakeFiles/C1ZZL3_web_midi_experimental.dir/Users/adrianvos/pico-sdk/src/rp2_common/pico_runtime_init/runtime_init.c.o
                0x2000effc                __pre_init_runtime_init_post_clock_resets
 .preinit_array.00700
                0x2000f000        0x4 CMakeFiles/C1ZZL3_web_midi_experimental.dir/Users/adrianvos/pico-sdk/src/rp2_common/pico_runtime_init/runtime_init.c.o
                0x2000f000                __pre_init_runtime_init_rp2040_gpio_ie_disable
 .preinit_array.01000
                0x2000f004        0x4 CMakeFiles/C1ZZL3_web_midi_experimental.dir/Users/adrianvos/pico-sdk/src/rp2_common/pico_runtime_init/runtime_init.c.o
                0x2000f004                __pre_init_runtime_init_spin_locks_reset
 .preinit_array.01100
                0x2000f008        0x4 CMakeFiles/C1ZZL3_web_midi_experimental.dir/Users/adrianvos/pico-sdk/src/common/pico_sync/mutex.c.o
                0x2000f008                __pre_init_runtime_init_mutex
 .preinit_array.10080
                0x2000f00c        0x4 CMakeFiles/C1ZZL3_web_midi_experimental.dir/Users/adrianvos/pico-sdk/src/rp2_common/pico_runtime_init/runtime_init.c.o
                0x2000f00c                __pre_init_runtime_init_install_ram_vector_table
 .preinit_array.11000
                0x2000f010        0x4 CMakeFiles/C1ZZL3_web_midi_experimental.dir/Users/adrianvos/pico-sdk/src/common/pico_time/time.c.o
                0x2000f010                __pre_init_runtime_init_default_alarm_pool
 .preinit_array.YYYYY
                0x2000f014        0x4 CMakeFiles/C1ZZL3_web_midi_experimental.dir/Users/adrianvos/pico-sdk/src/rp2_common/pico_runtime/runtime.c.o
                0x2000f014                __pre_init_first_per_core_initializer
 .preinit_array.ZZZZZ.01200
                0x2000f018        0x4 CMakeFiles/C1ZZL3_web_midi_experimental.dir/Users/adrianvos/pico-sdk/src/rp2_common/hardware_irq/irq.c.o
                0x2000f018                __pre_init_runtime_init_per_core_irq_priorities
 *(.preinit_array)
                0x2000f01c                        PROVIDE (__preinit_array_end = .)
                0x2000f01c                        . = ALIGN (0x4)
                0x2000f01c                        PROVIDE (__init_array_start = .)
 *(SORT_BY_NAME(.init_array.*))
 .init_array.01000
                0x2000f01c        0x4 CMakeFiles/C1ZZL3_web_midi_experimental.dir/Users/adrianvos/pico-sdk/src/rp2_common/pico_unique_id/unique_id.c.o
 *(.init_array)
 .init_array    0x2000f020        0x4 /Applications/ArmGNUToolchain/15.2.rel1/arm-none-eabi/bin/../lib/gcc/arm-none-eabi/15.2.1/thumb/v6-m/nofp/crtbegin.o
 .init_array    0x2000f024        0x4 CMakeFiles/C1ZZL3_web_midi_experimental.dir/C1ZZL3.cpp.o
                0x2000f028                        PROVIDE (__init_array_end = .)
                0x2000f028                        . = ALIGN (0x4)
                [!provide]                        PROVIDE (__fini_array_start = .)
 *(SORT_BY_NAME(.fini_array.*))
 *(.fini_array)